2026-05-21 17:23:57,764 INFO: Job phase1_qwen2_7b started.  Input: /scratch/gpfs/JORDANAT/mg9965/PromptControlText/artifacts/phase1_results_qwen2_7b.csv
2026-05-21 17:24:00,590 INFO: Loaded 242640 rows from /scratch/gpfs/JORDANAT/mg9965/PromptControlText/artifacts/phase1_results_qwen2_7b.csv
2026-05-21 17:24:00,591 INFO: Resuming: 0 rows already complete.
2026-05-21 17:24:09,741 INFO: 242640 rows to process.
2026-05-21 17:26:36,372 INFO: Progress: 500 / 242640 rows processed.
2026-05-21 17:28:17,407 INFO: Progress: 1000 / 242640 rows processed.
2026-05-21 17:30:05,633 INFO: Progress: 1500 / 242640 rows processed.
2026-05-21 17:31:24,088 INFO: Progress: 2000 / 242640 rows processed.
2026-05-21 17:32:40,802 INFO: Progress: 2500 / 242640 rows processed.
2026-05-21 17:33:42,763 INFO: Progress: 3000 / 242640 rows processed.
2026-05-21 17:35:13,808 INFO: Progress: 3500 / 242640 rows processed.
2026-05-21 17:36:59,937 INFO: Progress: 4000 / 242640 rows processed.
2026-05-21 17:38:47,542 INFO: Progress: 4500 / 242640 rows processed.
2026-05-21 17:40:40,278 INFO: Progress: 5000 / 242640 rows processed.
2026-05-21 17:42:06,657 INFO: Progress: 5500 / 242640 rows processed.
2026-05-21 17:43:14,155 INFO: Progress: 6000 / 242640 rows processed.
2026-05-21 17:44:28,408 INFO: Progress: 6500 / 242640 rows processed.
2026-05-21 17:45:35,566 INFO: Progress: 7000 / 242640 rows processed.
2026-05-21 17:47:28,403 INFO: Progress: 7500 / 242640 rows processed.
2026-05-21 17:49:15,824 INFO: Progress: 8000 / 242640 rows processed.
2026-05-21 17:51:04,608 INFO: Progress: 8500 / 242640 rows processed.
2026-05-21 17:52:44,377 INFO: Progress: 9000 / 242640 rows processed.
2026-05-21 17:54:04,278 INFO: Progress: 9500 / 242640 rows processed.
2026-05-21 17:55:15,655 INFO: Progress: 10000 / 242640 rows processed.
2026-05-21 17:56:48,784 INFO: Progress: 10500 / 242640 rows processed.
2026-05-21 17:58:28,359 INFO: Progress: 11000 / 242640 rows processed.
2026-05-21 18:00:06,301 INFO: Progress: 11500 / 242640 rows processed.
2026-05-21 18:01:45,634 INFO: Progress: 12000 / 242640 rows processed.
2026-05-21 18:03:34,062 INFO: Progress: 12500 / 242640 rows processed.
2026-05-21 18:04:36,565 INFO: Progress: 13000 / 242640 rows processed.
2026-05-21 18:05:53,035 INFO: Progress: 13500 / 242640 rows processed.
2026-05-21 18:06:54,521 INFO: Progress: 14000 / 242640 rows processed.
2026-05-21 18:08:05,106 INFO: Progress: 14500 / 242640 rows processed.
2026-05-21 18:09:22,206 INFO: Progress: 15000 / 242640 rows processed.
2026-05-21 18:10:33,493 INFO: Progress: 15500 / 242640 rows processed.
2026-05-21 18:11:41,082 INFO: Progress: 16000 / 242640 rows processed.
2026-05-21 18:12:51,573 INFO: Progress: 16500 / 242640 rows processed.
2026-05-21 18:14:05,364 INFO: Progress: 17000 / 242640 rows processed.
2026-05-21 18:15:09,241 INFO: Progress: 17500 / 242640 rows processed.
2026-05-21 18:16:26,620 INFO: Progress: 18000 / 242640 rows processed.
2026-05-21 18:17:56,906 INFO: Progress: 18500 / 242640 rows processed.
2026-05-21 18:19:46,421 INFO: Progress: 19000 / 242640 rows processed.
2026-05-21 18:21:30,515 INFO: Progress: 19500 / 242640 rows processed.
2026-05-21 18:23:04,787 INFO: Progress: 20000 / 242640 rows processed.
2026-05-21 18:24:46,247 INFO: Progress: 20500 / 242640 rows processed.
2026-05-21 18:26:17,639 INFO: Progress: 21000 / 242640 rows processed.
2026-05-21 18:27:45,202 INFO: Progress: 21500 / 242640 rows processed.
2026-05-21 18:29:24,651 INFO: Progress: 22000 / 242640 rows processed.
2026-05-21 18:31:04,562 INFO: Progress: 22500 / 242640 rows processed.
2026-05-21 18:32:45,951 INFO: Progress: 23000 / 242640 rows processed.
2026-05-21 18:34:39,134 INFO: Progress: 23500 / 242640 rows processed.
2026-05-21 18:36:11,315 INFO: Progress: 24000 / 242640 rows processed.
2026-05-21 18:37:31,922 INFO: Progress: 24500 / 242640 rows processed.
2026-05-21 18:38:57,611 INFO: Progress: 25000 / 242640 rows processed.
2026-05-21 18:40:31,561 INFO: Progress: 25500 / 242640 rows processed.
2026-05-21 18:41:50,807 INFO: Progress: 26000 / 242640 rows processed.
2026-05-21 18:43:05,394 INFO: Progress: 26500 / 242640 rows processed.
2026-05-21 18:44:13,066 INFO: Progress: 27000 / 242640 rows processed.
2026-05-21 18:45:31,681 INFO: Progress: 27500 / 242640 rows processed.
2026-05-21 18:46:31,802 INFO: Progress: 28000 / 242640 rows processed.
2026-05-21 18:47:41,255 INFO: Progress: 28500 / 242640 rows processed.
2026-05-21 18:48:55,866 INFO: Progress: 29000 / 242640 rows processed.
2026-05-21 18:49:59,974 INFO: Progress: 29500 / 242640 rows processed.
2026-05-21 18:51:14,656 INFO: Progress: 30000 / 242640 rows processed.
2026-05-21 18:52:28,049 INFO: Progress: 30500 / 242640 rows processed.
2026-05-21 18:53:57,862 INFO: Progress: 31000 / 242640 rows processed.
2026-05-21 18:55:40,890 INFO: Progress: 31500 / 242640 rows processed.
2026-05-21 18:57:21,038 INFO: Progress: 32000 / 242640 rows processed.
2026-05-21 18:58:36,920 INFO: Progress: 32500 / 242640 rows processed.
2026-05-21 18:59:32,216 INFO: Progress: 33000 / 242640 rows processed.
2026-05-21 19:00:43,867 INFO: Progress: 33500 / 242640 rows processed.
2026-05-21 19:01:36,051 INFO: Progress: 34000 / 242640 rows processed.
2026-05-21 19:02:59,696 INFO: Progress: 34500 / 242640 rows processed.
2026-05-21 19:05:05,535 INFO: Progress: 35000 / 242640 rows processed.
2026-05-21 19:06:35,963 INFO: Progress: 35500 / 242640 rows processed.
2026-05-21 19:08:39,883 INFO: Progress: 36000 / 242640 rows processed.
2026-05-21 19:10:11,731 INFO: Progress: 36500 / 242640 rows processed.
2026-05-21 19:11:20,937 INFO: Progress: 37000 / 242640 rows processed.
2026-05-21 19:12:29,417 INFO: Progress: 37500 / 242640 rows processed.
2026-05-21 19:13:39,369 INFO: Progress: 38000 / 242640 rows processed.
2026-05-21 19:14:49,658 INFO: Progress: 38500 / 242640 rows processed.
2026-05-21 19:16:03,539 INFO: Progress: 39000 / 242640 rows processed.
2026-05-21 19:17:26,124 INFO: Progress: 39500 / 242640 rows processed.
2026-05-21 19:18:26,555 INFO: Progress: 40000 / 242640 rows processed.
2026-05-21 19:19:21,658 INFO: Progress: 40500 / 242640 rows processed.
2026-05-21 19:20:26,006 INFO: Progress: 41000 / 242640 rows processed.
2026-05-21 19:21:26,259 INFO: Progress: 41500 / 242640 rows processed.
2026-05-21 19:22:21,719 INFO: Progress: 42000 / 242640 rows processed.
2026-05-21 19:23:19,368 INFO: Progress: 42500 / 242640 rows processed.
2026-05-21 19:24:36,102 INFO: Progress: 43000 / 242640 rows processed.
2026-05-21 19:25:47,448 INFO: Progress: 43500 / 242640 rows processed.
2026-05-21 19:27:02,934 INFO: Progress: 44000 / 242640 rows processed.
2026-05-21 19:28:01,734 INFO: Progress: 44500 / 242640 rows processed.
2026-05-21 19:29:04,189 INFO: Progress: 45000 / 242640 rows processed.
2026-05-21 19:30:21,150 INFO: Progress: 45500 / 242640 rows processed.
2026-05-21 19:31:39,515 INFO: Progress: 46000 / 242640 rows processed.
2026-05-21 19:32:45,714 INFO: Progress: 46500 / 242640 rows processed.
2026-05-21 19:34:30,536 INFO: Progress: 47000 / 242640 rows processed.
2026-05-21 19:36:06,193 INFO: Progress: 47500 / 242640 rows processed.
2026-05-21 19:37:38,054 INFO: Progress: 48000 / 242640 rows processed.
2026-05-21 19:39:09,940 INFO: Progress: 48500 / 242640 rows processed.
2026-05-21 19:40:44,900 INFO: Progress: 49000 / 242640 rows processed.
2026-05-21 19:42:18,624 INFO: Progress: 49500 / 242640 rows processed.
2026-05-21 19:43:55,059 INFO: Progress: 50000 / 242640 rows processed.
2026-05-21 19:45:47,916 INFO: Progress: 50500 / 242640 rows processed.
2026-05-21 19:47:53,651 INFO: Progress: 51000 / 242640 rows processed.
2026-05-21 19:49:59,962 INFO: Progress: 51500 / 242640 rows processed.
2026-05-21 19:52:08,629 INFO: Progress: 52000 / 242640 rows processed.
2026-05-21 19:54:14,052 INFO: Progress: 52500 / 242640 rows processed.
2026-05-21 19:56:22,230 INFO: Progress: 53000 / 242640 rows processed.
2026-05-21 19:58:31,812 INFO: Progress: 53500 / 242640 rows processed.
2026-05-21 20:00:21,145 INFO: Progress: 54000 / 242640 rows processed.
2026-05-21 20:01:31,083 INFO: Progress: 54500 / 242640 rows processed.
2026-05-21 20:03:02,666 INFO: Progress: 55000 / 242640 rows processed.
2026-05-21 20:05:03,018 INFO: Progress: 55500 / 242640 rows processed.
2026-05-21 20:06:24,898 INFO: Progress: 56000 / 242640 rows processed.
2026-05-21 20:07:33,640 INFO: Progress: 56500 / 242640 rows processed.
2026-05-21 20:08:45,284 INFO: Progress: 57000 / 242640 rows processed.
2026-05-21 20:09:47,297 INFO: Progress: 57500 / 242640 rows processed.
2026-05-21 20:11:07,014 INFO: Progress: 58000 / 242640 rows processed.
2026-05-21 20:12:31,551 INFO: Progress: 58500 / 242640 rows processed.
2026-05-21 20:13:38,287 INFO: Progress: 59000 / 242640 rows processed.
2026-05-21 20:15:33,383 INFO: Progress: 59500 / 242640 rows processed.
2026-05-21 20:16:42,005 INFO: Progress: 60000 / 242640 rows processed.
2026-05-21 20:17:46,769 INFO: Progress: 60500 / 242640 rows processed.
2026-05-21 20:19:36,825 INFO: Progress: 61000 / 242640 rows processed.
2026-05-21 20:20:59,852 INFO: Progress: 61500 / 242640 rows processed.
2026-05-21 20:22:09,527 INFO: Progress: 62000 / 242640 rows processed.
2026-05-21 20:23:17,592 INFO: Progress: 62500 / 242640 rows processed.
2026-05-21 20:24:31,052 INFO: Progress: 63000 / 242640 rows processed.
2026-05-21 20:25:36,148 INFO: Progress: 63500 / 242640 rows processed.
2026-05-21 20:27:00,417 INFO: Progress: 64000 / 242640 rows processed.
2026-05-21 20:28:20,878 INFO: Progress: 64500 / 242640 rows processed.
2026-05-21 20:29:34,827 INFO: Progress: 65000 / 242640 rows processed.
2026-05-21 20:30:46,540 INFO: Progress: 65500 / 242640 rows processed.
2026-05-21 20:31:52,442 INFO: Progress: 66000 / 242640 rows processed.
2026-05-21 20:33:12,418 INFO: Progress: 66500 / 242640 rows processed.
2026-05-21 20:34:21,913 INFO: Progress: 67000 / 242640 rows processed.
2026-05-21 20:35:27,291 INFO: Progress: 67500 / 242640 rows processed.
2026-05-21 20:36:30,195 INFO: Progress: 68000 / 242640 rows processed.
2026-05-21 20:37:33,662 INFO: Progress: 68500 / 242640 rows processed.
2026-05-21 20:38:44,043 INFO: Progress: 69000 / 242640 rows processed.
2026-05-21 20:39:55,314 INFO: Progress: 69500 / 242640 rows processed.
2026-05-21 20:41:19,139 INFO: Progress: 70000 / 242640 rows processed.
2026-05-21 20:42:24,116 INFO: Progress: 70500 / 242640 rows processed.
2026-05-21 20:43:52,939 INFO: Progress: 71000 / 242640 rows processed.
2026-05-21 20:45:23,458 INFO: Progress: 71500 / 242640 rows processed.
2026-05-21 20:46:40,083 INFO: Progress: 72000 / 242640 rows processed.
2026-05-21 20:47:43,616 INFO: Progress: 72500 / 242640 rows processed.
2026-05-21 20:48:40,877 INFO: Progress: 73000 / 242640 rows processed.
2026-05-21 20:49:52,510 INFO: Progress: 73500 / 242640 rows processed.
2026-05-21 20:51:00,387 INFO: Progress: 74000 / 242640 rows processed.
2026-05-21 20:52:16,371 INFO: Progress: 74500 / 242640 rows processed.
2026-05-21 20:53:28,631 INFO: Progress: 75000 / 242640 rows processed.
2026-05-21 20:54:33,974 INFO: Progress: 75500 / 242640 rows processed.
2026-05-21 20:55:48,639 INFO: Progress: 76000 / 242640 rows processed.
2026-05-21 20:56:50,493 INFO: Progress: 76500 / 242640 rows processed.
2026-05-21 20:58:13,935 INFO: Progress: 77000 / 242640 rows processed.
2026-05-21 20:59:25,997 INFO: Progress: 77500 / 242640 rows processed.
2026-05-21 21:00:30,181 INFO: Progress: 78000 / 242640 rows processed.
2026-05-21 21:01:44,788 INFO: Progress: 78500 / 242640 rows processed.
2026-05-21 21:02:59,249 INFO: Progress: 79000 / 242640 rows processed.
2026-05-21 21:04:02,968 INFO: Progress: 79500 / 242640 rows processed.
2026-05-21 21:05:20,552 INFO: Progress: 80000 / 242640 rows processed.
2026-05-21 21:06:39,430 INFO: Progress: 80500 / 242640 rows processed.
2026-05-21 21:08:00,588 INFO: Progress: 81000 / 242640 rows processed.
2026-05-21 21:09:18,878 INFO: Progress: 81500 / 242640 rows processed.
2026-05-21 21:10:23,958 INFO: Progress: 82000 / 242640 rows processed.
2026-05-21 21:11:28,062 INFO: Progress: 82500 / 242640 rows processed.
2026-05-21 21:12:36,382 INFO: Progress: 83000 / 242640 rows processed.
2026-05-21 21:13:49,631 INFO: Progress: 83500 / 242640 rows processed.
2026-05-21 21:14:56,357 INFO: Progress: 84000 / 242640 rows processed.
2026-05-21 21:16:04,971 INFO: Progress: 84500 / 242640 rows processed.
2026-05-21 21:17:15,117 INFO: Progress: 85000 / 242640 rows processed.
2026-05-21 21:18:25,096 INFO: Progress: 85500 / 242640 rows processed.
2026-05-21 21:19:34,978 INFO: Progress: 86000 / 242640 rows processed.
2026-05-21 21:20:48,449 INFO: Progress: 86500 / 242640 rows processed.
2026-05-21 21:21:56,388 INFO: Progress: 87000 / 242640 rows processed.
2026-05-21 21:23:11,443 INFO: Progress: 87500 / 242640 rows processed.
2026-05-21 21:24:19,665 INFO: Progress: 88000 / 242640 rows processed.
2026-05-21 21:25:27,415 INFO: Progress: 88500 / 242640 rows processed.
2026-05-21 21:26:33,471 INFO: Progress: 89000 / 242640 rows processed.
2026-05-21 21:27:42,637 INFO: Progress: 89500 / 242640 rows processed.
2026-05-21 21:28:51,844 INFO: Progress: 90000 / 242640 rows processed.
2026-05-21 21:30:02,296 INFO: Progress: 90500 / 242640 rows processed.
2026-05-21 21:31:19,411 INFO: Progress: 91000 / 242640 rows processed.
2026-05-21 21:32:30,888 INFO: Progress: 91500 / 242640 rows processed.
2026-05-21 21:33:39,631 INFO: Progress: 92000 / 242640 rows processed.
2026-05-21 21:34:43,411 INFO: Progress: 92500 / 242640 rows processed.
2026-05-21 21:35:54,817 INFO: Progress: 93000 / 242640 rows processed.
2026-05-21 21:37:11,523 INFO: Progress: 93500 / 242640 rows processed.
2026-05-21 21:38:24,113 INFO: Progress: 94000 / 242640 rows processed.
2026-05-21 21:39:28,795 INFO: Progress: 94500 / 242640 rows processed.
2026-05-21 21:40:39,137 INFO: Progress: 95000 / 242640 rows processed.
2026-05-21 21:41:53,025 INFO: Progress: 95500 / 242640 rows processed.
2026-05-21 21:42:57,381 INFO: Progress: 96000 / 242640 rows processed.
2026-05-21 21:43:53,321 INFO: Progress: 96500 / 242640 rows processed.
2026-05-21 21:44:54,274 INFO: Progress: 97000 / 242640 rows processed.
2026-05-21 21:46:06,498 INFO: Progress: 97500 / 242640 rows processed.
2026-05-21 21:47:12,235 INFO: Progress: 98000 / 242640 rows processed.
2026-05-21 21:48:31,716 INFO: Progress: 98500 / 242640 rows processed.
2026-05-21 21:49:46,782 INFO: Progress: 99000 / 242640 rows processed.
2026-05-21 21:50:58,008 INFO: Progress: 99500 / 242640 rows processed.
2026-05-21 21:52:19,875 INFO: Progress: 100000 / 242640 rows processed.
2026-05-21 21:53:23,075 INFO: Progress: 100500 / 242640 rows processed.
2026-05-21 21:54:42,334 INFO: Progress: 101000 / 242640 rows processed.
2026-05-21 21:55:58,829 INFO: Progress: 101500 / 242640 rows processed.
2026-05-21 21:57:08,651 INFO: Progress: 102000 / 242640 rows processed.
2026-05-21 21:58:04,584 INFO: Progress: 102500 / 242640 rows processed.
2026-05-21 21:59:17,972 INFO: Progress: 103000 / 242640 rows processed.
2026-05-21 22:00:29,295 INFO: Progress: 103500 / 242640 rows processed.
2026-05-21 22:01:38,301 INFO: Progress: 104000 / 242640 rows processed.
2026-05-21 22:02:44,900 INFO: Progress: 104500 / 242640 rows processed.
2026-05-21 22:03:47,870 INFO: Progress: 105000 / 242640 rows processed.
2026-05-21 22:05:03,785 INFO: Progress: 105500 / 242640 rows processed.
2026-05-21 22:06:12,497 INFO: Progress: 106000 / 242640 rows processed.
2026-05-21 22:07:31,088 INFO: Progress: 106500 / 242640 rows processed.
2026-05-21 22:08:42,331 INFO: Progress: 107000 / 242640 rows processed.
2026-05-21 22:09:50,345 INFO: Progress: 107500 / 242640 rows processed.
2026-05-21 22:11:03,953 INFO: Progress: 108000 / 242640 rows processed.
2026-05-21 22:12:08,906 INFO: Progress: 108500 / 242640 rows processed.
2026-05-21 22:13:15,593 INFO: Progress: 109000 / 242640 rows processed.
2026-05-21 22:14:21,186 INFO: Progress: 109500 / 242640 rows processed.
2026-05-21 22:15:31,264 INFO: Progress: 110000 / 242640 rows processed.
2026-05-21 22:16:42,144 INFO: Progress: 110500 / 242640 rows processed.
2026-05-21 22:17:53,183 INFO: Progress: 111000 / 242640 rows processed.
2026-05-21 22:19:03,651 INFO: Progress: 111500 / 242640 rows processed.
2026-05-21 22:20:08,266 INFO: Progress: 112000 / 242640 rows processed.
2026-05-21 22:21:16,024 INFO: Progress: 112500 / 242640 rows processed.
2026-05-21 22:22:30,366 INFO: Progress: 113000 / 242640 rows processed.
2026-05-21 22:23:46,461 INFO: Progress: 113500 / 242640 rows processed.
2026-05-21 22:24:54,467 INFO: Progress: 114000 / 242640 rows processed.
2026-05-21 22:25:59,747 INFO: Progress: 114500 / 242640 rows processed.
2026-05-21 22:27:17,545 INFO: Progress: 115000 / 242640 rows processed.
2026-05-21 22:28:32,115 INFO: Progress: 115500 / 242640 rows processed.
2026-05-21 22:29:57,711 INFO: Progress: 116000 / 242640 rows processed.
2026-05-21 22:31:11,617 INFO: Progress: 116500 / 242640 rows processed.
2026-05-21 22:32:35,970 INFO: Progress: 117000 / 242640 rows processed.
2026-05-21 22:33:41,301 INFO: Progress: 117500 / 242640 rows processed.
2026-05-21 22:34:54,386 INFO: Progress: 118000 / 242640 rows processed.
2026-05-21 22:36:07,671 INFO: Progress: 118500 / 242640 rows processed.
2026-05-21 22:37:16,505 INFO: Progress: 119000 / 242640 rows processed.
2026-05-21 22:38:33,568 INFO: Progress: 119500 / 242640 rows processed.
2026-05-21 22:39:42,620 INFO: Progress: 120000 / 242640 rows processed.
2026-05-21 22:40:50,671 INFO: Progress: 120500 / 242640 rows processed.
2026-05-21 22:42:03,441 INFO: Progress: 121000 / 242640 rows processed.
2026-05-21 22:43:10,977 INFO: Progress: 121500 / 242640 rows processed.
2026-05-21 22:44:16,073 INFO: Progress: 122000 / 242640 rows processed.
2026-05-21 22:45:28,145 INFO: Progress: 122500 / 242640 rows processed.
2026-05-21 22:46:29,730 INFO: Progress: 123000 / 242640 rows processed.
2026-05-21 22:47:40,888 INFO: Progress: 123500 / 242640 rows processed.
2026-05-21 22:48:59,966 INFO: Progress: 124000 / 242640 rows processed.
2026-05-21 22:50:08,889 INFO: Progress: 124500 / 242640 rows processed.
2026-05-21 22:51:16,676 INFO: Progress: 125000 / 242640 rows processed.
2026-05-21 22:52:25,880 INFO: Progress: 125500 / 242640 rows processed.
2026-05-21 22:53:38,159 INFO: Progress: 126000 / 242640 rows processed.
2026-05-21 22:54:50,685 INFO: Progress: 126500 / 242640 rows processed.
2026-05-21 22:56:00,430 INFO: Progress: 127000 / 242640 rows processed.
2026-05-21 22:57:18,064 INFO: Progress: 127500 / 242640 rows processed.
2026-05-21 22:58:35,938 INFO: Progress: 128000 / 242640 rows processed.
2026-05-21 22:59:38,037 INFO: Progress: 128500 / 242640 rows processed.
2026-05-21 23:00:51,411 INFO: Progress: 129000 / 242640 rows processed.
2026-05-21 23:01:55,865 INFO: Progress: 129500 / 242640 rows processed.
2026-05-21 23:03:12,672 INFO: Progress: 130000 / 242640 rows processed.
2026-05-21 23:04:26,486 INFO: Progress: 130500 / 242640 rows processed.
2026-05-21 23:05:32,439 INFO: Progress: 131000 / 242640 rows processed.
2026-05-21 23:06:35,220 INFO: Progress: 131500 / 242640 rows processed.
2026-05-21 23:07:53,546 INFO: Progress: 132000 / 242640 rows processed.
2026-05-21 23:09:01,690 INFO: Progress: 132500 / 242640 rows processed.
2026-05-21 23:10:19,701 INFO: Progress: 133000 / 242640 rows processed.
2026-05-21 23:11:32,195 INFO: Progress: 133500 / 242640 rows processed.
2026-05-21 23:12:44,020 INFO: Progress: 134000 / 242640 rows processed.
2026-05-21 23:13:56,291 INFO: Progress: 134500 / 242640 rows processed.
2026-05-21 23:15:09,757 INFO: Progress: 135000 / 242640 rows processed.
2026-05-21 23:16:16,299 INFO: Progress: 135500 / 242640 rows processed.
2026-05-21 23:17:19,117 INFO: Progress: 136000 / 242640 rows processed.
2026-05-21 23:18:22,682 INFO: Progress: 136500 / 242640 rows processed.
2026-05-21 23:19:33,002 INFO: Progress: 137000 / 242640 rows processed.
2026-05-21 23:20:35,978 INFO: Progress: 137500 / 242640 rows processed.
2026-05-21 23:21:56,798 INFO: Progress: 138000 / 242640 rows processed.
2026-05-21 23:23:02,509 INFO: Progress: 138500 / 242640 rows processed.
2026-05-21 23:24:01,412 INFO: Progress: 139000 / 242640 rows processed.
2026-05-21 23:25:02,883 INFO: Progress: 139500 / 242640 rows processed.
2026-05-21 23:26:09,598 INFO: Progress: 140000 / 242640 rows processed.
2026-05-21 23:27:17,680 INFO: Progress: 140500 / 242640 rows processed.
2026-05-21 23:28:29,297 INFO: Progress: 141000 / 242640 rows processed.
2026-05-21 23:29:36,424 INFO: Progress: 141500 / 242640 rows processed.
2026-05-21 23:30:40,842 INFO: Progress: 142000 / 242640 rows processed.
2026-05-21 23:31:56,299 INFO: Progress: 142500 / 242640 rows processed.
2026-05-21 23:33:14,891 INFO: Progress: 143000 / 242640 rows processed.
2026-05-21 23:34:15,498 INFO: Progress: 143500 / 242640 rows processed.
2026-05-21 23:35:22,519 INFO: Progress: 144000 / 242640 rows processed.
2026-05-21 23:36:25,111 INFO: Progress: 144500 / 242640 rows processed.
2026-05-21 23:37:35,138 INFO: Progress: 145000 / 242640 rows processed.
2026-05-21 23:38:45,605 INFO: Progress: 145500 / 242640 rows processed.
2026-05-21 23:40:13,902 INFO: Progress: 146000 / 242640 rows processed.
2026-05-21 23:41:27,069 INFO: Progress: 146500 / 242640 rows processed.
2026-05-21 23:42:37,291 INFO: Progress: 147000 / 242640 rows processed.
2026-05-21 23:43:41,571 INFO: Progress: 147500 / 242640 rows processed.
2026-05-21 23:44:56,256 INFO: Progress: 148000 / 242640 rows processed.
2026-05-21 23:46:04,978 INFO: Progress: 148500 / 242640 rows processed.
2026-05-21 23:47:09,558 INFO: Progress: 149000 / 242640 rows processed.
2026-05-21 23:48:23,534 INFO: Progress: 149500 / 242640 rows processed.
2026-05-21 23:49:29,511 INFO: Progress: 150000 / 242640 rows processed.
2026-05-21 23:50:42,081 INFO: Progress: 150500 / 242640 rows processed.
2026-05-21 23:51:52,160 INFO: Progress: 151000 / 242640 rows processed.
2026-05-21 23:53:01,124 INFO: Progress: 151500 / 242640 rows processed.
2026-05-21 23:54:08,041 INFO: Progress: 152000 / 242640 rows processed.
2026-05-21 23:55:29,418 INFO: Progress: 152500 / 242640 rows processed.
2026-05-21 23:56:46,694 INFO: Progress: 153000 / 242640 rows processed.
2026-05-21 23:58:00,206 INFO: Progress: 153500 / 242640 rows processed.
2026-05-21 23:59:25,211 INFO: Progress: 154000 / 242640 rows processed.
2026-05-22 00:00:37,848 INFO: Progress: 154500 / 242640 rows processed.
2026-05-22 00:02:06,540 INFO: Progress: 155000 / 242640 rows processed.
2026-05-22 00:03:00,295 INFO: Progress: 155500 / 242640 rows processed.
2026-05-22 00:04:17,541 INFO: Progress: 156000 / 242640 rows processed.
2026-05-22 00:05:32,033 INFO: Progress: 156500 / 242640 rows processed.
2026-05-22 00:06:36,472 INFO: Progress: 157000 / 242640 rows processed.
2026-05-22 00:07:55,723 INFO: Progress: 157500 / 242640 rows processed.
2026-05-22 00:09:13,115 INFO: Progress: 158000 / 242640 rows processed.
2026-05-22 00:10:13,247 INFO: Progress: 158500 / 242640 rows processed.
2026-05-22 00:11:22,795 INFO: Progress: 159000 / 242640 rows processed.
2026-05-22 00:12:52,377 INFO: Progress: 159500 / 242640 rows processed.
2026-05-22 00:13:58,346 INFO: Progress: 160000 / 242640 rows processed.
2026-05-22 00:14:59,736 INFO: Progress: 160500 / 242640 rows processed.
2026-05-22 00:15:59,902 INFO: Progress: 161000 / 242640 rows processed.
2026-05-22 00:17:07,653 INFO: Progress: 161500 / 242640 rows processed.
2026-05-22 00:18:15,187 INFO: Progress: 162000 / 242640 rows processed.
2026-05-22 00:19:25,256 INFO: Progress: 162500 / 242640 rows processed.
2026-05-22 00:20:38,838 INFO: Progress: 163000 / 242640 rows processed.
2026-05-22 00:21:42,319 INFO: Progress: 163500 / 242640 rows processed.
2026-05-22 00:23:08,019 INFO: Progress: 164000 / 242640 rows processed.
2026-05-22 00:24:15,750 INFO: Progress: 164500 / 242640 rows processed.
2026-05-22 00:25:28,243 INFO: Progress: 165000 / 242640 rows processed.
2026-05-22 00:26:36,366 INFO: Progress: 165500 / 242640 rows processed.
2026-05-22 00:27:43,664 INFO: Progress: 166000 / 242640 rows processed.
2026-05-22 00:28:50,427 INFO: Progress: 166500 / 242640 rows processed.
2026-05-22 00:30:17,816 INFO: Progress: 167000 / 242640 rows processed.
2026-05-22 00:31:40,606 INFO: Progress: 167500 / 242640 rows processed.
2026-05-22 00:32:51,601 INFO: Progress: 168000 / 242640 rows processed.
2026-05-22 00:34:03,831 INFO: Progress: 168500 / 242640 rows processed.
2026-05-22 00:35:16,733 INFO: Progress: 169000 / 242640 rows processed.
2026-05-22 00:36:22,678 INFO: Progress: 169500 / 242640 rows processed.
2026-05-22 00:37:37,384 INFO: Progress: 170000 / 242640 rows processed.
2026-05-22 00:38:43,037 INFO: Progress: 170500 / 242640 rows processed.
2026-05-22 00:39:50,388 INFO: Progress: 171000 / 242640 rows processed.
2026-05-22 00:41:08,769 INFO: Progress: 171500 / 242640 rows processed.
2026-05-22 00:42:12,123 INFO: Progress: 172000 / 242640 rows processed.
2026-05-22 00:43:19,595 INFO: Progress: 172500 / 242640 rows processed.
2026-05-22 00:44:28,826 INFO: Progress: 173000 / 242640 rows processed.
2026-05-22 00:45:44,211 INFO: Progress: 173500 / 242640 rows processed.
2026-05-22 00:46:58,497 INFO: Progress: 174000 / 242640 rows processed.
2026-05-22 00:48:06,269 INFO: Progress: 174500 / 242640 rows processed.
2026-05-22 00:49:21,139 INFO: Progress: 175000 / 242640 rows processed.
2026-05-22 00:50:30,066 INFO: Progress: 175500 / 242640 rows processed.
2026-05-22 00:51:26,315 INFO: Progress: 176000 / 242640 rows processed.
2026-05-22 00:52:17,880 INFO: Progress: 176500 / 242640 rows processed.
2026-05-22 00:53:11,255 INFO: Progress: 177000 / 242640 rows processed.
2026-05-22 00:54:04,077 INFO: Progress: 177500 / 242640 rows processed.
2026-05-22 00:54:49,238 INFO: Progress: 178000 / 242640 rows processed.
2026-05-22 00:55:50,282 INFO: Progress: 178500 / 242640 rows processed.
2026-05-22 00:56:41,818 INFO: Progress: 179000 / 242640 rows processed.
2026-05-22 00:57:30,136 INFO: Progress: 179500 / 242640 rows processed.
2026-05-22 00:58:26,413 INFO: Progress: 180000 / 242640 rows processed.
2026-05-22 00:59:26,272 INFO: Progress: 180500 / 242640 rows processed.
2026-05-22 01:00:16,605 INFO: Progress: 181000 / 242640 rows processed.
2026-05-22 01:01:07,184 INFO: Progress: 181500 / 242640 rows processed.
2026-05-22 01:01:49,352 INFO: Progress: 182000 / 242640 rows processed.
2026-05-22 01:02:39,317 INFO: Progress: 182500 / 242640 rows processed.
2026-05-22 01:03:29,806 INFO: Progress: 183000 / 242640 rows processed.
2026-05-22 01:04:26,901 INFO: Progress: 183500 / 242640 rows processed.
2026-05-22 01:05:09,244 INFO: Progress: 184000 / 242640 rows processed.
2026-05-22 01:05:49,226 INFO: Progress: 184500 / 242640 rows processed.
2026-05-22 01:06:29,730 INFO: Progress: 185000 / 242640 rows processed.
2026-05-22 01:07:13,507 INFO: Progress: 185500 / 242640 rows processed.
2026-05-22 01:08:04,317 INFO: Progress: 186000 / 242640 rows processed.
2026-05-22 01:08:54,001 INFO: Progress: 186500 / 242640 rows processed.
2026-05-22 01:09:41,129 INFO: Progress: 187000 / 242640 rows processed.
2026-05-22 01:10:33,449 INFO: Progress: 187500 / 242640 rows processed.
2026-05-22 01:11:18,997 INFO: Progress: 188000 / 242640 rows processed.
2026-05-22 01:12:09,450 INFO: Progress: 188500 / 242640 rows processed.
2026-05-22 01:13:14,633 INFO: Progress: 189000 / 242640 rows processed.
2026-05-22 01:14:05,408 INFO: Progress: 189500 / 242640 rows processed.
2026-05-22 01:15:04,387 INFO: Progress: 190000 / 242640 rows processed.
2026-05-22 01:15:52,837 INFO: Progress: 190500 / 242640 rows processed.
2026-05-22 01:16:43,215 INFO: Progress: 191000 / 242640 rows processed.
2026-05-22 01:17:32,181 INFO: Progress: 191500 / 242640 rows processed.
2026-05-22 01:18:28,731 INFO: Progress: 192000 / 242640 rows processed.
2026-05-22 01:19:29,829 INFO: Progress: 192500 / 242640 rows processed.
2026-05-22 01:20:16,348 INFO: Progress: 193000 / 242640 rows processed.
2026-05-22 01:21:15,002 INFO: Progress: 193500 / 242640 rows processed.
2026-05-22 01:22:06,229 INFO: Progress: 194000 / 242640 rows processed.
2026-05-22 01:23:06,976 INFO: Progress: 194500 / 242640 rows processed.
2026-05-22 01:23:53,560 INFO: Progress: 195000 / 242640 rows processed.
2026-05-22 01:24:39,890 INFO: Progress: 195500 / 242640 rows processed.
2026-05-22 01:25:32,045 INFO: Progress: 196000 / 242640 rows processed.
2026-05-22 01:26:32,329 INFO: Progress: 196500 / 242640 rows processed.
2026-05-22 01:27:25,334 INFO: Progress: 197000 / 242640 rows processed.
2026-05-22 01:28:10,067 INFO: Progress: 197500 / 242640 rows processed.
2026-05-22 01:28:58,757 INFO: Progress: 198000 / 242640 rows processed.
2026-05-22 01:29:55,377 INFO: Progress: 198500 / 242640 rows processed.
2026-05-22 01:30:41,779 INFO: Progress: 199000 / 242640 rows processed.
2026-05-22 01:31:31,695 INFO: Progress: 199500 / 242640 rows processed.
2026-05-22 01:32:23,438 INFO: Progress: 200000 / 242640 rows processed.
2026-05-22 01:33:35,904 INFO: Progress: 200500 / 242640 rows processed.
2026-05-22 01:34:26,329 INFO: Progress: 201000 / 242640 rows processed.
2026-05-22 01:35:15,421 INFO: Progress: 201500 / 242640 rows processed.
2026-05-22 01:35:59,483 INFO: Progress: 202000 / 242640 rows processed.
2026-05-22 01:36:46,066 INFO: Progress: 202500 / 242640 rows processed.
2026-05-22 01:37:39,201 INFO: Progress: 203000 / 242640 rows processed.
2026-05-22 01:38:25,735 INFO: Progress: 203500 / 242640 rows processed.
2026-05-22 01:39:17,415 INFO: Progress: 204000 / 242640 rows processed.
2026-05-22 01:40:01,737 INFO: Progress: 204500 / 242640 rows processed.
2026-05-22 01:40:48,944 INFO: Progress: 205000 / 242640 rows processed.
2026-05-22 01:41:38,583 INFO: Progress: 205500 / 242640 rows processed.
2026-05-22 01:42:32,253 INFO: Progress: 206000 / 242640 rows processed.
2026-05-22 01:43:16,948 INFO: Progress: 206500 / 242640 rows processed.
2026-05-22 01:44:28,569 INFO: Progress: 207000 / 242640 rows processed.
2026-05-22 01:45:27,423 INFO: Progress: 207500 / 242640 rows processed.
2026-05-22 01:46:13,013 INFO: Progress: 208000 / 242640 rows processed.
2026-05-22 01:46:58,704 INFO: Progress: 208500 / 242640 rows processed.
2026-05-22 01:47:53,247 INFO: Progress: 209000 / 242640 rows processed.
2026-05-22 01:48:45,771 INFO: Progress: 209500 / 242640 rows processed.
2026-05-22 01:49:33,349 INFO: Progress: 210000 / 242640 rows processed.
2026-05-22 01:50:14,822 INFO: Progress: 210500 / 242640 rows processed.
2026-05-22 01:50:59,918 INFO: Progress: 211000 / 242640 rows processed.
2026-05-22 01:52:36,010 INFO: Progress: 211500 / 242640 rows processed.
2026-05-22 01:54:12,364 INFO: Progress: 212000 / 242640 rows processed.
2026-05-22 01:55:52,103 INFO: Progress: 212500 / 242640 rows processed.
2026-05-22 01:57:31,731 INFO: Progress: 213000 / 242640 rows processed.
2026-05-22 01:58:49,147 INFO: Progress: 213500 / 242640 rows processed.
2026-05-22 02:00:18,305 INFO: Progress: 214000 / 242640 rows processed.
2026-05-22 02:02:15,007 INFO: Progress: 214500 / 242640 rows processed.
2026-05-22 02:03:47,289 INFO: Progress: 215000 / 242640 rows processed.
2026-05-22 02:05:36,723 INFO: Progress: 215500 / 242640 rows processed.
2026-05-22 02:07:17,991 INFO: Progress: 216000 / 242640 rows processed.
2026-05-22 02:08:55,435 INFO: Progress: 216500 / 242640 rows processed.
2026-05-22 02:10:42,380 INFO: Progress: 217000 / 242640 rows processed.
2026-05-22 02:12:29,224 INFO: Progress: 217500 / 242640 rows processed.
2026-05-22 02:14:08,758 INFO: Progress: 218000 / 242640 rows processed.
2026-05-22 02:16:04,011 INFO: Progress: 218500 / 242640 rows processed.
2026-05-22 02:17:45,522 INFO: Progress: 219000 / 242640 rows processed.
2026-05-22 02:19:28,076 INFO: Progress: 219500 / 242640 rows processed.
2026-05-22 02:21:09,779 INFO: Progress: 220000 / 242640 rows processed.
2026-05-22 02:22:52,599 INFO: Progress: 220500 / 242640 rows processed.
2026-05-22 02:24:31,714 INFO: Progress: 221000 / 242640 rows processed.
2026-05-22 02:26:15,071 INFO: Progress: 221500 / 242640 rows processed.
2026-05-22 02:27:50,568 INFO: Progress: 222000 / 242640 rows processed.
2026-05-22 02:29:43,543 INFO: Progress: 222500 / 242640 rows processed.
2026-05-22 02:31:14,764 INFO: Progress: 223000 / 242640 rows processed.
2026-05-22 02:32:43,503 INFO: Progress: 223500 / 242640 rows processed.
2026-05-22 02:34:27,645 INFO: Progress: 224000 / 242640 rows processed.
2026-05-22 02:36:02,443 INFO: Progress: 224500 / 242640 rows processed.
2026-05-22 02:37:44,040 INFO: Progress: 225000 / 242640 rows processed.
2026-05-22 02:39:36,334 INFO: Progress: 225500 / 242640 rows processed.
2026-05-22 02:41:23,159 INFO: Progress: 226000 / 242640 rows processed.
2026-05-22 02:42:44,399 INFO: Progress: 226500 / 242640 rows processed.
2026-05-22 02:44:38,366 INFO: Progress: 227000 / 242640 rows processed.
2026-05-22 02:46:20,203 INFO: Progress: 227500 / 242640 rows processed.
2026-05-22 02:48:16,022 INFO: Progress: 228000 / 242640 rows processed.
2026-05-22 02:49:35,986 INFO: Progress: 228500 / 242640 rows processed.
2026-05-22 02:51:04,521 INFO: Progress: 229000 / 242640 rows processed.
2026-05-22 02:52:36,500 INFO: Progress: 229500 / 242640 rows processed.
2026-05-22 02:54:03,877 INFO: Progress: 230000 / 242640 rows processed.
2026-05-22 02:55:53,355 INFO: Progress: 230500 / 242640 rows processed.
2026-05-22 02:57:41,825 INFO: Progress: 231000 / 242640 rows processed.
2026-05-22 02:59:18,745 INFO: Progress: 231500 / 242640 rows processed.
2026-05-22 03:00:36,261 INFO: Progress: 232000 / 242640 rows processed.
2026-05-22 03:02:15,851 INFO: Progress: 232500 / 242640 rows processed.
2026-05-22 03:03:57,969 INFO: Progress: 233000 / 242640 rows processed.
2026-05-22 03:05:21,777 INFO: Progress: 233500 / 242640 rows processed.
2026-05-22 03:07:03,962 INFO: Progress: 234000 / 242640 rows processed.
2026-05-22 03:08:39,267 INFO: Progress: 234500 / 242640 rows processed.
2026-05-22 03:10:00,528 INFO: Progress: 235000 / 242640 rows processed.
2026-05-22 03:11:31,530 INFO: Progress: 235500 / 242640 rows processed.
2026-05-22 03:13:24,143 INFO: Progress: 236000 / 242640 rows processed.
2026-05-22 03:14:55,688 INFO: Progress: 236500 / 242640 rows processed.
2026-05-22 03:16:34,241 INFO: Progress: 237000 / 242640 rows processed.
2026-05-22 03:17:56,897 INFO: Progress: 237500 / 242640 rows processed.
2026-05-22 03:19:35,880 INFO: Progress: 238000 / 242640 rows processed.
2026-05-22 03:21:14,398 INFO: Progress: 238500 / 242640 rows processed.
2026-05-22 03:22:52,577 INFO: Progress: 239000 / 242640 rows processed.
2026-05-22 03:24:17,233 INFO: Progress: 239500 / 242640 rows processed.
2026-05-22 03:26:05,356 INFO: Progress: 240000 / 242640 rows processed.
2026-05-22 03:27:28,421 INFO: Progress: 240500 / 242640 rows processed.
2026-05-22 03:28:45,104 INFO: Progress: 241000 / 242640 rows processed.
2026-05-22 03:30:16,677 INFO: Progress: 241500 / 242640 rows processed.
2026-05-22 03:31:55,725 INFO: Progress: 242000 / 242640 rows processed.
2026-05-22 03:33:19,560 INFO: Progress: 242500 / 242640 rows processed.
2026-05-22 03:34:00,480 INFO: Saved labeled.csv (242640 rows).
2026-05-22 03:34:02,504 INFO: Audit sample: 660 rows.
2026-05-22 03:34:02,505 INFO: Job phase1_qwen2_7b complete in 36605s.
