2026-10-06 15:22:20,607 INFO: Job phase1_gemma4_31b started.  Input: /scratch/gpfs/JORDANAT/mg9965/PromptControlText/artifacts/phase1_results_gemma4_31b.csv
2026-10-06 15:22:23,613 INFO: Loaded 242640 rows from /scratch/gpfs/JORDANAT/mg9965/PromptControlText/artifacts/phase1_results_gemma4_31b.csv
2026-10-06 15:22:23,613 INFO: Resuming: 0 rows already complete.
2026-10-06 15:22:32,507 INFO: 242640 rows to process.
2026-10-06 15:25:09,832 INFO: Progress: 500 / 242640 rows processed.
2026-10-06 15:26:53,422 INFO: Progress: 1000 / 242640 rows processed.
2026-10-06 15:28:48,970 INFO: Progress: 1500 / 242640 rows processed.
2026-10-06 15:30:00,667 INFO: Progress: 2000 / 242640 rows processed.
2026-10-06 15:31:00,779 INFO: Progress: 2500 / 242640 rows processed.
2026-10-06 15:31:53,629 INFO: Progress: 3000 / 242640 rows processed.
2026-10-06 15:33:04,063 INFO: Progress: 3500 / 242640 rows processed.
2026-10-06 15:35:09,926 INFO: Progress: 4000 / 242640 rows processed.
2026-10-06 15:37:08,931 INFO: Progress: 4500 / 242640 rows processed.
2026-10-06 15:39:07,355 INFO: Progress: 5000 / 242640 rows processed.
2026-10-06 15:40:26,717 INFO: Progress: 5500 / 242640 rows processed.
2026-10-06 15:41:15,240 INFO: Progress: 6000 / 242640 rows processed.
2026-10-06 15:42:03,162 INFO: Progress: 6500 / 242640 rows processed.
2026-10-06 15:42:56,640 INFO: Progress: 7000 / 242640 rows processed.
2026-10-06 15:44:46,957 INFO: Progress: 7500 / 242640 rows processed.
2026-10-06 15:46:44,674 INFO: Progress: 8000 / 242640 rows processed.
2026-10-06 15:48:47,454 INFO: Progress: 8500 / 242640 rows processed.
2026-10-06 15:50:30,302 INFO: Progress: 9000 / 242640 rows processed.
2026-10-06 15:51:17,913 INFO: Progress: 9500 / 242640 rows processed.
2026-10-06 15:52:03,556 INFO: Progress: 10000 / 242640 rows processed.
2026-10-06 15:52:53,696 INFO: Progress: 10500 / 242640 rows processed.
2026-10-06 15:54:29,485 INFO: Progress: 11000 / 242640 rows processed.
2026-10-06 15:56:11,420 INFO: Progress: 11500 / 242640 rows processed.
2026-10-06 15:58:08,988 INFO: Progress: 12000 / 242640 rows processed.
2026-10-06 15:59:47,552 INFO: Progress: 12500 / 242640 rows processed.
2026-10-06 16:00:35,024 INFO: Progress: 13000 / 242640 rows processed.
2026-10-06 16:01:27,052 INFO: Progress: 13500 / 242640 rows processed.
2026-10-06 16:02:17,010 INFO: Progress: 14000 / 242640 rows processed.
2026-10-06 16:03:40,202 INFO: Progress: 14500 / 242640 rows processed.
2026-10-06 16:05:33,389 INFO: Progress: 15000 / 242640 rows processed.
2026-10-06 16:07:12,016 INFO: Progress: 15500 / 242640 rows processed.
2026-10-06 16:09:05,860 INFO: Progress: 16000 / 242640 rows processed.
2026-10-06 16:10:06,635 INFO: Progress: 16500 / 242640 rows processed.
2026-10-06 16:10:53,352 INFO: Progress: 17000 / 242640 rows processed.
2026-10-06 16:11:50,681 INFO: Progress: 17500 / 242640 rows processed.
2026-10-06 16:12:43,212 INFO: Progress: 18000 / 242640 rows processed.
2026-10-06 16:14:18,444 INFO: Progress: 18500 / 242640 rows processed.
2026-10-06 16:15:44,263 INFO: Progress: 19000 / 242640 rows processed.
2026-10-06 16:17:42,329 INFO: Progress: 19500 / 242640 rows processed.
2026-10-06 16:19:14,114 INFO: Progress: 20000 / 242640 rows processed.
2026-10-06 16:20:42,843 INFO: Progress: 20500 / 242640 rows processed.
2026-10-06 16:22:04,054 INFO: Progress: 21000 / 242640 rows processed.
2026-10-06 16:23:30,613 INFO: Progress: 21500 / 242640 rows processed.
2026-10-06 16:25:03,379 INFO: Progress: 22000 / 242640 rows processed.
2026-10-06 16:26:54,596 INFO: Progress: 22500 / 242640 rows processed.
2026-10-06 16:28:09,606 INFO: Progress: 23000 / 242640 rows processed.
2026-10-06 16:30:06,335 INFO: Progress: 23500 / 242640 rows processed.
2026-10-06 16:31:53,328 INFO: Progress: 24000 / 242640 rows processed.
2026-10-06 16:33:27,521 INFO: Progress: 24500 / 242640 rows processed.
2026-10-06 16:35:10,283 INFO: Progress: 25000 / 242640 rows processed.
2026-10-06 16:36:15,950 INFO: Progress: 25500 / 242640 rows processed.
2026-10-06 16:37:13,368 INFO: Progress: 26000 / 242640 rows processed.
2026-10-06 16:38:30,245 INFO: Progress: 26500 / 242640 rows processed.
2026-10-06 16:39:25,476 INFO: Progress: 27000 / 242640 rows processed.
2026-10-06 16:41:12,514 INFO: Progress: 27500 / 242640 rows processed.
2026-10-06 16:42:25,253 INFO: Progress: 28000 / 242640 rows processed.
2026-10-06 16:43:33,664 INFO: Progress: 28500 / 242640 rows processed.
2026-10-06 16:44:30,920 INFO: Progress: 29000 / 242640 rows processed.
2026-10-06 16:45:32,200 INFO: Progress: 29500 / 242640 rows processed.
2026-10-06 16:46:40,364 INFO: Progress: 30000 / 242640 rows processed.
2026-10-06 16:47:42,730 INFO: Progress: 30500 / 242640 rows processed.
2026-10-06 16:48:57,039 INFO: Progress: 31000 / 242640 rows processed.
2026-10-06 16:50:00,271 INFO: Progress: 31500 / 242640 rows processed.
2026-10-06 16:51:34,520 INFO: Progress: 32000 / 242640 rows processed.
2026-10-06 16:52:34,497 INFO: Progress: 32500 / 242640 rows processed.
2026-10-06 16:53:22,301 INFO: Progress: 33000 / 242640 rows processed.
2026-10-06 16:54:09,474 INFO: Progress: 33500 / 242640 rows processed.
2026-10-06 16:54:56,939 INFO: Progress: 34000 / 242640 rows processed.
2026-10-06 16:56:02,057 INFO: Progress: 34500 / 242640 rows processed.
2026-10-06 16:57:21,090 INFO: Progress: 35000 / 242640 rows processed.
2026-10-06 16:58:32,063 INFO: Progress: 35500 / 242640 rows processed.
2026-10-06 17:00:03,099 INFO: Progress: 36000 / 242640 rows processed.
2026-10-06 17:01:08,555 INFO: Progress: 36500 / 242640 rows processed.
2026-10-06 17:01:56,761 INFO: Progress: 37000 / 242640 rows processed.
2026-10-06 17:02:49,638 INFO: Progress: 37500 / 242640 rows processed.
2026-10-06 17:03:37,161 INFO: Progress: 38000 / 242640 rows processed.
2026-10-06 17:04:37,238 INFO: Progress: 38500 / 242640 rows processed.
2026-10-06 17:05:24,844 INFO: Progress: 39000 / 242640 rows processed.
2026-10-06 17:06:21,773 INFO: Progress: 39500 / 242640 rows processed.
2026-10-06 17:07:09,984 INFO: Progress: 40000 / 242640 rows processed.
2026-10-06 17:07:55,651 INFO: Progress: 40500 / 242640 rows processed.
2026-10-06 17:08:42,119 INFO: Progress: 41000 / 242640 rows processed.
2026-10-06 17:09:28,434 INFO: Progress: 41500 / 242640 rows processed.
2026-10-06 17:10:23,956 INFO: Progress: 42000 / 242640 rows processed.
2026-10-06 17:11:30,633 INFO: Progress: 42500 / 242640 rows processed.
2026-10-06 17:12:20,005 INFO: Progress: 43000 / 242640 rows processed.
2026-10-06 17:13:08,817 INFO: Progress: 43500 / 242640 rows processed.
2026-10-06 17:13:57,545 INFO: Progress: 44000 / 242640 rows processed.
2026-10-06 17:14:48,013 INFO: Progress: 44500 / 242640 rows processed.
2026-10-06 17:17:28,130 INFO: Progress: 45000 / 242640 rows processed.
2026-10-06 17:20:43,701 INFO: Progress: 45500 / 242640 rows processed.
2026-10-06 17:22:57,679 INFO: Progress: 46000 / 242640 rows processed.
2026-10-06 17:24:04,365 INFO: Progress: 46500 / 242640 rows processed.
2026-10-06 17:25:16,230 INFO: Progress: 47000 / 242640 rows processed.
2026-10-06 17:26:35,995 INFO: Progress: 47500 / 242640 rows processed.
2026-10-06 17:28:01,461 INFO: Progress: 48000 / 242640 rows processed.
2026-10-06 17:29:11,965 INFO: Progress: 48500 / 242640 rows processed.
2026-10-06 17:30:26,668 INFO: Progress: 49000 / 242640 rows processed.
2026-10-06 17:31:54,244 INFO: Progress: 49500 / 242640 rows processed.
2026-10-06 17:33:04,723 INFO: Progress: 50000 / 242640 rows processed.
2026-10-06 17:34:53,412 INFO: Progress: 50500 / 242640 rows processed.
2026-10-06 17:36:55,710 INFO: Progress: 51000 / 242640 rows processed.
2026-10-06 17:38:53,217 INFO: Progress: 51500 / 242640 rows processed.
2026-10-06 17:41:09,888 INFO: Progress: 52000 / 242640 rows processed.
2026-10-06 17:43:18,176 INFO: Progress: 52500 / 242640 rows processed.
2026-10-06 17:45:33,478 INFO: Progress: 53000 / 242640 rows processed.
2026-10-06 17:47:37,269 INFO: Progress: 53500 / 242640 rows processed.
2026-10-06 17:49:26,622 INFO: Progress: 54000 / 242640 rows processed.
2026-10-06 17:50:18,738 INFO: Progress: 54500 / 242640 rows processed.
2026-10-06 17:51:07,270 INFO: Progress: 55000 / 242640 rows processed.
2026-10-06 17:51:53,193 INFO: Progress: 55500 / 242640 rows processed.
2026-10-06 17:52:41,926 INFO: Progress: 56000 / 242640 rows processed.
2026-10-06 17:53:31,387 INFO: Progress: 56500 / 242640 rows processed.
2026-10-06 17:54:33,205 INFO: Progress: 57000 / 242640 rows processed.
2026-10-06 17:55:24,606 INFO: Progress: 57500 / 242640 rows processed.
2026-10-06 17:56:16,151 INFO: Progress: 58000 / 242640 rows processed.
2026-10-06 17:58:04,235 INFO: Progress: 58500 / 242640 rows processed.
2026-10-06 17:59:09,388 INFO: Progress: 59000 / 242640 rows processed.
2026-10-06 18:00:03,912 INFO: Progress: 59500 / 242640 rows processed.
2026-10-06 18:00:54,644 INFO: Progress: 60000 / 242640 rows processed.
2026-10-06 18:01:42,792 INFO: Progress: 60500 / 242640 rows processed.
2026-10-06 18:02:59,248 INFO: Progress: 61000 / 242640 rows processed.
2026-10-06 18:04:33,433 INFO: Progress: 61500 / 242640 rows processed.
2026-10-06 18:05:58,308 INFO: Progress: 62000 / 242640 rows processed.
2026-10-06 18:07:30,735 INFO: Progress: 62500 / 242640 rows processed.
2026-10-06 18:09:04,333 INFO: Progress: 63000 / 242640 rows processed.
2026-10-06 18:10:21,636 INFO: Progress: 63500 / 242640 rows processed.
2026-10-06 18:12:14,083 INFO: Progress: 64000 / 242640 rows processed.
2026-10-06 18:14:01,170 INFO: Progress: 64500 / 242640 rows processed.
2026-10-06 18:15:31,454 INFO: Progress: 65000 / 242640 rows processed.
2026-10-06 18:16:52,647 INFO: Progress: 65500 / 242640 rows processed.
2026-10-06 18:18:21,501 INFO: Progress: 66000 / 242640 rows processed.
2026-10-06 18:20:00,364 INFO: Progress: 66500 / 242640 rows processed.
2026-10-06 18:21:26,000 INFO: Progress: 67000 / 242640 rows processed.
2026-10-06 18:22:50,372 INFO: Progress: 67500 / 242640 rows processed.
2026-10-06 18:24:06,875 INFO: Progress: 68000 / 242640 rows processed.
2026-10-06 18:25:09,853 INFO: Progress: 68500 / 242640 rows processed.
2026-10-06 18:26:34,490 INFO: Progress: 69000 / 242640 rows processed.
2026-10-06 18:28:25,904 INFO: Progress: 69500 / 242640 rows processed.
2026-10-06 18:30:15,305 INFO: Progress: 70000 / 242640 rows processed.
2026-10-06 18:31:47,222 INFO: Progress: 70500 / 242640 rows processed.
2026-10-06 18:33:28,731 INFO: Progress: 71000 / 242640 rows processed.
2026-10-06 18:35:15,103 INFO: Progress: 71500 / 242640 rows processed.
2026-10-06 18:36:31,943 INFO: Progress: 72000 / 242640 rows processed.
2026-10-06 18:38:09,919 INFO: Progress: 72500 / 242640 rows processed.
2026-10-06 18:39:31,199 INFO: Progress: 73000 / 242640 rows processed.
2026-10-06 18:40:50,454 INFO: Progress: 73500 / 242640 rows processed.
2026-10-06 18:42:21,354 INFO: Progress: 74000 / 242640 rows processed.
2026-10-06 18:43:46,662 INFO: Progress: 74500 / 242640 rows processed.
2026-10-06 18:45:12,173 INFO: Progress: 75000 / 242640 rows processed.
2026-10-06 18:46:31,220 INFO: Progress: 75500 / 242640 rows processed.
2026-10-06 18:48:03,793 INFO: Progress: 76000 / 242640 rows processed.
2026-10-06 18:49:27,077 INFO: Progress: 76500 / 242640 rows processed.
2026-10-06 18:50:46,818 INFO: Progress: 77000 / 242640 rows processed.
2026-10-06 18:52:15,459 INFO: Progress: 77500 / 242640 rows processed.
2026-10-06 18:53:29,544 INFO: Progress: 78000 / 242640 rows processed.
2026-10-06 18:55:03,263 INFO: Progress: 78500 / 242640 rows processed.
2026-10-06 18:56:34,849 INFO: Progress: 79000 / 242640 rows processed.
2026-10-06 18:57:59,164 INFO: Progress: 79500 / 242640 rows processed.
2026-10-06 18:59:57,743 INFO: Progress: 80000 / 242640 rows processed.
2026-10-06 19:01:33,566 INFO: Progress: 80500 / 242640 rows processed.
2026-10-06 19:03:01,125 INFO: Progress: 81000 / 242640 rows processed.
2026-10-06 19:04:22,579 INFO: Progress: 81500 / 242640 rows processed.
2026-10-06 19:05:38,571 INFO: Progress: 82000 / 242640 rows processed.
2026-10-06 19:06:58,937 INFO: Progress: 82500 / 242640 rows processed.
2026-10-06 19:08:24,365 INFO: Progress: 83000 / 242640 rows processed.
2026-10-06 19:09:54,918 INFO: Progress: 83500 / 242640 rows processed.
2026-10-06 19:11:07,475 INFO: Progress: 84000 / 242640 rows processed.
2026-10-06 19:12:26,559 INFO: Progress: 84500 / 242640 rows processed.
2026-10-06 19:14:01,145 INFO: Progress: 85000 / 242640 rows processed.
2026-10-06 19:15:15,722 INFO: Progress: 85500 / 242640 rows processed.
2026-10-06 19:16:40,765 INFO: Progress: 86000 / 242640 rows processed.
2026-10-06 19:18:30,629 INFO: Progress: 86500 / 242640 rows processed.
2026-10-06 19:19:50,149 INFO: Progress: 87000 / 242640 rows processed.
2026-10-06 19:21:27,550 INFO: Progress: 87500 / 242640 rows processed.
2026-10-06 19:22:46,741 INFO: Progress: 88000 / 242640 rows processed.
2026-10-06 19:24:05,275 INFO: Progress: 88500 / 242640 rows processed.
2026-10-06 19:25:11,562 INFO: Progress: 89000 / 242640 rows processed.
2026-10-06 19:26:20,737 INFO: Progress: 89500 / 242640 rows processed.
2026-10-06 19:27:46,110 INFO: Progress: 90000 / 242640 rows processed.
2026-10-06 19:29:00,531 INFO: Progress: 90500 / 242640 rows processed.
2026-10-06 19:30:25,291 INFO: Progress: 91000 / 242640 rows processed.
2026-10-06 19:31:53,735 INFO: Progress: 91500 / 242640 rows processed.
2026-10-06 19:33:07,774 INFO: Progress: 92000 / 242640 rows processed.
2026-10-06 19:34:18,219 INFO: Progress: 92500 / 242640 rows processed.
2026-10-06 19:35:45,490 INFO: Progress: 93000 / 242640 rows processed.
2026-10-06 19:37:13,591 INFO: Progress: 93500 / 242640 rows processed.
2026-10-06 19:38:40,514 INFO: Progress: 94000 / 242640 rows processed.
2026-10-06 19:40:04,516 INFO: Progress: 94500 / 242640 rows processed.
2026-10-06 19:41:20,017 INFO: Progress: 95000 / 242640 rows processed.
2026-10-06 19:42:44,436 INFO: Progress: 95500 / 242640 rows processed.
2026-10-06 19:44:17,599 INFO: Progress: 96000 / 242640 rows processed.
2026-10-06 19:45:31,130 INFO: Progress: 96500 / 242640 rows processed.
2026-10-06 19:46:40,748 INFO: Progress: 97000 / 242640 rows processed.
2026-10-06 19:48:09,332 INFO: Progress: 97500 / 242640 rows processed.
2026-10-06 19:49:43,582 INFO: Progress: 98000 / 242640 rows processed.
2026-10-06 19:51:04,398 INFO: Progress: 98500 / 242640 rows processed.
2026-10-06 19:52:23,273 INFO: Progress: 99000 / 242640 rows processed.
2026-10-06 19:53:45,961 INFO: Progress: 99500 / 242640 rows processed.
2026-10-06 19:55:35,380 INFO: Progress: 100000 / 242640 rows processed.
2026-10-06 19:56:59,663 INFO: Progress: 100500 / 242640 rows processed.
2026-10-06 19:58:42,841 INFO: Progress: 101000 / 242640 rows processed.
2026-10-06 20:00:14,077 INFO: Progress: 101500 / 242640 rows processed.
2026-10-06 20:01:38,142 INFO: Progress: 102000 / 242640 rows processed.
2026-10-06 20:03:00,593 INFO: Progress: 102500 / 242640 rows processed.
2026-10-06 20:04:14,021 INFO: Progress: 103000 / 242640 rows processed.
2026-10-06 20:05:44,469 INFO: Progress: 103500 / 242640 rows processed.
2026-10-06 20:07:21,052 INFO: Progress: 104000 / 242640 rows processed.
2026-10-06 20:08:55,336 INFO: Progress: 104500 / 242640 rows processed.
2026-10-06 20:10:15,358 INFO: Progress: 105000 / 242640 rows processed.
2026-10-06 20:11:41,394 INFO: Progress: 105500 / 242640 rows processed.
2026-10-06 20:13:15,426 INFO: Progress: 106000 / 242640 rows processed.
2026-10-06 20:15:04,805 INFO: Progress: 106500 / 242640 rows processed.
2026-10-06 20:16:27,104 INFO: Progress: 107000 / 242640 rows processed.
2026-10-06 20:17:48,704 INFO: Progress: 107500 / 242640 rows processed.
2026-10-06 20:19:17,825 INFO: Progress: 108000 / 242640 rows processed.
2026-10-06 20:20:30,979 INFO: Progress: 108500 / 242640 rows processed.
2026-10-06 20:22:04,471 INFO: Progress: 109000 / 242640 rows processed.
2026-10-06 20:23:20,228 INFO: Progress: 109500 / 242640 rows processed.
2026-10-06 20:24:42,727 INFO: Progress: 110000 / 242640 rows processed.
2026-10-06 20:26:01,777 INFO: Progress: 110500 / 242640 rows processed.
2026-10-06 20:27:21,754 INFO: Progress: 111000 / 242640 rows processed.
2026-10-06 20:28:42,149 INFO: Progress: 111500 / 242640 rows processed.
2026-10-06 20:29:55,333 INFO: Progress: 112000 / 242640 rows processed.
2026-10-06 20:31:24,538 INFO: Progress: 112500 / 242640 rows processed.
2026-10-06 20:32:41,226 INFO: Progress: 113000 / 242640 rows processed.
2026-10-06 20:34:18,816 INFO: Progress: 113500 / 242640 rows processed.
2026-10-06 20:35:52,232 INFO: Progress: 114000 / 242640 rows processed.
2026-10-06 20:37:14,655 INFO: Progress: 114500 / 242640 rows processed.
2026-10-06 20:38:52,099 INFO: Progress: 115000 / 242640 rows processed.
2026-10-06 20:40:20,438 INFO: Progress: 115500 / 242640 rows processed.
2026-10-06 20:41:57,136 INFO: Progress: 116000 / 242640 rows processed.
2026-10-06 20:43:24,832 INFO: Progress: 116500 / 242640 rows processed.
2026-10-06 20:45:18,567 INFO: Progress: 117000 / 242640 rows processed.
2026-10-06 20:46:42,433 INFO: Progress: 117500 / 242640 rows processed.
2026-10-06 20:48:21,002 INFO: Progress: 118000 / 242640 rows processed.
2026-10-06 20:49:59,953 INFO: Progress: 118500 / 242640 rows processed.
2026-10-06 20:51:29,583 INFO: Progress: 119000 / 242640 rows processed.
2026-10-06 20:53:07,665 INFO: Progress: 119500 / 242640 rows processed.
2026-10-06 20:54:36,688 INFO: Progress: 120000 / 242640 rows processed.
2026-10-06 20:55:52,499 INFO: Progress: 120500 / 242640 rows processed.
2026-10-06 20:57:21,014 INFO: Progress: 121000 / 242640 rows processed.
2026-10-06 20:58:58,535 INFO: Progress: 121500 / 242640 rows processed.
2026-10-06 21:00:17,364 INFO: Progress: 122000 / 242640 rows processed.
2026-10-06 21:01:57,959 INFO: Progress: 122500 / 242640 rows processed.
2026-10-06 21:03:19,397 INFO: Progress: 123000 / 242640 rows processed.
2026-10-06 21:04:53,582 INFO: Progress: 123500 / 242640 rows processed.
2026-10-06 21:06:24,064 INFO: Progress: 124000 / 242640 rows processed.
2026-10-06 21:07:45,469 INFO: Progress: 124500 / 242640 rows processed.
2026-10-06 21:09:03,399 INFO: Progress: 125000 / 242640 rows processed.
2026-10-06 21:10:13,808 INFO: Progress: 125500 / 242640 rows processed.
2026-10-06 21:11:40,774 INFO: Progress: 126000 / 242640 rows processed.
2026-10-06 21:12:48,880 INFO: Progress: 126500 / 242640 rows processed.
2026-10-06 21:14:17,985 INFO: Progress: 127000 / 242640 rows processed.
2026-10-06 21:15:45,661 INFO: Progress: 127500 / 242640 rows processed.
2026-10-06 21:17:30,796 INFO: Progress: 128000 / 242640 rows processed.
2026-10-06 21:18:40,622 INFO: Progress: 128500 / 242640 rows processed.
2026-10-06 21:20:10,166 INFO: Progress: 129000 / 242640 rows processed.
2026-10-06 21:21:35,984 INFO: Progress: 129500 / 242640 rows processed.
2026-10-06 21:23:08,064 INFO: Progress: 130000 / 242640 rows processed.
2026-10-06 21:24:35,530 INFO: Progress: 130500 / 242640 rows processed.
2026-10-06 21:25:46,320 INFO: Progress: 131000 / 242640 rows processed.
2026-10-06 21:27:06,976 INFO: Progress: 131500 / 242640 rows processed.
2026-10-06 21:28:38,028 INFO: Progress: 132000 / 242640 rows processed.
2026-10-06 21:29:54,912 INFO: Progress: 132500 / 242640 rows processed.
2026-10-06 21:31:15,331 INFO: Progress: 133000 / 242640 rows processed.
2026-10-06 21:32:42,524 INFO: Progress: 133500 / 242640 rows processed.
2026-10-06 21:34:19,024 INFO: Progress: 134000 / 242640 rows processed.
2026-10-06 21:35:59,114 INFO: Progress: 134500 / 242640 rows processed.
2026-10-06 21:37:33,571 INFO: Progress: 135000 / 242640 rows processed.
2026-10-06 21:38:44,297 INFO: Progress: 135500 / 242640 rows processed.
2026-10-06 21:40:02,927 INFO: Progress: 136000 / 242640 rows processed.
2026-10-06 21:41:09,121 INFO: Progress: 136500 / 242640 rows processed.
2026-10-06 21:42:30,089 INFO: Progress: 137000 / 242640 rows processed.
2026-10-06 21:44:02,077 INFO: Progress: 137500 / 242640 rows processed.
2026-10-06 21:45:27,803 INFO: Progress: 138000 / 242640 rows processed.
2026-10-06 21:46:52,517 INFO: Progress: 138500 / 242640 rows processed.
2026-10-06 21:48:05,000 INFO: Progress: 139000 / 242640 rows processed.
2026-10-06 21:49:28,433 INFO: Progress: 139500 / 242640 rows processed.
2026-10-06 21:50:42,624 INFO: Progress: 140000 / 242640 rows processed.
2026-10-06 21:52:01,521 INFO: Progress: 140500 / 242640 rows processed.
2026-10-06 21:53:19,416 INFO: Progress: 141000 / 242640 rows processed.
2026-10-06 21:54:35,010 INFO: Progress: 141500 / 242640 rows processed.
2026-10-06 21:56:01,099 INFO: Progress: 142000 / 242640 rows processed.
2026-10-06 21:57:27,420 INFO: Progress: 142500 / 242640 rows processed.
2026-10-06 21:59:16,021 INFO: Progress: 143000 / 242640 rows processed.
2026-10-06 22:00:43,609 INFO: Progress: 143500 / 242640 rows processed.
2026-10-06 22:02:05,491 INFO: Progress: 144000 / 242640 rows processed.
2026-10-06 22:03:41,223 INFO: Progress: 144500 / 242640 rows processed.
2026-10-06 22:05:03,556 INFO: Progress: 145000 / 242640 rows processed.
2026-10-06 22:06:19,355 INFO: Progress: 145500 / 242640 rows processed.
2026-10-06 22:07:54,163 INFO: Progress: 146000 / 242640 rows processed.
2026-10-06 22:09:19,545 INFO: Progress: 146500 / 242640 rows processed.
2026-10-06 22:10:52,310 INFO: Progress: 147000 / 242640 rows processed.
2026-10-06 22:12:09,343 INFO: Progress: 147500 / 242640 rows processed.
2026-10-06 22:13:35,135 INFO: Progress: 148000 / 242640 rows processed.
2026-10-06 22:15:00,432 INFO: Progress: 148500 / 242640 rows processed.
2026-10-06 22:16:20,542 INFO: Progress: 149000 / 242640 rows processed.
2026-10-06 22:17:39,971 INFO: Progress: 149500 / 242640 rows processed.
2026-10-06 22:18:59,189 INFO: Progress: 150000 / 242640 rows processed.
2026-10-06 22:20:11,128 INFO: Progress: 150500 / 242640 rows processed.
2026-10-06 22:21:43,552 INFO: Progress: 151000 / 242640 rows processed.
2026-10-06 22:23:07,228 INFO: Progress: 151500 / 242640 rows processed.
2026-10-06 22:24:43,991 INFO: Progress: 152000 / 242640 rows processed.
2026-10-06 22:26:19,244 INFO: Progress: 152500 / 242640 rows processed.
2026-10-06 22:27:30,509 INFO: Progress: 153000 / 242640 rows processed.
2026-10-06 22:29:05,016 INFO: Progress: 153500 / 242640 rows processed.
2026-10-06 22:30:45,390 INFO: Progress: 154000 / 242640 rows processed.
2026-10-06 22:32:15,064 INFO: Progress: 154500 / 242640 rows processed.
2026-10-06 22:33:40,605 INFO: Progress: 155000 / 242640 rows processed.
2026-10-06 22:34:54,170 INFO: Progress: 155500 / 242640 rows processed.
2026-10-06 22:36:27,390 INFO: Progress: 156000 / 242640 rows processed.
2026-10-06 22:38:01,992 INFO: Progress: 156500 / 242640 rows processed.
2026-10-06 22:39:37,774 INFO: Progress: 157000 / 242640 rows processed.
2026-10-06 22:41:12,734 INFO: Progress: 157500 / 242640 rows processed.
2026-10-06 22:42:49,668 INFO: Progress: 158000 / 242640 rows processed.
2026-10-06 22:44:08,679 INFO: Progress: 158500 / 242640 rows processed.
2026-10-06 22:45:25,906 INFO: Progress: 159000 / 242640 rows processed.
2026-10-06 22:47:16,778 INFO: Progress: 159500 / 242640 rows processed.
2026-10-06 22:48:29,900 INFO: Progress: 160000 / 242640 rows processed.
2026-10-06 22:49:53,200 INFO: Progress: 160500 / 242640 rows processed.
2026-10-06 22:51:04,078 INFO: Progress: 161000 / 242640 rows processed.
2026-10-06 22:52:11,204 INFO: Progress: 161500 / 242640 rows processed.
2026-10-06 22:53:36,955 INFO: Progress: 162000 / 242640 rows processed.
2026-10-06 22:54:57,422 INFO: Progress: 162500 / 242640 rows processed.
2026-10-06 22:56:20,640 INFO: Progress: 163000 / 242640 rows processed.
2026-10-06 22:57:45,016 INFO: Progress: 163500 / 242640 rows processed.
2026-10-06 22:59:28,565 INFO: Progress: 164000 / 242640 rows processed.
2026-10-06 23:01:17,774 INFO: Progress: 164500 / 242640 rows processed.
2026-10-06 23:02:53,725 INFO: Progress: 165000 / 242640 rows processed.
2026-10-06 23:04:09,265 INFO: Progress: 165500 / 242640 rows processed.
2026-10-06 23:05:17,915 INFO: Progress: 166000 / 242640 rows processed.
2026-10-06 23:06:38,940 INFO: Progress: 166500 / 242640 rows processed.
2026-10-06 23:08:20,369 INFO: Progress: 167000 / 242640 rows processed.
2026-10-06 23:10:11,745 INFO: Progress: 167500 / 242640 rows processed.
2026-10-06 23:11:32,699 INFO: Progress: 168000 / 242640 rows processed.
2026-10-06 23:12:57,230 INFO: Progress: 168500 / 242640 rows processed.
2026-10-06 23:14:27,770 INFO: Progress: 169000 / 242640 rows processed.
2026-10-06 23:15:34,353 INFO: Progress: 169500 / 242640 rows processed.
2026-10-06 23:17:08,620 INFO: Progress: 170000 / 242640 rows processed.
2026-10-06 23:18:28,149 INFO: Progress: 170500 / 242640 rows processed.
2026-10-06 23:19:58,828 INFO: Progress: 171000 / 242640 rows processed.
2026-10-06 23:21:23,178 INFO: Progress: 171500 / 242640 rows processed.
2026-10-06 23:22:43,028 INFO: Progress: 172000 / 242640 rows processed.
2026-10-06 23:24:28,229 INFO: Progress: 172500 / 242640 rows processed.
2026-10-06 23:25:45,425 INFO: Progress: 173000 / 242640 rows processed.
2026-10-06 23:27:14,762 INFO: Progress: 173500 / 242640 rows processed.
2026-10-06 23:28:44,715 INFO: Progress: 174000 / 242640 rows processed.
2026-10-06 23:30:06,492 INFO: Progress: 174500 / 242640 rows processed.
2026-10-06 23:31:32,255 INFO: Progress: 175000 / 242640 rows processed.
2026-10-06 23:32:37,145 INFO: Progress: 175500 / 242640 rows processed.
2026-10-06 23:33:35,107 INFO: Progress: 176000 / 242640 rows processed.
2026-10-06 23:34:34,851 INFO: Progress: 176500 / 242640 rows processed.
2026-10-06 23:35:27,240 INFO: Progress: 177000 / 242640 rows processed.
2026-10-06 23:36:30,290 INFO: Progress: 177500 / 242640 rows processed.
2026-10-06 23:37:21,272 INFO: Progress: 178000 / 242640 rows processed.
2026-10-06 23:38:13,946 INFO: Progress: 178500 / 242640 rows processed.
2026-10-06 23:39:14,017 INFO: Progress: 179000 / 242640 rows processed.
2026-10-06 23:40:07,151 INFO: Progress: 179500 / 242640 rows processed.
2026-10-06 23:40:56,360 INFO: Progress: 180000 / 242640 rows processed.
2026-10-06 23:41:45,278 INFO: Progress: 180500 / 242640 rows processed.
2026-10-06 23:42:54,412 INFO: Progress: 181000 / 242640 rows processed.
2026-10-06 23:43:50,953 INFO: Progress: 181500 / 242640 rows processed.
2026-10-06 23:44:32,207 INFO: Progress: 182000 / 242640 rows processed.
2026-10-06 23:45:22,961 INFO: Progress: 182500 / 242640 rows processed.
2026-10-06 23:46:15,273 INFO: Progress: 183000 / 242640 rows processed.
2026-10-06 23:47:10,295 INFO: Progress: 183500 / 242640 rows processed.
2026-10-06 23:47:54,298 INFO: Progress: 184000 / 242640 rows processed.
2026-10-06 23:48:47,966 INFO: Progress: 184500 / 242640 rows processed.
2026-10-06 23:49:28,477 INFO: Progress: 185000 / 242640 rows processed.
2026-10-06 23:50:10,353 INFO: Progress: 185500 / 242640 rows processed.
2026-10-06 23:50:57,211 INFO: Progress: 186000 / 242640 rows processed.
2026-10-06 23:51:43,308 INFO: Progress: 186500 / 242640 rows processed.
2026-10-06 23:52:30,209 INFO: Progress: 187000 / 242640 rows processed.
2026-10-06 23:53:14,999 INFO: Progress: 187500 / 242640 rows processed.
2026-10-06 23:53:58,920 INFO: Progress: 188000 / 242640 rows processed.
2026-10-06 23:54:43,797 INFO: Progress: 188500 / 242640 rows processed.
2026-10-06 23:55:35,856 INFO: Progress: 189000 / 242640 rows processed.
2026-10-06 23:56:20,037 INFO: Progress: 189500 / 242640 rows processed.
2026-10-06 23:57:11,692 INFO: Progress: 190000 / 242640 rows processed.
2026-10-06 23:57:56,479 INFO: Progress: 190500 / 242640 rows processed.
2026-10-06 23:58:40,034 INFO: Progress: 191000 / 242640 rows processed.
2026-10-06 23:59:28,979 INFO: Progress: 191500 / 242640 rows processed.
2026-10-07 00:00:16,387 INFO: Progress: 192000 / 242640 rows processed.
2026-10-07 00:01:11,234 INFO: Progress: 192500 / 242640 rows processed.
2026-10-07 00:02:00,451 INFO: Progress: 193000 / 242640 rows processed.
2026-10-07 00:02:46,614 INFO: Progress: 193500 / 242640 rows processed.
2026-10-07 00:03:37,937 INFO: Progress: 194000 / 242640 rows processed.
2026-10-07 00:04:32,153 INFO: Progress: 194500 / 242640 rows processed.
2026-10-07 00:05:13,360 INFO: Progress: 195000 / 242640 rows processed.
2026-10-07 00:06:04,413 INFO: Progress: 195500 / 242640 rows processed.
2026-10-07 00:06:54,175 INFO: Progress: 196000 / 242640 rows processed.
2026-10-07 00:07:46,776 INFO: Progress: 196500 / 242640 rows processed.
2026-10-07 00:08:42,758 INFO: Progress: 197000 / 242640 rows processed.
2026-10-07 00:09:27,269 INFO: Progress: 197500 / 242640 rows processed.
2026-10-07 00:10:21,058 INFO: Progress: 198000 / 242640 rows processed.
2026-10-07 00:11:19,996 INFO: Progress: 198500 / 242640 rows processed.
2026-10-07 00:12:03,691 INFO: Progress: 199000 / 242640 rows processed.
2026-10-07 00:12:53,660 INFO: Progress: 199500 / 242640 rows processed.
2026-10-07 00:13:42,654 INFO: Progress: 200000 / 242640 rows processed.
2026-10-07 00:14:42,891 INFO: Progress: 200500 / 242640 rows processed.
2026-10-07 00:15:31,105 INFO: Progress: 201000 / 242640 rows processed.
2026-10-07 00:16:18,893 INFO: Progress: 201500 / 242640 rows processed.
2026-10-07 00:17:04,720 INFO: Progress: 202000 / 242640 rows processed.
2026-10-07 00:17:51,337 INFO: Progress: 202500 / 242640 rows processed.
2026-10-07 00:18:47,483 INFO: Progress: 203000 / 242640 rows processed.
2026-10-07 00:19:32,327 INFO: Progress: 203500 / 242640 rows processed.
2026-10-07 00:20:21,982 INFO: Progress: 204000 / 242640 rows processed.
2026-10-07 00:21:10,699 INFO: Progress: 204500 / 242640 rows processed.
2026-10-07 00:22:05,871 INFO: Progress: 205000 / 242640 rows processed.
2026-10-07 00:22:54,130 INFO: Progress: 205500 / 242640 rows processed.
2026-10-07 00:23:47,681 INFO: Progress: 206000 / 242640 rows processed.
2026-10-07 00:24:35,661 INFO: Progress: 206500 / 242640 rows processed.
2026-10-07 00:25:30,100 INFO: Progress: 207000 / 242640 rows processed.
2026-10-07 00:26:32,357 INFO: Progress: 207500 / 242640 rows processed.
2026-10-07 00:27:25,402 INFO: Progress: 208000 / 242640 rows processed.
2026-10-07 00:28:16,964 INFO: Progress: 208500 / 242640 rows processed.
2026-10-07 00:29:05,086 INFO: Progress: 209000 / 242640 rows processed.
2026-10-07 00:30:04,769 INFO: Progress: 209500 / 242640 rows processed.
2026-10-07 00:30:57,467 INFO: Progress: 210000 / 242640 rows processed.
2026-10-07 00:31:44,065 INFO: Progress: 210500 / 242640 rows processed.
2026-10-07 00:32:26,422 INFO: Progress: 211000 / 242640 rows processed.
2026-10-07 00:34:00,923 INFO: Progress: 211500 / 242640 rows processed.
2026-10-07 00:35:26,132 INFO: Progress: 212000 / 242640 rows processed.
2026-10-07 00:36:51,024 INFO: Progress: 212500 / 242640 rows processed.
2026-10-07 00:38:29,201 INFO: Progress: 213000 / 242640 rows processed.
2026-10-07 00:39:43,401 INFO: Progress: 213500 / 242640 rows processed.
2026-10-07 00:41:12,904 INFO: Progress: 214000 / 242640 rows processed.
2026-10-07 00:42:48,989 INFO: Progress: 214500 / 242640 rows processed.
2026-10-07 00:44:15,825 INFO: Progress: 215000 / 242640 rows processed.
2026-10-07 00:45:52,419 INFO: Progress: 215500 / 242640 rows processed.
2026-10-07 00:47:18,566 INFO: Progress: 216000 / 242640 rows processed.
2026-10-07 00:48:51,586 INFO: Progress: 216500 / 242640 rows processed.
2026-10-07 00:50:28,264 INFO: Progress: 217000 / 242640 rows processed.
2026-10-07 00:52:09,939 INFO: Progress: 217500 / 242640 rows processed.
2026-10-07 00:53:39,054 INFO: Progress: 218000 / 242640 rows processed.
2026-10-07 00:55:14,211 INFO: Progress: 218500 / 242640 rows processed.
2026-10-07 00:56:51,279 INFO: Progress: 219000 / 242640 rows processed.
2026-10-07 00:58:08,996 INFO: Progress: 219500 / 242640 rows processed.
2026-10-07 00:59:40,208 INFO: Progress: 220000 / 242640 rows processed.
2026-10-07 01:01:23,820 INFO: Progress: 220500 / 242640 rows processed.
2026-10-07 01:02:42,343 INFO: Progress: 221000 / 242640 rows processed.
2026-10-07 01:04:23,576 INFO: Progress: 221500 / 242640 rows processed.
2026-10-07 01:05:55,171 INFO: Progress: 222000 / 242640 rows processed.
2026-10-07 01:07:39,417 INFO: Progress: 222500 / 242640 rows processed.
2026-10-07 01:08:44,756 INFO: Progress: 223000 / 242640 rows processed.
2026-10-07 01:10:02,008 INFO: Progress: 223500 / 242640 rows processed.
2026-10-07 01:11:37,482 INFO: Progress: 224000 / 242640 rows processed.
2026-10-07 01:13:14,408 INFO: Progress: 224500 / 242640 rows processed.
2026-10-07 01:14:28,568 INFO: Progress: 225000 / 242640 rows processed.
2026-10-07 01:16:03,249 INFO: Progress: 225500 / 242640 rows processed.
2026-10-07 01:17:35,331 INFO: Progress: 226000 / 242640 rows processed.
2026-10-07 01:18:57,050 INFO: Progress: 226500 / 242640 rows processed.
2026-10-07 01:20:09,907 INFO: Progress: 227000 / 242640 rows processed.
2026-10-07 01:21:52,139 INFO: Progress: 227500 / 242640 rows processed.
2026-10-07 01:23:40,817 INFO: Progress: 228000 / 242640 rows processed.
2026-10-07 01:25:02,507 INFO: Progress: 228500 / 242640 rows processed.
2026-10-07 01:26:15,261 INFO: Progress: 229000 / 242640 rows processed.
2026-10-07 01:27:12,339 INFO: Progress: 229500 / 242640 rows processed.
2026-10-07 01:28:41,797 INFO: Progress: 230000 / 242640 rows processed.
2026-10-07 01:29:57,521 INFO: Progress: 230500 / 242640 rows processed.
2026-10-07 01:31:38,539 INFO: Progress: 231000 / 242640 rows processed.
2026-10-07 01:32:59,653 INFO: Progress: 231500 / 242640 rows processed.
2026-10-07 01:34:26,418 INFO: Progress: 232000 / 242640 rows processed.
2026-10-07 01:35:54,808 INFO: Progress: 232500 / 242640 rows processed.
2026-10-07 01:37:34,520 INFO: Progress: 233000 / 242640 rows processed.
2026-10-07 01:39:02,995 INFO: Progress: 233500 / 242640 rows processed.
2026-10-07 01:40:22,240 INFO: Progress: 234000 / 242640 rows processed.
2026-10-07 01:41:50,834 INFO: Progress: 234500 / 242640 rows processed.
2026-10-07 01:43:13,054 INFO: Progress: 235000 / 242640 rows processed.
2026-10-07 01:44:17,881 INFO: Progress: 235500 / 242640 rows processed.
2026-10-07 01:46:08,813 INFO: Progress: 236000 / 242640 rows processed.
2026-10-07 01:47:35,388 INFO: Progress: 236500 / 242640 rows processed.
2026-10-07 01:48:55,000 INFO: Progress: 237000 / 242640 rows processed.
2026-10-07 01:50:22,778 INFO: Progress: 237500 / 242640 rows processed.
2026-10-07 01:52:18,756 INFO: Progress: 238000 / 242640 rows processed.
2026-10-07 01:53:56,796 INFO: Progress: 238500 / 242640 rows processed.
2026-10-07 01:55:17,663 INFO: Progress: 239000 / 242640 rows processed.
2026-10-07 01:56:44,847 INFO: Progress: 239500 / 242640 rows processed.
2026-10-07 01:57:56,379 INFO: Progress: 240000 / 242640 rows processed.
2026-10-07 01:59:22,382 INFO: Progress: 240500 / 242640 rows processed.
2026-10-07 02:00:35,898 INFO: Progress: 241000 / 242640 rows processed.
2026-10-07 02:01:55,590 INFO: Progress: 241500 / 242640 rows processed.
2026-10-07 02:03:41,306 INFO: Progress: 242000 / 242640 rows processed.
2026-10-07 02:05:08,395 INFO: Progress: 242500 / 242640 rows processed.
2026-10-07 02:05:51,921 INFO: Saved labeled.csv (242640 rows).
2026-10-07 02:05:54,166 INFO: Audit sample: 671 rows.
2026-10-07 02:05:54,167 INFO: Job phase1_gemma4_31b complete in 38614s.
