2026-05-22 13:33:36,245 INFO: Job control_qwen25_72b started.  Input: /scratch/gpfs/JORDANAT/mg9965/PromptControlText/artifacts/phase1_results_control_qwen25_72b.csv
2026-05-22 13:33:36,270 INFO: Loaded 90 rows from /scratch/gpfs/JORDANAT/mg9965/PromptControlText/artifacts/phase1_results_control_qwen25_72b.csv
2026-05-22 13:33:36,270 INFO: Resuming: 0 rows already complete.
2026-05-22 13:33:36,275 INFO: 90 rows to process.
2026-05-22 13:34:03,453 INFO: Saved labeled.csv (90 rows).
2026-05-22 13:34:03,482 INFO: Audit sample: 90 rows.
2026-05-22 13:34:03,482 INFO: Job control_qwen25_72b complete in 27s.
2026-05-22 17:49:34,639 INFO: Job control_qwen25_72b started.  Input: /scratch/gpfs/JORDANAT/mg9965/PromptControlText/artifacts/phase1_results_control_qwen25_72b.csv
2026-05-22 17:49:34,657 INFO: Loaded 90 rows from /scratch/gpfs/JORDANAT/mg9965/PromptControlText/artifacts/phase1_results_control_qwen25_72b.csv
2026-05-22 17:49:34,665 INFO: Resuming: 90 rows already complete.
2026-05-22 17:49:34,669 INFO: 2 rows to process.
2026-05-22 17:49:34,680 INFO: Saved labeled.csv (90 rows).
2026-05-22 17:49:34,700 INFO: Audit sample: 90 rows.
2026-05-22 17:49:34,702 INFO: Job control_qwen25_72b complete in 0s.
2026-05-22 18:58:44,976 INFO: Job control_qwen25_72b started.  Input: /scratch/gpfs/JORDANAT/mg9965/PromptControlText/artifacts/phase1_results_control_qwen25_72b.csv
2026-05-22 18:58:45,054 INFO: Loaded 3370 rows from /scratch/gpfs/JORDANAT/mg9965/PromptControlText/artifacts/phase1_results_control_qwen25_72b.csv
2026-05-22 18:58:45,063 INFO: Resuming: 90 rows already complete.
2026-05-22 18:58:45,160 INFO: 3346 rows to process.
2026-05-22 19:00:47,828 INFO: Progress: 500 / 3346 rows processed.
2026-05-22 19:02:23,789 INFO: Progress: 1000 / 3346 rows processed.
2026-05-22 19:03:34,303 INFO: Progress: 1500 / 3346 rows processed.
2026-05-22 19:04:47,411 INFO: Progress: 2000 / 3346 rows processed.
2026-05-22 19:05:52,721 INFO: Progress: 2500 / 3346 rows processed.
2026-05-22 19:07:08,109 INFO: Progress: 3000 / 3346 rows processed.
2026-05-22 19:07:50,395 INFO: Saved labeled.csv (3370 rows).
2026-05-22 19:07:50,487 INFO: Audit sample: 437 rows.
2026-05-22 19:07:50,489 INFO: Job control_qwen25_72b complete in 546s.
