2026-05-21 17:09:53,833 INFO: Job phase1_qwen25_72b started.  Input: /scratch/gpfs/JORDANAT/mg9965/PromptControlText/artifacts/phase1_results.csv
2026-05-21 17:09:56,173 INFO: Loaded 242640 rows from /scratch/gpfs/JORDANAT/mg9965/PromptControlText/artifacts/phase1_results.csv
2026-05-21 17:09:56,174 INFO: Resuming: 0 rows already complete.
2026-05-21 17:10:05,202 INFO: 242640 rows to process.
2026-05-21 17:12:21,024 INFO: Progress: 500 / 242640 rows processed.
2026-05-21 17:13:57,447 INFO: Progress: 1000 / 242640 rows processed.
2026-05-21 17:15:38,613 INFO: Progress: 1500 / 242640 rows processed.
2026-05-21 17:17:26,795 INFO: Progress: 2000 / 242640 rows processed.
2026-05-21 17:18:55,666 INFO: Progress: 2500 / 242640 rows processed.
2026-05-21 17:20:31,949 INFO: Progress: 3000 / 242640 rows processed.
2026-05-21 17:22:12,627 INFO: Progress: 3500 / 242640 rows processed.
2026-05-21 17:23:55,248 INFO: Progress: 4000 / 242640 rows processed.
2026-05-21 17:25:39,354 INFO: Progress: 4500 / 242640 rows processed.
2026-05-21 17:27:22,820 INFO: Progress: 5000 / 242640 rows processed.
2026-05-21 17:28:59,281 INFO: Progress: 5500 / 242640 rows processed.
2026-05-21 17:30:33,500 INFO: Progress: 6000 / 242640 rows processed.
2026-05-21 17:32:08,177 INFO: Progress: 6500 / 242640 rows processed.
2026-05-21 17:33:44,374 INFO: Progress: 7000 / 242640 rows processed.
2026-05-21 17:35:28,617 INFO: Progress: 7500 / 242640 rows processed.
2026-05-21 17:37:11,581 INFO: Progress: 8000 / 242640 rows processed.
2026-05-21 17:38:53,706 INFO: Progress: 8500 / 242640 rows processed.
2026-05-21 17:40:23,304 INFO: Progress: 9000 / 242640 rows processed.
2026-05-21 17:41:57,406 INFO: Progress: 9500 / 242640 rows processed.
2026-05-21 17:43:31,622 INFO: Progress: 10000 / 242640 rows processed.
2026-05-21 17:45:08,376 INFO: Progress: 10500 / 242640 rows processed.
2026-05-21 17:46:52,151 INFO: Progress: 11000 / 242640 rows processed.
2026-05-21 17:48:28,678 INFO: Progress: 11500 / 242640 rows processed.
2026-05-21 17:50:17,602 INFO: Progress: 12000 / 242640 rows processed.
2026-05-21 17:52:05,548 INFO: Progress: 12500 / 242640 rows processed.
2026-05-21 17:53:41,909 INFO: Progress: 13000 / 242640 rows processed.
2026-05-21 17:55:22,713 INFO: Progress: 13500 / 242640 rows processed.
2026-05-21 17:56:52,531 INFO: Progress: 14000 / 242640 rows processed.
2026-05-21 17:58:20,149 INFO: Progress: 14500 / 242640 rows processed.
2026-05-21 17:59:39,180 INFO: Progress: 15000 / 242640 rows processed.
2026-05-21 18:01:01,386 INFO: Progress: 15500 / 242640 rows processed.
2026-05-21 18:02:09,420 INFO: Progress: 16000 / 242640 rows processed.
2026-05-21 18:03:42,747 INFO: Progress: 16500 / 242640 rows processed.
2026-05-21 18:05:24,738 INFO: Progress: 17000 / 242640 rows processed.
2026-05-21 18:06:56,012 INFO: Progress: 17500 / 242640 rows processed.
2026-05-21 18:08:39,195 INFO: Progress: 18000 / 242640 rows processed.
2026-05-21 18:10:12,575 INFO: Progress: 18500 / 242640 rows processed.
2026-05-21 18:11:46,150 INFO: Progress: 19000 / 242640 rows processed.
2026-05-21 18:13:27,463 INFO: Progress: 19500 / 242640 rows processed.
2026-05-21 18:15:00,093 INFO: Progress: 20000 / 242640 rows processed.
2026-05-21 18:16:32,857 INFO: Progress: 20500 / 242640 rows processed.
2026-05-21 18:18:00,515 INFO: Progress: 21000 / 242640 rows processed.
2026-05-21 18:19:36,427 INFO: Progress: 21500 / 242640 rows processed.
2026-05-21 18:21:09,639 INFO: Progress: 22000 / 242640 rows processed.
2026-05-21 18:22:54,547 INFO: Progress: 22500 / 242640 rows processed.
2026-05-21 18:24:20,355 INFO: Progress: 23000 / 242640 rows processed.
2026-05-21 18:26:11,899 INFO: Progress: 23500 / 242640 rows processed.
2026-05-21 18:27:47,300 INFO: Progress: 24000 / 242640 rows processed.
2026-05-21 18:29:04,035 INFO: Progress: 24500 / 242640 rows processed.
2026-05-21 18:30:26,839 INFO: Progress: 25000 / 242640 rows processed.
2026-05-21 18:32:16,129 INFO: Progress: 25500 / 242640 rows processed.
2026-05-21 18:33:56,281 INFO: Progress: 26000 / 242640 rows processed.
2026-05-21 18:35:38,832 INFO: Progress: 26500 / 242640 rows processed.
2026-05-21 18:37:04,435 INFO: Progress: 27000 / 242640 rows processed.
2026-05-21 18:38:21,816 INFO: Progress: 27500 / 242640 rows processed.
2026-05-21 18:39:24,657 INFO: Progress: 28000 / 242640 rows processed.
2026-05-21 18:40:28,465 INFO: Progress: 28500 / 242640 rows processed.
2026-05-21 18:41:45,359 INFO: Progress: 29000 / 242640 rows processed.
2026-05-21 18:42:58,637 INFO: Progress: 29500 / 242640 rows processed.
2026-05-21 18:44:15,227 INFO: Progress: 30000 / 242640 rows processed.
2026-05-21 18:45:28,184 INFO: Progress: 30500 / 242640 rows processed.
2026-05-21 18:47:08,611 INFO: Progress: 31000 / 242640 rows processed.
2026-05-21 18:48:46,701 INFO: Progress: 31500 / 242640 rows processed.
2026-05-21 18:50:33,929 INFO: Progress: 32000 / 242640 rows processed.
2026-05-21 18:52:17,074 INFO: Progress: 32500 / 242640 rows processed.
2026-05-21 18:54:06,165 INFO: Progress: 33000 / 242640 rows processed.
2026-05-21 18:56:03,654 INFO: Progress: 33500 / 242640 rows processed.
2026-05-21 18:57:57,299 INFO: Progress: 34000 / 242640 rows processed.
2026-05-21 18:59:55,125 INFO: Progress: 34500 / 242640 rows processed.
2026-05-21 19:01:56,548 INFO: Progress: 35000 / 242640 rows processed.
2026-05-21 19:03:58,261 INFO: Progress: 35500 / 242640 rows processed.
2026-05-21 19:06:09,754 INFO: Progress: 36000 / 242640 rows processed.
2026-05-21 19:08:19,552 INFO: Progress: 36500 / 242640 rows processed.
2026-05-21 19:10:17,591 INFO: Progress: 37000 / 242640 rows processed.
2026-05-21 19:12:04,527 INFO: Progress: 37500 / 242640 rows processed.
2026-05-21 19:13:51,829 INFO: Progress: 38000 / 242640 rows processed.
2026-05-21 19:15:35,774 INFO: Progress: 38500 / 242640 rows processed.
2026-05-21 19:17:35,254 INFO: Progress: 39000 / 242640 rows processed.
2026-05-21 19:19:22,776 INFO: Progress: 39500 / 242640 rows processed.
2026-05-21 19:21:11,656 INFO: Progress: 40000 / 242640 rows processed.
2026-05-21 19:22:42,003 INFO: Progress: 40500 / 242640 rows processed.
2026-05-21 19:24:23,144 INFO: Progress: 41000 / 242640 rows processed.
2026-05-21 19:26:20,781 INFO: Progress: 41500 / 242640 rows processed.
2026-05-21 19:28:13,311 INFO: Progress: 42000 / 242640 rows processed.
2026-05-21 19:29:50,557 INFO: Progress: 42500 / 242640 rows processed.
2026-05-21 19:31:20,286 INFO: Progress: 43000 / 242640 rows processed.
2026-05-21 19:32:59,930 INFO: Progress: 43500 / 242640 rows processed.
2026-05-21 19:34:57,264 INFO: Progress: 44000 / 242640 rows processed.
2026-05-21 19:36:49,156 INFO: Progress: 44500 / 242640 rows processed.
2026-05-21 19:39:10,076 INFO: Progress: 45000 / 242640 rows processed.
2026-05-21 19:41:31,695 INFO: Progress: 45500 / 242640 rows processed.
2026-05-21 19:43:57,197 INFO: Progress: 46000 / 242640 rows processed.
2026-05-21 19:45:52,998 INFO: Progress: 46500 / 242640 rows processed.
2026-05-21 19:47:30,014 INFO: Progress: 47000 / 242640 rows processed.
2026-05-21 19:49:08,606 INFO: Progress: 47500 / 242640 rows processed.
2026-05-21 19:50:44,510 INFO: Progress: 48000 / 242640 rows processed.
2026-05-21 19:52:19,470 INFO: Progress: 48500 / 242640 rows processed.
2026-05-21 19:53:57,092 INFO: Progress: 49000 / 242640 rows processed.
2026-05-21 19:55:36,617 INFO: Progress: 49500 / 242640 rows processed.
2026-05-21 19:57:16,291 INFO: Progress: 50000 / 242640 rows processed.
2026-05-21 19:59:10,348 INFO: Progress: 50500 / 242640 rows processed.
2026-05-21 20:01:13,675 INFO: Progress: 51000 / 242640 rows processed.
2026-05-21 20:03:12,656 INFO: Progress: 51500 / 242640 rows processed.
2026-05-21 20:05:17,068 INFO: Progress: 52000 / 242640 rows processed.
2026-05-21 20:07:18,022 INFO: Progress: 52500 / 242640 rows processed.
2026-05-21 20:09:22,504 INFO: Progress: 53000 / 242640 rows processed.
2026-05-21 20:11:26,643 INFO: Progress: 53500 / 242640 rows processed.
2026-05-21 20:13:20,704 INFO: Progress: 54000 / 242640 rows processed.
2026-05-21 20:15:12,731 INFO: Progress: 54500 / 242640 rows processed.
2026-05-21 20:16:57,899 INFO: Progress: 55000 / 242640 rows processed.
2026-05-21 20:19:02,922 INFO: Progress: 55500 / 242640 rows processed.
2026-05-21 20:20:52,099 INFO: Progress: 56000 / 242640 rows processed.
2026-05-21 20:22:41,921 INFO: Progress: 56500 / 242640 rows processed.
2026-05-21 20:24:37,373 INFO: Progress: 57000 / 242640 rows processed.
2026-05-21 20:26:28,598 INFO: Progress: 57500 / 242640 rows processed.
2026-05-21 20:28:19,269 INFO: Progress: 58000 / 242640 rows processed.
2026-05-21 20:30:21,012 INFO: Progress: 58500 / 242640 rows processed.
2026-05-21 20:32:13,634 INFO: Progress: 59000 / 242640 rows processed.
2026-05-21 20:34:14,940 INFO: Progress: 59500 / 242640 rows processed.
2026-05-21 20:35:56,011 INFO: Progress: 60000 / 242640 rows processed.
2026-05-21 20:37:37,075 INFO: Progress: 60500 / 242640 rows processed.
2026-05-21 20:39:22,486 INFO: Progress: 61000 / 242640 rows processed.
2026-05-21 20:40:28,276 INFO: Progress: 61500 / 242640 rows processed.
2026-05-21 20:41:32,143 INFO: Progress: 62000 / 242640 rows processed.
2026-05-21 20:42:31,366 INFO: Progress: 62500 / 242640 rows processed.
2026-05-21 20:43:36,488 INFO: Progress: 63000 / 242640 rows processed.
2026-05-21 20:44:40,904 INFO: Progress: 63500 / 242640 rows processed.
2026-05-21 20:45:57,025 INFO: Progress: 64000 / 242640 rows processed.
2026-05-21 20:46:57,902 INFO: Progress: 64500 / 242640 rows processed.
2026-05-21 20:47:57,124 INFO: Progress: 65000 / 242640 rows processed.
2026-05-21 20:48:53,846 INFO: Progress: 65500 / 242640 rows processed.
2026-05-21 20:50:02,940 INFO: Progress: 66000 / 242640 rows processed.
2026-05-21 20:51:10,174 INFO: Progress: 66500 / 242640 rows processed.
2026-05-21 20:52:08,282 INFO: Progress: 67000 / 242640 rows processed.
2026-05-21 20:53:06,177 INFO: Progress: 67500 / 242640 rows processed.
2026-05-21 20:54:02,400 INFO: Progress: 68000 / 242640 rows processed.
2026-05-21 20:55:01,574 INFO: Progress: 68500 / 242640 rows processed.
2026-05-21 20:55:59,591 INFO: Progress: 69000 / 242640 rows processed.
2026-05-21 20:57:06,202 INFO: Progress: 69500 / 242640 rows processed.
2026-05-21 20:58:13,090 INFO: Progress: 70000 / 242640 rows processed.
2026-05-21 20:59:18,859 INFO: Progress: 70500 / 242640 rows processed.
2026-05-21 21:00:25,602 INFO: Progress: 71000 / 242640 rows processed.
2026-05-21 21:01:32,883 INFO: Progress: 71500 / 242640 rows processed.
2026-05-21 21:02:41,599 INFO: Progress: 72000 / 242640 rows processed.
2026-05-21 21:03:37,963 INFO: Progress: 72500 / 242640 rows processed.
2026-05-21 21:04:35,425 INFO: Progress: 73000 / 242640 rows processed.
2026-05-21 21:05:30,133 INFO: Progress: 73500 / 242640 rows processed.
2026-05-21 21:06:27,549 INFO: Progress: 74000 / 242640 rows processed.
2026-05-21 21:07:28,222 INFO: Progress: 74500 / 242640 rows processed.
2026-05-21 21:08:43,637 INFO: Progress: 75000 / 242640 rows processed.
2026-05-21 21:09:39,210 INFO: Progress: 75500 / 242640 rows processed.
2026-05-21 21:10:48,354 INFO: Progress: 76000 / 242640 rows processed.
2026-05-21 21:11:49,476 INFO: Progress: 76500 / 242640 rows processed.
2026-05-21 21:12:49,912 INFO: Progress: 77000 / 242640 rows processed.
2026-05-21 21:13:49,442 INFO: Progress: 77500 / 242640 rows processed.
2026-05-21 21:14:42,337 INFO: Progress: 78000 / 242640 rows processed.
2026-05-21 21:15:44,674 INFO: Progress: 78500 / 242640 rows processed.
2026-05-21 21:16:48,141 INFO: Progress: 79000 / 242640 rows processed.
2026-05-21 21:17:50,948 INFO: Progress: 79500 / 242640 rows processed.
2026-05-21 21:18:51,418 INFO: Progress: 80000 / 242640 rows processed.
2026-05-21 21:19:57,777 INFO: Progress: 80500 / 242640 rows processed.
2026-05-21 21:20:54,894 INFO: Progress: 81000 / 242640 rows processed.
2026-05-21 21:21:51,093 INFO: Progress: 81500 / 242640 rows processed.
2026-05-21 21:22:50,994 INFO: Progress: 82000 / 242640 rows processed.
2026-05-21 21:23:51,991 INFO: Progress: 82500 / 242640 rows processed.
2026-05-21 21:24:45,719 INFO: Progress: 83000 / 242640 rows processed.
2026-05-21 21:25:47,177 INFO: Progress: 83500 / 242640 rows processed.
2026-05-21 21:26:44,957 INFO: Progress: 84000 / 242640 rows processed.
2026-05-21 21:27:42,100 INFO: Progress: 84500 / 242640 rows processed.
2026-05-21 21:28:44,382 INFO: Progress: 85000 / 242640 rows processed.
2026-05-21 21:29:39,338 INFO: Progress: 85500 / 242640 rows processed.
2026-05-21 21:30:42,433 INFO: Progress: 86000 / 242640 rows processed.
2026-05-21 21:31:51,938 INFO: Progress: 86500 / 242640 rows processed.
2026-05-21 21:32:50,864 INFO: Progress: 87000 / 242640 rows processed.
2026-05-21 21:33:59,549 INFO: Progress: 87500 / 242640 rows processed.
2026-05-21 21:34:50,896 INFO: Progress: 88000 / 242640 rows processed.
2026-05-21 21:35:47,799 INFO: Progress: 88500 / 242640 rows processed.
2026-05-21 21:36:49,008 INFO: Progress: 89000 / 242640 rows processed.
2026-05-21 21:37:47,210 INFO: Progress: 89500 / 242640 rows processed.
2026-05-21 21:38:43,196 INFO: Progress: 90000 / 242640 rows processed.
2026-05-21 21:39:40,098 INFO: Progress: 90500 / 242640 rows processed.
2026-05-21 21:40:38,713 INFO: Progress: 91000 / 242640 rows processed.
2026-05-21 21:41:49,510 INFO: Progress: 91500 / 242640 rows processed.
2026-05-21 21:42:42,269 INFO: Progress: 92000 / 242640 rows processed.
2026-05-21 21:43:35,678 INFO: Progress: 92500 / 242640 rows processed.
2026-05-21 21:44:41,131 INFO: Progress: 93000 / 242640 rows processed.
2026-05-21 21:45:47,959 INFO: Progress: 93500 / 242640 rows processed.
2026-05-21 21:46:50,133 INFO: Progress: 94000 / 242640 rows processed.
2026-05-21 21:47:48,134 INFO: Progress: 94500 / 242640 rows processed.
2026-05-21 21:48:49,302 INFO: Progress: 95000 / 242640 rows processed.
2026-05-21 21:49:47,580 INFO: Progress: 95500 / 242640 rows processed.
2026-05-21 21:50:45,376 INFO: Progress: 96000 / 242640 rows processed.
2026-05-21 21:51:39,334 INFO: Progress: 96500 / 242640 rows processed.
2026-05-21 21:52:35,841 INFO: Progress: 97000 / 242640 rows processed.
2026-05-21 21:53:38,037 INFO: Progress: 97500 / 242640 rows processed.
2026-05-21 21:54:36,223 INFO: Progress: 98000 / 242640 rows processed.
2026-05-21 21:55:43,010 INFO: Progress: 98500 / 242640 rows processed.
2026-05-21 21:56:38,127 INFO: Progress: 99000 / 242640 rows processed.
2026-05-21 21:57:29,058 INFO: Progress: 99500 / 242640 rows processed.
2026-05-21 21:58:37,156 INFO: Progress: 100000 / 242640 rows processed.
2026-05-21 21:59:36,104 INFO: Progress: 100500 / 242640 rows processed.
2026-05-21 22:00:49,902 INFO: Progress: 101000 / 242640 rows processed.
2026-05-21 22:01:57,415 INFO: Progress: 101500 / 242640 rows processed.
2026-05-21 22:02:57,460 INFO: Progress: 102000 / 242640 rows processed.
2026-05-21 22:03:47,335 INFO: Progress: 102500 / 242640 rows processed.
2026-05-21 22:04:39,452 INFO: Progress: 103000 / 242640 rows processed.
2026-05-21 22:05:37,479 INFO: Progress: 103500 / 242640 rows processed.
2026-05-21 22:06:46,008 INFO: Progress: 104000 / 242640 rows processed.
2026-05-21 22:07:40,788 INFO: Progress: 104500 / 242640 rows processed.
2026-05-21 22:08:40,474 INFO: Progress: 105000 / 242640 rows processed.
2026-05-21 22:09:49,891 INFO: Progress: 105500 / 242640 rows processed.
2026-05-21 22:10:53,436 INFO: Progress: 106000 / 242640 rows processed.
2026-05-21 22:11:51,448 INFO: Progress: 106500 / 242640 rows processed.
2026-05-21 22:12:47,527 INFO: Progress: 107000 / 242640 rows processed.
2026-05-21 22:13:42,673 INFO: Progress: 107500 / 242640 rows processed.
2026-05-21 22:14:43,935 INFO: Progress: 108000 / 242640 rows processed.
2026-05-21 22:15:42,302 INFO: Progress: 108500 / 242640 rows processed.
2026-05-21 22:16:45,111 INFO: Progress: 109000 / 242640 rows processed.
2026-05-21 22:17:38,963 INFO: Progress: 109500 / 242640 rows processed.
2026-05-21 22:18:34,893 INFO: Progress: 110000 / 242640 rows processed.
2026-05-21 22:19:29,095 INFO: Progress: 110500 / 242640 rows processed.
2026-05-21 22:20:28,448 INFO: Progress: 111000 / 242640 rows processed.
2026-05-21 22:21:30,969 INFO: Progress: 111500 / 242640 rows processed.
2026-05-21 22:22:26,880 INFO: Progress: 112000 / 242640 rows processed.
2026-05-21 22:23:22,780 INFO: Progress: 112500 / 242640 rows processed.
2026-05-21 22:24:18,174 INFO: Progress: 113000 / 242640 rows processed.
2026-05-21 22:25:29,561 INFO: Progress: 113500 / 242640 rows processed.
2026-05-21 22:26:34,603 INFO: Progress: 114000 / 242640 rows processed.
2026-05-21 22:27:32,750 INFO: Progress: 114500 / 242640 rows processed.
2026-05-21 22:28:33,976 INFO: Progress: 115000 / 242640 rows processed.
2026-05-21 22:29:35,026 INFO: Progress: 115500 / 242640 rows processed.
2026-05-21 22:30:53,234 INFO: Progress: 116000 / 242640 rows processed.
2026-05-21 22:31:48,563 INFO: Progress: 116500 / 242640 rows processed.
2026-05-21 22:33:00,186 INFO: Progress: 117000 / 242640 rows processed.
2026-05-21 22:34:02,905 INFO: Progress: 117500 / 242640 rows processed.
2026-05-21 22:35:04,328 INFO: Progress: 118000 / 242640 rows processed.
2026-05-21 22:36:09,034 INFO: Progress: 118500 / 242640 rows processed.
2026-05-21 22:37:09,088 INFO: Progress: 119000 / 242640 rows processed.
2026-05-21 22:38:08,158 INFO: Progress: 119500 / 242640 rows processed.
2026-05-21 22:39:14,148 INFO: Progress: 120000 / 242640 rows processed.
2026-05-21 22:40:10,361 INFO: Progress: 120500 / 242640 rows processed.
2026-05-21 22:41:18,738 INFO: Progress: 121000 / 242640 rows processed.
2026-05-21 22:42:18,712 INFO: Progress: 121500 / 242640 rows processed.
2026-05-21 22:43:20,065 INFO: Progress: 122000 / 242640 rows processed.
2026-05-21 22:44:31,980 INFO: Progress: 122500 / 242640 rows processed.
2026-05-21 22:45:31,224 INFO: Progress: 123000 / 242640 rows processed.
2026-05-21 22:46:33,727 INFO: Progress: 123500 / 242640 rows processed.
2026-05-21 22:47:33,011 INFO: Progress: 124000 / 242640 rows processed.
2026-05-21 22:48:41,031 INFO: Progress: 124500 / 242640 rows processed.
2026-05-21 22:49:40,918 INFO: Progress: 125000 / 242640 rows processed.
2026-05-21 22:50:38,427 INFO: Progress: 125500 / 242640 rows processed.
2026-05-21 22:51:41,856 INFO: Progress: 126000 / 242640 rows processed.
2026-05-21 22:52:42,105 INFO: Progress: 126500 / 242640 rows processed.
2026-05-21 22:53:40,533 INFO: Progress: 127000 / 242640 rows processed.
2026-05-21 22:54:46,626 INFO: Progress: 127500 / 242640 rows processed.
2026-05-21 22:55:49,341 INFO: Progress: 128000 / 242640 rows processed.
2026-05-21 22:56:46,718 INFO: Progress: 128500 / 242640 rows processed.
2026-05-21 22:57:43,612 INFO: Progress: 129000 / 242640 rows processed.
2026-05-21 22:58:46,347 INFO: Progress: 129500 / 242640 rows processed.
2026-05-21 22:59:51,098 INFO: Progress: 130000 / 242640 rows processed.
2026-05-21 23:00:52,683 INFO: Progress: 130500 / 242640 rows processed.
2026-05-21 23:01:48,992 INFO: Progress: 131000 / 242640 rows processed.
2026-05-21 23:02:48,506 INFO: Progress: 131500 / 242640 rows processed.
2026-05-21 23:03:48,008 INFO: Progress: 132000 / 242640 rows processed.
2026-05-21 23:04:47,678 INFO: Progress: 132500 / 242640 rows processed.
2026-05-21 23:05:50,918 INFO: Progress: 133000 / 242640 rows processed.
2026-05-21 23:06:51,684 INFO: Progress: 133500 / 242640 rows processed.
2026-05-21 23:07:51,321 INFO: Progress: 134000 / 242640 rows processed.
2026-05-21 23:08:51,317 INFO: Progress: 134500 / 242640 rows processed.
2026-05-21 23:09:55,646 INFO: Progress: 135000 / 242640 rows processed.
2026-05-21 23:10:50,807 INFO: Progress: 135500 / 242640 rows processed.
2026-05-21 23:11:48,313 INFO: Progress: 136000 / 242640 rows processed.
2026-05-21 23:12:45,211 INFO: Progress: 136500 / 242640 rows processed.
2026-05-21 23:13:41,817 INFO: Progress: 137000 / 242640 rows processed.
2026-05-21 23:14:40,230 INFO: Progress: 137500 / 242640 rows processed.
2026-05-21 23:15:34,763 INFO: Progress: 138000 / 242640 rows processed.
2026-05-21 23:16:37,211 INFO: Progress: 138500 / 242640 rows processed.
2026-05-21 23:17:34,672 INFO: Progress: 139000 / 242640 rows processed.
2026-05-21 23:18:36,078 INFO: Progress: 139500 / 242640 rows processed.
2026-05-21 23:19:31,734 INFO: Progress: 140000 / 242640 rows processed.
2026-05-21 23:20:35,543 INFO: Progress: 140500 / 242640 rows processed.
2026-05-21 23:21:35,683 INFO: Progress: 141000 / 242640 rows processed.
2026-05-21 23:22:40,984 INFO: Progress: 141500 / 242640 rows processed.
2026-05-21 23:23:52,407 INFO: Progress: 142000 / 242640 rows processed.
2026-05-21 23:25:01,138 INFO: Progress: 142500 / 242640 rows processed.
2026-05-21 23:26:05,110 INFO: Progress: 143000 / 242640 rows processed.
2026-05-21 23:27:02,528 INFO: Progress: 143500 / 242640 rows processed.
2026-05-21 23:27:58,506 INFO: Progress: 144000 / 242640 rows processed.
2026-05-21 23:29:10,177 INFO: Progress: 144500 / 242640 rows processed.
2026-05-21 23:30:03,818 INFO: Progress: 145000 / 242640 rows processed.
2026-05-21 23:30:59,282 INFO: Progress: 145500 / 242640 rows processed.
2026-05-21 23:32:07,968 INFO: Progress: 146000 / 242640 rows processed.
2026-05-21 23:33:10,296 INFO: Progress: 146500 / 242640 rows processed.
2026-05-21 23:34:12,759 INFO: Progress: 147000 / 242640 rows processed.
2026-05-21 23:35:08,813 INFO: Progress: 147500 / 242640 rows processed.
2026-05-21 23:36:09,727 INFO: Progress: 148000 / 242640 rows processed.
2026-05-21 23:37:10,838 INFO: Progress: 148500 / 242640 rows processed.
2026-05-21 23:38:10,487 INFO: Progress: 149000 / 242640 rows processed.
2026-05-21 23:39:13,457 INFO: Progress: 149500 / 242640 rows processed.
2026-05-21 23:40:08,599 INFO: Progress: 150000 / 242640 rows processed.
2026-05-21 23:41:04,688 INFO: Progress: 150500 / 242640 rows processed.
2026-05-21 23:42:05,347 INFO: Progress: 151000 / 242640 rows processed.
2026-05-21 23:43:14,236 INFO: Progress: 151500 / 242640 rows processed.
2026-05-21 23:44:20,298 INFO: Progress: 152000 / 242640 rows processed.
2026-05-21 23:45:23,198 INFO: Progress: 152500 / 242640 rows processed.
2026-05-21 23:46:41,218 INFO: Progress: 153000 / 242640 rows processed.
2026-05-21 23:47:40,455 INFO: Progress: 153500 / 242640 rows processed.
2026-05-21 23:48:49,841 INFO: Progress: 154000 / 242640 rows processed.
2026-05-21 23:49:50,220 INFO: Progress: 154500 / 242640 rows processed.
2026-05-21 23:50:53,139 INFO: Progress: 155000 / 242640 rows processed.
2026-05-21 23:51:45,179 INFO: Progress: 155500 / 242640 rows processed.
2026-05-21 23:52:50,379 INFO: Progress: 156000 / 242640 rows processed.
2026-05-21 23:53:54,200 INFO: Progress: 156500 / 242640 rows processed.
2026-05-21 23:54:51,746 INFO: Progress: 157000 / 242640 rows processed.
2026-05-21 23:55:53,761 INFO: Progress: 157500 / 242640 rows processed.
2026-05-21 23:57:12,126 INFO: Progress: 158000 / 242640 rows processed.
2026-05-21 23:58:10,785 INFO: Progress: 158500 / 242640 rows processed.
2026-05-21 23:59:05,508 INFO: Progress: 159000 / 242640 rows processed.
2026-05-22 00:00:13,029 INFO: Progress: 159500 / 242640 rows processed.
2026-05-22 00:01:05,915 INFO: Progress: 160000 / 242640 rows processed.
2026-05-22 00:02:01,473 INFO: Progress: 160500 / 242640 rows processed.
2026-05-22 00:02:56,883 INFO: Progress: 161000 / 242640 rows processed.
2026-05-22 00:03:50,327 INFO: Progress: 161500 / 242640 rows processed.
2026-05-22 00:04:45,257 INFO: Progress: 162000 / 242640 rows processed.
2026-05-22 00:05:44,601 INFO: Progress: 162500 / 242640 rows processed.
2026-05-22 00:06:41,540 INFO: Progress: 163000 / 242640 rows processed.
2026-05-22 00:07:38,817 INFO: Progress: 163500 / 242640 rows processed.
2026-05-22 00:08:46,661 INFO: Progress: 164000 / 242640 rows processed.
2026-05-22 00:09:53,169 INFO: Progress: 164500 / 242640 rows processed.
2026-05-22 00:10:57,246 INFO: Progress: 165000 / 242640 rows processed.
2026-05-22 00:11:54,321 INFO: Progress: 165500 / 242640 rows processed.
2026-05-22 00:12:52,599 INFO: Progress: 166000 / 242640 rows processed.
2026-05-22 00:13:46,577 INFO: Progress: 166500 / 242640 rows processed.
2026-05-22 00:14:55,241 INFO: Progress: 167000 / 242640 rows processed.
2026-05-22 00:16:03,731 INFO: Progress: 167500 / 242640 rows processed.
2026-05-22 00:16:59,938 INFO: Progress: 168000 / 242640 rows processed.
2026-05-22 00:17:57,836 INFO: Progress: 168500 / 242640 rows processed.
2026-05-22 00:18:55,788 INFO: Progress: 169000 / 242640 rows processed.
2026-05-22 00:19:56,743 INFO: Progress: 169500 / 242640 rows processed.
2026-05-22 00:21:04,314 INFO: Progress: 170000 / 242640 rows processed.
2026-05-22 00:22:04,780 INFO: Progress: 170500 / 242640 rows processed.
2026-05-22 00:23:00,832 INFO: Progress: 171000 / 242640 rows processed.
2026-05-22 00:24:02,940 INFO: Progress: 171500 / 242640 rows processed.
2026-05-22 00:24:57,312 INFO: Progress: 172000 / 242640 rows processed.
2026-05-22 00:25:57,423 INFO: Progress: 172500 / 242640 rows processed.
2026-05-22 00:26:55,475 INFO: Progress: 173000 / 242640 rows processed.
2026-05-22 00:27:56,264 INFO: Progress: 173500 / 242640 rows processed.
2026-05-22 00:29:01,161 INFO: Progress: 174000 / 242640 rows processed.
2026-05-22 00:29:58,679 INFO: Progress: 174500 / 242640 rows processed.
2026-05-22 00:31:13,340 INFO: Progress: 175000 / 242640 rows processed.
2026-05-22 00:32:04,925 INFO: Progress: 175500 / 242640 rows processed.
2026-05-22 00:32:56,541 INFO: Progress: 176000 / 242640 rows processed.
2026-05-22 00:33:59,694 INFO: Progress: 176500 / 242640 rows processed.
2026-05-22 00:34:51,837 INFO: Progress: 177000 / 242640 rows processed.
2026-05-22 00:34:54,661 WARNING: Row 177289: skipped — Row has no non-empty model_output / model_out value.
2026-05-22 00:34:54,833 WARNING: Row 177294: skipped — Row has no non-empty model_output / model_out value.
2026-05-22 00:34:57,433 WARNING: Row 177320: skipped — Row has no non-empty model_output / model_out value.
2026-05-22 00:34:57,437 WARNING: Row 177321: skipped — Row has no non-empty model_output / model_out value.
2026-05-22 00:34:57,442 WARNING: Row 177322: skipped — Row has no non-empty model_output / model_out value.
2026-05-22 00:34:57,443 WARNING: Row 177323: skipped — Row has no non-empty model_output / model_out value.
2026-05-22 00:34:58,702 WARNING: Row 177333: skipped — Row has no non-empty model_output / model_out value.
2026-05-22 00:34:58,897 WARNING: Row 177338: skipped — Row has no non-empty model_output / model_out value.
2026-05-22 00:35:52,657 INFO: Progress: 177500 / 242640 rows processed.
2026-05-22 00:36:51,731 INFO: Progress: 178000 / 242640 rows processed.
2026-05-22 00:37:44,032 INFO: Progress: 178500 / 242640 rows processed.
2026-05-22 00:38:43,189 INFO: Progress: 179000 / 242640 rows processed.
2026-05-22 00:39:37,923 INFO: Progress: 179500 / 242640 rows processed.
2026-05-22 00:40:29,421 INFO: Progress: 180000 / 242640 rows processed.
2026-05-22 00:41:28,068 INFO: Progress: 180500 / 242640 rows processed.
2026-05-22 00:42:27,673 INFO: Progress: 181000 / 242640 rows processed.
2026-05-22 00:43:18,662 INFO: Progress: 181500 / 242640 rows processed.
2026-05-22 00:44:01,360 INFO: Progress: 182000 / 242640 rows processed.
2026-05-22 00:44:52,028 INFO: Progress: 182500 / 242640 rows processed.
2026-05-22 00:45:37,063 INFO: Progress: 183000 / 242640 rows processed.
2026-05-22 00:46:46,472 INFO: Progress: 183500 / 242640 rows processed.
2026-05-22 00:47:34,899 INFO: Progress: 184000 / 242640 rows processed.
2026-05-22 00:48:18,146 INFO: Progress: 184500 / 242640 rows processed.
2026-05-22 00:49:01,858 INFO: Progress: 185000 / 242640 rows processed.
2026-05-22 00:49:56,877 INFO: Progress: 185500 / 242640 rows processed.
2026-05-22 00:50:56,669 INFO: Progress: 186000 / 242640 rows processed.
2026-05-22 00:51:51,409 INFO: Progress: 186500 / 242640 rows processed.
2026-05-22 00:52:53,259 INFO: Progress: 187000 / 242640 rows processed.
2026-05-22 00:53:40,196 INFO: Progress: 187500 / 242640 rows processed.
2026-05-22 00:54:24,599 INFO: Progress: 188000 / 242640 rows processed.
2026-05-22 00:55:16,592 INFO: Progress: 188500 / 242640 rows processed.
2026-05-22 00:56:16,204 INFO: Progress: 189000 / 242640 rows processed.
2026-05-22 00:57:03,905 INFO: Progress: 189500 / 242640 rows processed.
2026-05-22 00:58:03,736 INFO: Progress: 190000 / 242640 rows processed.
2026-05-22 00:58:56,799 INFO: Progress: 190500 / 242640 rows processed.
2026-05-22 00:59:45,499 INFO: Progress: 191000 / 242640 rows processed.
2026-05-22 01:00:34,387 INFO: Progress: 191500 / 242640 rows processed.
2026-05-22 01:01:26,430 INFO: Progress: 192000 / 242640 rows processed.
2026-05-22 01:02:25,178 INFO: Progress: 192500 / 242640 rows processed.
2026-05-22 01:03:18,669 INFO: Progress: 193000 / 242640 rows processed.
2026-05-22 01:04:09,376 INFO: Progress: 193500 / 242640 rows processed.
2026-05-22 01:05:08,187 INFO: Progress: 194000 / 242640 rows processed.
2026-05-22 01:06:02,012 INFO: Progress: 194500 / 242640 rows processed.
2026-05-22 01:06:48,291 INFO: Progress: 195000 / 242640 rows processed.
2026-05-22 01:07:34,484 INFO: Progress: 195500 / 242640 rows processed.
2026-05-22 01:08:23,800 INFO: Progress: 196000 / 242640 rows processed.
2026-05-22 01:09:20,148 INFO: Progress: 196500 / 242640 rows processed.
2026-05-22 01:10:19,947 INFO: Progress: 197000 / 242640 rows processed.
2026-05-22 01:11:10,241 INFO: Progress: 197500 / 242640 rows processed.
2026-05-22 01:12:01,361 INFO: Progress: 198000 / 242640 rows processed.
2026-05-22 01:13:02,195 INFO: Progress: 198500 / 242640 rows processed.
2026-05-22 01:13:50,490 INFO: Progress: 199000 / 242640 rows processed.
2026-05-22 01:14:37,327 INFO: Progress: 199500 / 242640 rows processed.
2026-05-22 01:15:24,162 INFO: Progress: 200000 / 242640 rows processed.
2026-05-22 01:16:24,703 INFO: Progress: 200500 / 242640 rows processed.
2026-05-22 01:17:16,068 INFO: Progress: 201000 / 242640 rows processed.
2026-05-22 01:18:05,255 INFO: Progress: 201500 / 242640 rows processed.
2026-05-22 01:18:56,290 INFO: Progress: 202000 / 242640 rows processed.
2026-05-22 01:19:49,853 INFO: Progress: 202500 / 242640 rows processed.
2026-05-22 01:20:55,013 INFO: Progress: 203000 / 242640 rows processed.
2026-05-22 01:21:42,957 INFO: Progress: 203500 / 242640 rows processed.
2026-05-22 01:22:37,376 INFO: Progress: 204000 / 242640 rows processed.
2026-05-22 01:23:31,048 INFO: Progress: 204500 / 242640 rows processed.
2026-05-22 01:24:26,150 INFO: Progress: 205000 / 242640 rows processed.
2026-05-22 01:25:18,761 INFO: Progress: 205500 / 242640 rows processed.
2026-05-22 01:26:23,552 INFO: Progress: 206000 / 242640 rows processed.
2026-05-22 01:27:14,084 INFO: Progress: 206500 / 242640 rows processed.
2026-05-22 01:28:09,719 INFO: Progress: 207000 / 242640 rows processed.
2026-05-22 01:28:34,493 WARNING: Row 207459: skipped — Row has no non-empty model_output / model_out value.
2026-05-22 01:28:34,498 WARNING: Row 207460: skipped — Row has no non-empty model_output / model_out value.
2026-05-22 01:28:34,790 WARNING: Row 207470: skipped — Row has no non-empty model_output / model_out value.
2026-05-22 01:29:10,784 INFO: Progress: 207500 / 242640 rows processed.
2026-05-22 01:30:00,443 INFO: Progress: 208000 / 242640 rows processed.
2026-05-22 01:30:52,103 INFO: Progress: 208500 / 242640 rows processed.
2026-05-22 01:31:47,883 INFO: Progress: 209000 / 242640 rows processed.
2026-05-22 01:32:35,745 INFO: Progress: 209500 / 242640 rows processed.
2026-05-22 01:33:27,874 INFO: Progress: 210000 / 242640 rows processed.
2026-05-22 01:34:09,593 INFO: Progress: 210500 / 242640 rows processed.
2026-05-22 01:34:54,511 INFO: Progress: 211000 / 242640 rows processed.
2026-05-22 01:36:34,866 INFO: Progress: 211500 / 242640 rows processed.
2026-05-22 01:38:05,114 INFO: Progress: 212000 / 242640 rows processed.
2026-05-22 01:39:46,837 INFO: Progress: 212500 / 242640 rows processed.
2026-05-22 01:41:25,884 INFO: Progress: 213000 / 242640 rows processed.
2026-05-22 01:42:43,423 INFO: Progress: 213500 / 242640 rows processed.
2026-05-22 01:44:08,948 INFO: Progress: 214000 / 242640 rows processed.
2026-05-22 01:45:53,738 INFO: Progress: 214500 / 242640 rows processed.
2026-05-22 01:47:31,023 INFO: Progress: 215000 / 242640 rows processed.
2026-05-22 01:49:28,177 INFO: Progress: 215500 / 242640 rows processed.
2026-05-22 01:50:51,775 INFO: Progress: 216000 / 242640 rows processed.
2026-05-22 01:52:33,830 INFO: Progress: 216500 / 242640 rows processed.
2026-05-22 01:54:02,645 INFO: Progress: 217000 / 242640 rows processed.
2026-05-22 01:55:47,467 INFO: Progress: 217500 / 242640 rows processed.
2026-05-22 01:57:09,485 INFO: Progress: 218000 / 242640 rows processed.
2026-05-22 01:58:53,226 INFO: Progress: 218500 / 242640 rows processed.
2026-05-22 02:00:32,035 INFO: Progress: 219000 / 242640 rows processed.
2026-05-22 02:01:57,513 INFO: Progress: 219500 / 242640 rows processed.
2026-05-22 02:03:26,861 INFO: Progress: 220000 / 242640 rows processed.
2026-05-22 02:05:05,570 INFO: Progress: 220500 / 242640 rows processed.
2026-05-22 02:06:32,457 INFO: Progress: 221000 / 242640 rows processed.
2026-05-22 02:08:09,381 INFO: Progress: 221500 / 242640 rows processed.
2026-05-22 02:09:41,764 INFO: Progress: 222000 / 242640 rows processed.
2026-05-22 02:11:24,189 INFO: Progress: 222500 / 242640 rows processed.
2026-05-22 02:12:40,183 INFO: Progress: 223000 / 242640 rows processed.
2026-05-22 02:14:00,885 INFO: Progress: 223500 / 242640 rows processed.
2026-05-22 02:15:44,284 INFO: Progress: 224000 / 242640 rows processed.
2026-05-22 02:17:17,068 INFO: Progress: 224500 / 242640 rows processed.
2026-05-22 02:18:45,245 INFO: Progress: 225000 / 242640 rows processed.
2026-05-22 02:20:41,876 INFO: Progress: 225500 / 242640 rows processed.
2026-05-22 02:22:12,894 INFO: Progress: 226000 / 242640 rows processed.
2026-05-22 02:23:47,818 INFO: Progress: 226500 / 242640 rows processed.
2026-05-22 02:25:28,399 INFO: Progress: 227000 / 242640 rows processed.
2026-05-22 02:27:06,632 INFO: Progress: 227500 / 242640 rows processed.
2026-05-22 02:28:58,257 INFO: Progress: 228000 / 242640 rows processed.
2026-05-22 02:30:29,285 INFO: Progress: 228500 / 242640 rows processed.
2026-05-22 02:31:52,186 INFO: Progress: 229000 / 242640 rows processed.
2026-05-22 02:33:22,903 INFO: Progress: 229500 / 242640 rows processed.
2026-05-22 02:34:51,413 INFO: Progress: 230000 / 242640 rows processed.
2026-05-22 02:36:31,386 INFO: Progress: 230500 / 242640 rows processed.
2026-05-22 02:38:04,784 INFO: Progress: 231000 / 242640 rows processed.
2026-05-22 02:39:25,565 INFO: Progress: 231500 / 242640 rows processed.
2026-05-22 02:40:46,251 INFO: Progress: 232000 / 242640 rows processed.
2026-05-22 02:42:13,310 INFO: Progress: 232500 / 242640 rows processed.
2026-05-22 02:43:52,294 INFO: Progress: 233000 / 242640 rows processed.
2026-05-22 02:45:08,176 INFO: Progress: 233500 / 242640 rows processed.
2026-05-22 02:46:32,709 INFO: Progress: 234000 / 242640 rows processed.
2026-05-22 02:48:15,512 INFO: Progress: 234500 / 242640 rows processed.
2026-05-22 02:49:37,634 INFO: Progress: 235000 / 242640 rows processed.
2026-05-22 02:51:05,877 INFO: Progress: 235500 / 242640 rows processed.
2026-05-22 02:53:00,121 INFO: Progress: 236000 / 242640 rows processed.
2026-05-22 02:54:22,241 INFO: Progress: 236500 / 242640 rows processed.
2026-05-22 02:55:51,829 INFO: Progress: 237000 / 242640 rows processed.
2026-05-22 02:57:22,485 INFO: Progress: 237500 / 242640 rows processed.
2026-05-22 02:59:18,622 INFO: Progress: 238000 / 242640 rows processed.
2026-05-22 03:00:43,572 INFO: Progress: 238500 / 242640 rows processed.
2026-05-22 03:02:06,789 INFO: Progress: 239000 / 242640 rows processed.
2026-05-22 03:03:29,864 INFO: Progress: 239500 / 242640 rows processed.
2026-05-22 03:05:01,203 INFO: Progress: 240000 / 242640 rows processed.
2026-05-22 03:06:15,470 INFO: Progress: 240500 / 242640 rows processed.
2026-05-22 03:07:26,597 INFO: Progress: 241000 / 242640 rows processed.
2026-05-22 03:09:10,083 INFO: Progress: 241500 / 242640 rows processed.
2026-05-22 03:10:50,012 INFO: Progress: 242000 / 242640 rows processed.
2026-05-22 03:12:15,508 INFO: Progress: 242500 / 242640 rows processed.
2026-05-22 03:12:58,272 INFO: Saved labeled.csv (242640 rows).
2026-05-22 03:13:00,290 INFO: Audit sample: 657 rows.
2026-05-22 03:13:00,290 INFO: Job phase1_qwen25_72b complete in 36186s.
