2026-10-07 13:08:51,346 INFO: Job phase1_deepseek_r1_distill_llama_70b started.  Input: /scratch/gpfs/JORDANAT/mg9965/PromptControlText/artifacts/phase1_results_deepseek_r1_distill_llama_70b.csv
2026-10-07 13:08:57,492 INFO: Loaded 242640 rows from /scratch/gpfs/JORDANAT/mg9965/PromptControlText/artifacts/phase1_results_deepseek_r1_distill_llama_70b.csv
2026-10-07 13:08:57,493 INFO: Resuming: 0 rows already complete.
2026-10-07 13:09:07,008 INFO: 242640 rows to process.
2026-10-07 13:12:44,923 INFO: Progress: 500 / 242640 rows processed.
2026-10-07 13:15:28,062 INFO: Progress: 1000 / 242640 rows processed.
2026-10-07 13:18:27,951 INFO: Progress: 1500 / 242640 rows processed.
2026-10-07 13:21:21,931 INFO: Progress: 2000 / 242640 rows processed.
2026-10-07 13:24:14,517 INFO: Progress: 2500 / 242640 rows processed.
2026-10-07 13:27:06,821 INFO: Progress: 3000 / 242640 rows processed.
2026-10-07 13:29:53,185 INFO: Progress: 3500 / 242640 rows processed.
2026-10-07 13:32:39,794 INFO: Progress: 4000 / 242640 rows processed.
2026-10-07 13:35:32,870 INFO: Progress: 4500 / 242640 rows processed.
2026-10-07 13:38:15,911 INFO: Progress: 5000 / 242640 rows processed.
2026-10-07 13:41:07,642 INFO: Progress: 5500 / 242640 rows processed.
2026-10-07 13:44:20,129 INFO: Progress: 6000 / 242640 rows processed.
2026-10-07 13:47:19,397 INFO: Progress: 6500 / 242640 rows processed.
2026-10-07 13:50:22,612 INFO: Progress: 7000 / 242640 rows processed.
2026-10-07 13:52:58,511 INFO: Progress: 7500 / 242640 rows processed.
2026-10-07 13:55:48,332 INFO: Progress: 8000 / 242640 rows processed.
2026-10-07 13:58:34,315 INFO: Progress: 8500 / 242640 rows processed.
2026-10-07 14:01:27,189 INFO: Progress: 9000 / 242640 rows processed.
2026-10-07 14:04:29,645 INFO: Progress: 9500 / 242640 rows processed.
2026-10-07 14:07:28,992 INFO: Progress: 10000 / 242640 rows processed.
2026-10-07 14:10:35,233 INFO: Progress: 10500 / 242640 rows processed.
2026-10-07 14:13:13,705 INFO: Progress: 11000 / 242640 rows processed.
2026-10-07 14:15:34,349 INFO: Progress: 11500 / 242640 rows processed.
2026-10-07 14:18:27,190 INFO: Progress: 12000 / 242640 rows processed.
2026-10-07 14:20:48,290 INFO: Progress: 12500 / 242640 rows processed.
2026-10-07 14:23:59,255 INFO: Progress: 13000 / 242640 rows processed.
2026-10-07 14:26:59,485 INFO: Progress: 13500 / 242640 rows processed.
2026-10-07 14:29:51,547 INFO: Progress: 14000 / 242640 rows processed.
2026-10-07 14:32:42,595 INFO: Progress: 14500 / 242640 rows processed.
2026-10-07 14:34:53,398 INFO: Progress: 15000 / 242640 rows processed.
2026-10-07 14:37:22,468 INFO: Progress: 15500 / 242640 rows processed.
2026-10-07 14:39:28,586 INFO: Progress: 16000 / 242640 rows processed.
2026-10-07 14:42:19,450 INFO: Progress: 16500 / 242640 rows processed.
2026-10-07 14:45:28,512 INFO: Progress: 17000 / 242640 rows processed.
2026-10-07 14:48:33,335 INFO: Progress: 17500 / 242640 rows processed.
2026-10-07 14:51:30,385 INFO: Progress: 18000 / 242640 rows processed.
2026-10-07 14:53:54,985 INFO: Progress: 18500 / 242640 rows processed.
2026-10-07 14:56:57,534 INFO: Progress: 19000 / 242640 rows processed.
2026-10-07 14:59:44,872 INFO: Progress: 19500 / 242640 rows processed.
2026-10-07 15:02:25,151 INFO: Progress: 20000 / 242640 rows processed.
2026-10-07 15:05:13,736 INFO: Progress: 20500 / 242640 rows processed.
2026-10-07 15:07:54,053 INFO: Progress: 21000 / 242640 rows processed.
2026-10-07 15:10:27,374 INFO: Progress: 21500 / 242640 rows processed.
2026-10-07 15:13:10,529 INFO: Progress: 22000 / 242640 rows processed.
2026-10-07 15:15:47,951 INFO: Progress: 22500 / 242640 rows processed.
2026-10-07 15:18:29,761 INFO: Progress: 23000 / 242640 rows processed.
2026-10-07 15:21:01,948 INFO: Progress: 23500 / 242640 rows processed.
2026-10-07 15:23:01,358 INFO: Progress: 24000 / 242640 rows processed.
2026-10-07 15:25:12,503 INFO: Progress: 24500 / 242640 rows processed.
2026-10-07 15:27:11,966 INFO: Progress: 25000 / 242640 rows processed.
2026-10-07 15:29:49,673 INFO: Progress: 25500 / 242640 rows processed.
2026-10-07 15:32:38,416 INFO: Progress: 26000 / 242640 rows processed.
2026-10-07 15:35:21,856 INFO: Progress: 26500 / 242640 rows processed.
2026-10-07 15:37:57,971 INFO: Progress: 27000 / 242640 rows processed.
2026-10-07 15:40:22,351 INFO: Progress: 27500 / 242640 rows processed.
2026-10-07 15:42:35,466 INFO: Progress: 28000 / 242640 rows processed.
2026-10-07 15:44:31,550 INFO: Progress: 28500 / 242640 rows processed.
2026-10-07 15:47:15,336 INFO: Progress: 29000 / 242640 rows processed.
2026-10-07 15:49:53,193 INFO: Progress: 29500 / 242640 rows processed.
2026-10-07 15:52:26,610 INFO: Progress: 30000 / 242640 rows processed.
2026-10-07 15:54:45,154 INFO: Progress: 30500 / 242640 rows processed.
2026-10-07 15:57:52,286 INFO: Progress: 31000 / 242640 rows processed.
2026-10-07 16:00:33,742 INFO: Progress: 31500 / 242640 rows processed.
2026-10-07 16:03:10,922 INFO: Progress: 32000 / 242640 rows processed.
2026-10-07 16:06:16,763 INFO: Progress: 32500 / 242640 rows processed.
2026-10-07 16:09:19,914 INFO: Progress: 33000 / 242640 rows processed.
2026-10-07 16:12:02,368 INFO: Progress: 33500 / 242640 rows processed.
2026-10-07 16:15:01,009 INFO: Progress: 34000 / 242640 rows processed.
2026-10-07 16:18:04,319 INFO: Progress: 34500 / 242640 rows processed.
2026-10-07 16:20:30,757 INFO: Progress: 35000 / 242640 rows processed.
2026-10-07 16:23:01,268 INFO: Progress: 35500 / 242640 rows processed.
2026-10-07 16:25:16,198 INFO: Progress: 36000 / 242640 rows processed.
2026-10-07 16:27:54,730 INFO: Progress: 36500 / 242640 rows processed.
2026-10-07 16:30:26,699 INFO: Progress: 37000 / 242640 rows processed.
2026-10-07 16:33:02,282 INFO: Progress: 37500 / 242640 rows processed.
2026-10-07 16:35:50,937 INFO: Progress: 38000 / 242640 rows processed.
2026-10-07 16:38:58,672 INFO: Progress: 38500 / 242640 rows processed.
2026-10-07 16:41:49,510 INFO: Progress: 39000 / 242640 rows processed.
2026-10-07 16:44:43,629 INFO: Progress: 39500 / 242640 rows processed.
2026-10-07 16:47:25,861 INFO: Progress: 40000 / 242640 rows processed.
2026-10-07 16:50:00,583 INFO: Progress: 40500 / 242640 rows processed.
2026-10-07 16:52:45,064 INFO: Progress: 41000 / 242640 rows processed.
2026-10-07 16:55:43,776 INFO: Progress: 41500 / 242640 rows processed.
2026-10-07 16:58:36,084 INFO: Progress: 42000 / 242640 rows processed.
2026-10-07 17:01:42,736 INFO: Progress: 42500 / 242640 rows processed.
2026-10-07 17:04:17,526 INFO: Progress: 43000 / 242640 rows processed.
2026-10-07 17:06:57,582 INFO: Progress: 43500 / 242640 rows processed.
2026-10-07 17:10:11,159 INFO: Progress: 44000 / 242640 rows processed.
2026-10-07 17:13:16,572 INFO: Progress: 44500 / 242640 rows processed.
2026-10-07 17:16:10,016 INFO: Progress: 45000 / 242640 rows processed.
2026-10-07 17:19:08,431 INFO: Progress: 45500 / 242640 rows processed.
2026-10-07 17:21:52,801 INFO: Progress: 46000 / 242640 rows processed.
2026-10-07 17:24:50,448 INFO: Progress: 46500 / 242640 rows processed.
2026-10-07 17:27:36,565 INFO: Progress: 47000 / 242640 rows processed.
2026-10-07 17:30:34,602 INFO: Progress: 47500 / 242640 rows processed.
2026-10-07 17:33:30,619 INFO: Progress: 48000 / 242640 rows processed.
2026-10-07 17:36:28,905 INFO: Progress: 48500 / 242640 rows processed.
2026-10-07 17:39:29,909 INFO: Progress: 49000 / 242640 rows processed.
2026-10-07 17:42:22,930 INFO: Progress: 49500 / 242640 rows processed.
2026-10-07 17:45:17,432 INFO: Progress: 50000 / 242640 rows processed.
2026-10-07 17:47:45,947 INFO: Progress: 50500 / 242640 rows processed.
2026-10-07 17:50:04,639 INFO: Progress: 51000 / 242640 rows processed.
2026-10-07 17:52:22,217 INFO: Progress: 51500 / 242640 rows processed.
2026-10-07 17:54:34,974 INFO: Progress: 52000 / 242640 rows processed.
2026-10-07 17:57:11,078 INFO: Progress: 52500 / 242640 rows processed.
2026-10-07 17:59:45,374 INFO: Progress: 53000 / 242640 rows processed.
2026-10-07 18:02:19,138 INFO: Progress: 53500 / 242640 rows processed.
2026-10-07 18:04:56,301 INFO: Progress: 54000 / 242640 rows processed.
2026-10-07 18:07:44,688 INFO: Progress: 54500 / 242640 rows processed.
2026-10-07 18:10:27,854 INFO: Progress: 55000 / 242640 rows processed.
2026-10-07 18:12:51,599 INFO: Progress: 55500 / 242640 rows processed.
2026-10-07 18:15:05,804 INFO: Progress: 56000 / 242640 rows processed.
2026-10-07 18:17:28,819 INFO: Progress: 56500 / 242640 rows processed.
2026-10-07 18:20:35,746 INFO: Progress: 57000 / 242640 rows processed.
2026-10-07 18:23:28,498 INFO: Progress: 57500 / 242640 rows processed.
2026-10-07 18:26:22,758 INFO: Progress: 58000 / 242640 rows processed.
2026-10-07 18:29:11,951 INFO: Progress: 58500 / 242640 rows processed.
2026-10-07 18:32:11,412 INFO: Progress: 59000 / 242640 rows processed.
2026-10-07 18:34:45,539 INFO: Progress: 59500 / 242640 rows processed.
2026-10-07 18:36:52,738 INFO: Progress: 60000 / 242640 rows processed.
2026-10-07 18:39:51,871 INFO: Progress: 60500 / 242640 rows processed.
2026-10-07 18:42:46,638 INFO: Progress: 61000 / 242640 rows processed.
2026-10-07 18:45:08,499 INFO: Progress: 61500 / 242640 rows processed.
2026-10-07 18:47:41,816 INFO: Progress: 62000 / 242640 rows processed.
2026-10-07 18:50:24,507 INFO: Progress: 62500 / 242640 rows processed.
2026-10-07 18:53:06,563 INFO: Progress: 63000 / 242640 rows processed.
2026-10-07 18:55:41,212 INFO: Progress: 63500 / 242640 rows processed.
2026-10-07 18:58:07,374 INFO: Progress: 64000 / 242640 rows processed.
2026-10-07 19:00:45,428 INFO: Progress: 64500 / 242640 rows processed.
2026-10-07 19:03:17,916 INFO: Progress: 65000 / 242640 rows processed.
2026-10-07 19:05:57,900 INFO: Progress: 65500 / 242640 rows processed.
2026-10-07 19:08:40,053 INFO: Progress: 66000 / 242640 rows processed.
2026-10-07 19:11:23,044 INFO: Progress: 66500 / 242640 rows processed.
2026-10-07 19:14:17,255 INFO: Progress: 67000 / 242640 rows processed.
2026-10-07 19:16:59,867 INFO: Progress: 67500 / 242640 rows processed.
2026-10-07 19:19:35,296 INFO: Progress: 68000 / 242640 rows processed.
2026-10-07 19:22:22,145 INFO: Progress: 68500 / 242640 rows processed.
2026-10-07 19:25:06,674 INFO: Progress: 69000 / 242640 rows processed.
2026-10-07 19:27:34,791 INFO: Progress: 69500 / 242640 rows processed.
2026-10-07 19:30:17,581 INFO: Progress: 70000 / 242640 rows processed.
2026-10-07 19:32:53,806 INFO: Progress: 70500 / 242640 rows processed.
2026-10-07 19:35:37,915 INFO: Progress: 71000 / 242640 rows processed.
2026-10-07 19:38:24,746 INFO: Progress: 71500 / 242640 rows processed.
2026-10-07 19:41:14,708 INFO: Progress: 72000 / 242640 rows processed.
2026-10-07 19:43:40,225 INFO: Progress: 72500 / 242640 rows processed.
2026-10-07 19:46:07,280 INFO: Progress: 73000 / 242640 rows processed.
2026-10-07 19:48:42,054 INFO: Progress: 73500 / 242640 rows processed.
2026-10-07 19:51:22,061 INFO: Progress: 74000 / 242640 rows processed.
2026-10-07 19:53:45,864 INFO: Progress: 74500 / 242640 rows processed.
2026-10-07 19:56:13,846 INFO: Progress: 75000 / 242640 rows processed.
2026-10-07 19:58:51,130 INFO: Progress: 75500 / 242640 rows processed.
2026-10-07 20:01:21,905 INFO: Progress: 76000 / 242640 rows processed.
2026-10-07 20:03:47,509 INFO: Progress: 76500 / 242640 rows processed.
2026-10-07 20:06:26,793 INFO: Progress: 77000 / 242640 rows processed.
2026-10-07 20:09:05,841 INFO: Progress: 77500 / 242640 rows processed.
2026-10-07 20:11:40,290 INFO: Progress: 78000 / 242640 rows processed.
2026-10-07 20:14:24,771 INFO: Progress: 78500 / 242640 rows processed.
2026-10-07 20:16:49,164 INFO: Progress: 79000 / 242640 rows processed.
2026-10-07 20:19:24,368 INFO: Progress: 79500 / 242640 rows processed.
2026-10-07 20:22:06,479 INFO: Progress: 80000 / 242640 rows processed.
2026-10-07 20:24:52,876 INFO: Progress: 80500 / 242640 rows processed.
2026-10-07 20:27:22,929 INFO: Progress: 81000 / 242640 rows processed.
2026-10-07 20:30:06,515 INFO: Progress: 81500 / 242640 rows processed.
2026-10-07 20:32:41,200 INFO: Progress: 82000 / 242640 rows processed.
2026-10-07 20:35:30,302 INFO: Progress: 82500 / 242640 rows processed.
2026-10-07 20:38:08,966 INFO: Progress: 83000 / 242640 rows processed.
2026-10-07 20:40:39,556 INFO: Progress: 83500 / 242640 rows processed.
2026-10-07 20:43:15,483 INFO: Progress: 84000 / 242640 rows processed.
2026-10-07 20:45:58,793 INFO: Progress: 84500 / 242640 rows processed.
2026-10-07 20:48:42,953 INFO: Progress: 85000 / 242640 rows processed.
2026-10-07 20:51:25,863 INFO: Progress: 85500 / 242640 rows processed.
2026-10-07 20:54:08,747 INFO: Progress: 86000 / 242640 rows processed.
2026-10-07 20:56:49,736 INFO: Progress: 86500 / 242640 rows processed.
2026-10-07 20:59:16,256 INFO: Progress: 87000 / 242640 rows processed.
2026-10-07 21:02:02,552 INFO: Progress: 87500 / 242640 rows processed.
2026-10-07 21:04:48,404 INFO: Progress: 88000 / 242640 rows processed.
2026-10-07 21:07:31,714 INFO: Progress: 88500 / 242640 rows processed.
2026-10-07 21:09:57,349 INFO: Progress: 89000 / 242640 rows processed.
2026-10-07 21:12:50,350 INFO: Progress: 89500 / 242640 rows processed.
2026-10-07 21:15:22,772 INFO: Progress: 90000 / 242640 rows processed.
2026-10-07 21:18:12,671 INFO: Progress: 90500 / 242640 rows processed.
2026-10-07 21:20:59,290 INFO: Progress: 91000 / 242640 rows processed.
2026-10-07 21:23:31,256 INFO: Progress: 91500 / 242640 rows processed.
2026-10-07 21:26:22,404 INFO: Progress: 92000 / 242640 rows processed.
2026-10-07 21:29:00,444 INFO: Progress: 92500 / 242640 rows processed.
2026-10-07 21:31:17,909 INFO: Progress: 93000 / 242640 rows processed.
2026-10-07 21:34:00,597 INFO: Progress: 93500 / 242640 rows processed.
2026-10-07 21:36:53,562 INFO: Progress: 94000 / 242640 rows processed.
2026-10-07 21:39:18,391 INFO: Progress: 94500 / 242640 rows processed.
2026-10-07 21:42:10,567 INFO: Progress: 95000 / 242640 rows processed.
2026-10-07 21:44:42,701 INFO: Progress: 95500 / 242640 rows processed.
2026-10-07 21:47:19,163 INFO: Progress: 96000 / 242640 rows processed.
2026-10-07 21:49:55,625 INFO: Progress: 96500 / 242640 rows processed.
2026-10-07 21:52:31,976 INFO: Progress: 97000 / 242640 rows processed.
2026-10-07 21:55:28,071 INFO: Progress: 97500 / 242640 rows processed.
2026-10-07 21:58:05,370 INFO: Progress: 98000 / 242640 rows processed.
2026-10-07 22:00:45,203 INFO: Progress: 98500 / 242640 rows processed.
2026-10-07 22:03:24,587 INFO: Progress: 99000 / 242640 rows processed.
2026-10-07 22:06:07,226 INFO: Progress: 99500 / 242640 rows processed.
2026-10-07 22:09:01,058 INFO: Progress: 100000 / 242640 rows processed.
2026-10-07 22:11:34,448 INFO: Progress: 100500 / 242640 rows processed.
2026-10-07 22:14:03,686 INFO: Progress: 101000 / 242640 rows processed.
2026-10-07 22:16:42,447 INFO: Progress: 101500 / 242640 rows processed.
2026-10-07 22:19:06,228 INFO: Progress: 102000 / 242640 rows processed.
2026-10-07 22:21:48,272 INFO: Progress: 102500 / 242640 rows processed.
2026-10-07 22:24:33,902 INFO: Progress: 103000 / 242640 rows processed.
2026-10-07 22:27:03,933 INFO: Progress: 103500 / 242640 rows processed.
2026-10-07 22:29:56,211 INFO: Progress: 104000 / 242640 rows processed.
2026-10-07 22:32:33,330 INFO: Progress: 104500 / 242640 rows processed.
2026-10-07 22:35:09,501 INFO: Progress: 105000 / 242640 rows processed.
2026-10-07 22:37:51,716 INFO: Progress: 105500 / 242640 rows processed.
2026-10-07 22:40:30,090 INFO: Progress: 106000 / 242640 rows processed.
2026-10-07 22:43:06,512 INFO: Progress: 106500 / 242640 rows processed.
2026-10-07 22:45:41,698 INFO: Progress: 107000 / 242640 rows processed.
2026-10-07 22:48:33,973 INFO: Progress: 107500 / 242640 rows processed.
2026-10-07 22:51:26,205 INFO: Progress: 108000 / 242640 rows processed.
2026-10-07 22:54:05,691 INFO: Progress: 108500 / 242640 rows processed.
2026-10-07 22:56:54,612 INFO: Progress: 109000 / 242640 rows processed.
2026-10-07 22:59:28,191 INFO: Progress: 109500 / 242640 rows processed.
2026-10-07 23:02:22,207 INFO: Progress: 110000 / 242640 rows processed.
2026-10-07 23:04:59,589 INFO: Progress: 110500 / 242640 rows processed.
2026-10-07 23:07:44,963 INFO: Progress: 111000 / 242640 rows processed.
2026-10-07 23:10:28,570 INFO: Progress: 111500 / 242640 rows processed.
2026-10-07 23:12:56,440 INFO: Progress: 112000 / 242640 rows processed.
2026-10-07 23:15:50,522 INFO: Progress: 112500 / 242640 rows processed.
2026-10-07 23:18:25,293 INFO: Progress: 113000 / 242640 rows processed.
2026-10-07 23:20:48,625 INFO: Progress: 113500 / 242640 rows processed.
2026-10-07 23:23:11,139 INFO: Progress: 114000 / 242640 rows processed.
2026-10-07 23:25:58,410 INFO: Progress: 114500 / 242640 rows processed.
2026-10-07 23:28:44,978 INFO: Progress: 115000 / 242640 rows processed.
2026-10-07 23:31:13,834 INFO: Progress: 115500 / 242640 rows processed.
2026-10-07 23:33:59,995 INFO: Progress: 116000 / 242640 rows processed.
2026-10-07 23:36:34,185 INFO: Progress: 116500 / 242640 rows processed.
2026-10-07 23:39:12,834 INFO: Progress: 117000 / 242640 rows processed.
2026-10-07 23:41:43,252 INFO: Progress: 117500 / 242640 rows processed.
2026-10-07 23:44:25,417 INFO: Progress: 118000 / 242640 rows processed.
2026-10-07 23:47:04,168 INFO: Progress: 118500 / 242640 rows processed.
2026-10-07 23:49:50,532 INFO: Progress: 119000 / 242640 rows processed.
2026-10-07 23:52:33,345 INFO: Progress: 119500 / 242640 rows processed.
2026-10-07 23:55:15,238 INFO: Progress: 120000 / 242640 rows processed.
2026-10-07 23:57:49,546 INFO: Progress: 120500 / 242640 rows processed.
2026-10-08 00:00:17,123 INFO: Progress: 121000 / 242640 rows processed.
2026-10-08 00:02:44,334 INFO: Progress: 121500 / 242640 rows processed.
2026-10-08 00:05:32,776 INFO: Progress: 122000 / 242640 rows processed.
2026-10-08 00:07:57,732 INFO: Progress: 122500 / 242640 rows processed.
2026-10-08 00:10:56,301 INFO: Progress: 123000 / 242640 rows processed.
2026-10-08 00:13:26,486 INFO: Progress: 123500 / 242640 rows processed.
2026-10-08 00:16:08,025 INFO: Progress: 124000 / 242640 rows processed.
2026-10-08 00:18:23,327 INFO: Progress: 124500 / 242640 rows processed.
2026-10-08 00:20:57,348 INFO: Progress: 125000 / 242640 rows processed.
2026-10-08 00:23:29,955 INFO: Progress: 125500 / 242640 rows processed.
2026-10-08 00:26:09,032 INFO: Progress: 126000 / 242640 rows processed.
2026-10-08 00:28:34,781 INFO: Progress: 126500 / 242640 rows processed.
2026-10-08 00:31:15,915 INFO: Progress: 127000 / 242640 rows processed.
2026-10-08 00:33:55,579 INFO: Progress: 127500 / 242640 rows processed.
2026-10-08 00:36:27,038 INFO: Progress: 128000 / 242640 rows processed.
2026-10-08 00:39:04,039 INFO: Progress: 128500 / 242640 rows processed.
2026-10-08 00:41:37,276 INFO: Progress: 129000 / 242640 rows processed.
2026-10-08 00:44:08,176 INFO: Progress: 129500 / 242640 rows processed.
2026-10-08 00:46:46,679 INFO: Progress: 130000 / 242640 rows processed.
2026-10-08 00:49:19,722 INFO: Progress: 130500 / 242640 rows processed.
2026-10-08 00:51:45,604 INFO: Progress: 131000 / 242640 rows processed.
2026-10-08 00:54:12,964 INFO: Progress: 131500 / 242640 rows processed.
2026-10-08 00:56:51,973 INFO: Progress: 132000 / 242640 rows processed.
2026-10-08 00:59:23,276 INFO: Progress: 132500 / 242640 rows processed.
2026-10-08 01:01:56,200 INFO: Progress: 133000 / 242640 rows processed.
2026-10-08 01:04:22,475 INFO: Progress: 133500 / 242640 rows processed.
2026-10-08 01:06:50,881 INFO: Progress: 134000 / 242640 rows processed.
2026-10-08 01:09:29,222 INFO: Progress: 134500 / 242640 rows processed.
2026-10-08 01:12:07,652 INFO: Progress: 135000 / 242640 rows processed.
2026-10-08 01:14:48,379 INFO: Progress: 135500 / 242640 rows processed.
2026-10-08 01:17:14,284 INFO: Progress: 136000 / 242640 rows processed.
2026-10-08 01:19:30,922 INFO: Progress: 136500 / 242640 rows processed.
2026-10-08 01:22:01,907 INFO: Progress: 137000 / 242640 rows processed.
2026-10-08 01:24:42,909 INFO: Progress: 137500 / 242640 rows processed.
2026-10-08 01:27:12,918 INFO: Progress: 138000 / 242640 rows processed.
2026-10-08 01:29:49,147 INFO: Progress: 138500 / 242640 rows processed.
2026-10-08 01:32:15,376 INFO: Progress: 139000 / 242640 rows processed.
2026-10-08 01:34:59,331 INFO: Progress: 139500 / 242640 rows processed.
2026-10-08 01:37:21,545 INFO: Progress: 140000 / 242640 rows processed.
2026-10-08 01:39:58,716 INFO: Progress: 140500 / 242640 rows processed.
2026-10-08 01:42:37,625 INFO: Progress: 141000 / 242640 rows processed.
2026-10-08 01:45:23,055 INFO: Progress: 141500 / 242640 rows processed.
2026-10-08 01:48:05,067 INFO: Progress: 142000 / 242640 rows processed.
2026-10-08 01:50:40,468 INFO: Progress: 142500 / 242640 rows processed.
2026-10-08 01:53:22,460 INFO: Progress: 143000 / 242640 rows processed.
2026-10-08 01:55:50,943 INFO: Progress: 143500 / 242640 rows processed.
2026-10-08 01:58:35,713 INFO: Progress: 144000 / 242640 rows processed.
2026-10-08 02:01:09,259 INFO: Progress: 144500 / 242640 rows processed.
2026-10-08 02:04:09,852 INFO: Progress: 145000 / 242640 rows processed.
2026-10-08 02:06:45,370 INFO: Progress: 145500 / 242640 rows processed.
2026-10-08 02:09:21,569 INFO: Progress: 146000 / 242640 rows processed.
2026-10-08 02:11:56,894 INFO: Progress: 146500 / 242640 rows processed.
2026-10-08 02:14:46,589 INFO: Progress: 147000 / 242640 rows processed.
2026-10-08 02:16:58,906 INFO: Progress: 147500 / 242640 rows processed.
2026-10-08 02:19:53,241 INFO: Progress: 148000 / 242640 rows processed.
2026-10-08 02:22:19,647 INFO: Progress: 148500 / 242640 rows processed.
2026-10-08 02:24:53,053 INFO: Progress: 149000 / 242640 rows processed.
2026-10-08 02:27:26,038 INFO: Progress: 149500 / 242640 rows processed.
2026-10-08 02:30:04,060 INFO: Progress: 150000 / 242640 rows processed.
2026-10-08 02:32:32,720 INFO: Progress: 150500 / 242640 rows processed.
2026-10-08 02:35:10,979 INFO: Progress: 151000 / 242640 rows processed.
2026-10-08 02:37:30,698 INFO: Progress: 151500 / 242640 rows processed.
2026-10-08 02:40:12,374 INFO: Progress: 152000 / 242640 rows processed.
2026-10-08 02:42:55,886 INFO: Progress: 152500 / 242640 rows processed.
2026-10-08 02:45:24,391 INFO: Progress: 153000 / 242640 rows processed.
2026-10-08 02:47:48,633 INFO: Progress: 153500 / 242640 rows processed.
2026-10-08 02:50:32,673 INFO: Progress: 154000 / 242640 rows processed.
2026-10-08 02:53:07,547 INFO: Progress: 154500 / 242640 rows processed.
2026-10-08 02:55:41,117 INFO: Progress: 155000 / 242640 rows processed.
2026-10-08 02:58:23,322 INFO: Progress: 155500 / 242640 rows processed.
2026-10-08 03:00:58,304 INFO: Progress: 156000 / 242640 rows processed.
2026-10-08 03:03:33,641 INFO: Progress: 156500 / 242640 rows processed.
2026-10-08 03:06:17,145 INFO: Progress: 157000 / 242640 rows processed.
2026-10-08 03:08:47,088 INFO: Progress: 157500 / 242640 rows processed.
2026-10-08 03:11:30,886 INFO: Progress: 158000 / 242640 rows processed.
2026-10-08 03:14:13,919 INFO: Progress: 158500 / 242640 rows processed.
2026-10-08 03:17:00,921 INFO: Progress: 159000 / 242640 rows processed.
2026-10-08 03:19:34,323 INFO: Progress: 159500 / 242640 rows processed.
2026-10-08 03:22:09,296 INFO: Progress: 160000 / 242640 rows processed.
2026-10-08 03:24:51,817 INFO: Progress: 160500 / 242640 rows processed.
2026-10-08 03:27:37,698 INFO: Progress: 161000 / 242640 rows processed.
2026-10-08 03:30:10,927 INFO: Progress: 161500 / 242640 rows processed.
2026-10-08 03:32:57,255 INFO: Progress: 162000 / 242640 rows processed.
2026-10-08 03:35:25,284 INFO: Progress: 162500 / 242640 rows processed.
2026-10-08 03:37:46,317 INFO: Progress: 163000 / 242640 rows processed.
2026-10-08 03:40:27,875 INFO: Progress: 163500 / 242640 rows processed.
2026-10-08 03:43:21,990 INFO: Progress: 164000 / 242640 rows processed.
2026-10-08 03:46:06,976 INFO: Progress: 164500 / 242640 rows processed.
2026-10-08 03:48:43,042 INFO: Progress: 165000 / 242640 rows processed.
2026-10-08 03:51:25,356 INFO: Progress: 165500 / 242640 rows processed.
2026-10-08 03:54:04,698 INFO: Progress: 166000 / 242640 rows processed.
2026-10-08 03:56:37,099 INFO: Progress: 166500 / 242640 rows processed.
2026-10-08 03:59:26,610 INFO: Progress: 167000 / 242640 rows processed.
2026-10-08 04:01:57,930 INFO: Progress: 167500 / 242640 rows processed.
2026-10-08 04:04:35,272 INFO: Progress: 168000 / 242640 rows processed.
2026-10-08 04:07:04,699 INFO: Progress: 168500 / 242640 rows processed.
2026-10-08 04:09:43,905 INFO: Progress: 169000 / 242640 rows processed.
2026-10-08 04:12:16,030 INFO: Progress: 169500 / 242640 rows processed.
2026-10-08 04:14:54,175 INFO: Progress: 170000 / 242640 rows processed.
2026-10-08 04:17:30,062 INFO: Progress: 170500 / 242640 rows processed.
2026-10-08 04:20:12,236 INFO: Progress: 171000 / 242640 rows processed.
2026-10-08 04:22:42,438 INFO: Progress: 171500 / 242640 rows processed.
2026-10-08 04:25:14,642 INFO: Progress: 172000 / 242640 rows processed.
2026-10-08 04:27:52,205 INFO: Progress: 172500 / 242640 rows processed.
2026-10-08 04:30:17,139 INFO: Progress: 173000 / 242640 rows processed.
2026-10-08 04:33:09,032 INFO: Progress: 173500 / 242640 rows processed.
2026-10-08 04:35:28,636 INFO: Progress: 174000 / 242640 rows processed.
2026-10-08 04:37:59,494 INFO: Progress: 174500 / 242640 rows processed.
2026-10-08 04:40:28,915 INFO: Progress: 175000 / 242640 rows processed.
2026-10-08 04:42:54,498 INFO: Progress: 175500 / 242640 rows processed.
2026-10-08 04:45:14,422 INFO: Progress: 176000 / 242640 rows processed.
2026-10-08 04:47:19,772 INFO: Progress: 176500 / 242640 rows processed.
2026-10-08 04:49:17,429 INFO: Progress: 177000 / 242640 rows processed.
2026-10-08 04:51:26,163 INFO: Progress: 177500 / 242640 rows processed.
2026-10-08 04:53:31,047 INFO: Progress: 178000 / 242640 rows processed.
2026-10-08 04:55:37,935 INFO: Progress: 178500 / 242640 rows processed.
2026-10-08 04:57:55,791 INFO: Progress: 179000 / 242640 rows processed.
2026-10-08 05:00:00,183 INFO: Progress: 179500 / 242640 rows processed.
2026-10-08 05:02:26,317 INFO: Progress: 180000 / 242640 rows processed.
2026-10-08 05:04:33,013 INFO: Progress: 180500 / 242640 rows processed.
2026-10-08 05:06:55,469 INFO: Progress: 181000 / 242640 rows processed.
2026-10-08 05:09:12,922 INFO: Progress: 181500 / 242640 rows processed.
2026-10-08 05:11:00,572 INFO: Progress: 182000 / 242640 rows processed.
2026-10-08 05:13:18,784 INFO: Progress: 182500 / 242640 rows processed.
2026-10-08 05:15:21,650 INFO: Progress: 183000 / 242640 rows processed.
2026-10-08 05:17:43,066 INFO: Progress: 183500 / 242640 rows processed.
2026-10-08 05:19:37,297 INFO: Progress: 184000 / 242640 rows processed.
2026-10-08 05:21:41,157 INFO: Progress: 184500 / 242640 rows processed.
2026-10-08 05:23:43,062 INFO: Progress: 185000 / 242640 rows processed.
2026-10-08 05:25:48,395 INFO: Progress: 185500 / 242640 rows processed.
2026-10-08 05:27:51,634 INFO: Progress: 186000 / 242640 rows processed.
2026-10-08 05:30:00,903 INFO: Progress: 186500 / 242640 rows processed.
2026-10-08 05:32:12,963 INFO: Progress: 187000 / 242640 rows processed.
2026-10-08 05:34:13,185 INFO: Progress: 187500 / 242640 rows processed.
2026-10-08 05:36:29,308 INFO: Progress: 188000 / 242640 rows processed.
2026-10-08 05:38:25,352 INFO: Progress: 188500 / 242640 rows processed.
2026-10-08 05:40:35,720 INFO: Progress: 189000 / 242640 rows processed.
2026-10-08 05:42:35,508 INFO: Progress: 189500 / 242640 rows processed.
2026-10-08 05:44:59,357 INFO: Progress: 190000 / 242640 rows processed.
2026-10-08 05:47:04,939 INFO: Progress: 190500 / 242640 rows processed.
2026-10-08 05:49:12,603 INFO: Progress: 191000 / 242640 rows processed.
2026-10-08 05:51:16,969 INFO: Progress: 191500 / 242640 rows processed.
2026-10-08 05:53:14,505 INFO: Progress: 192000 / 242640 rows processed.
2026-10-08 05:55:35,326 INFO: Progress: 192500 / 242640 rows processed.
2026-10-08 05:57:53,320 INFO: Progress: 193000 / 242640 rows processed.
2026-10-08 06:00:04,181 INFO: Progress: 193500 / 242640 rows processed.
2026-10-08 06:02:11,388 INFO: Progress: 194000 / 242640 rows processed.
2026-10-08 06:04:33,025 INFO: Progress: 194500 / 242640 rows processed.
2026-10-08 06:06:37,353 INFO: Progress: 195000 / 242640 rows processed.
2026-10-08 06:08:33,545 INFO: Progress: 195500 / 242640 rows processed.
2026-10-08 06:10:46,193 INFO: Progress: 196000 / 242640 rows processed.
2026-10-08 06:13:13,091 INFO: Progress: 196500 / 242640 rows processed.
2026-10-08 06:15:30,123 INFO: Progress: 197000 / 242640 rows processed.
2026-10-08 06:17:33,226 INFO: Progress: 197500 / 242640 rows processed.
2026-10-08 06:20:06,323 INFO: Progress: 198000 / 242640 rows processed.
2026-10-08 06:22:13,346 INFO: Progress: 198500 / 242640 rows processed.
2026-10-08 06:24:31,835 INFO: Progress: 199000 / 242640 rows processed.
2026-10-08 06:26:43,457 INFO: Progress: 199500 / 242640 rows processed.
2026-10-08 06:28:46,332 INFO: Progress: 200000 / 242640 rows processed.
2026-10-08 06:31:15,849 INFO: Progress: 200500 / 242640 rows processed.
2026-10-08 06:33:28,534 INFO: Progress: 201000 / 242640 rows processed.
2026-10-08 06:35:33,855 INFO: Progress: 201500 / 242640 rows processed.
2026-10-08 06:37:47,803 INFO: Progress: 202000 / 242640 rows processed.
2026-10-08 06:39:59,192 INFO: Progress: 202500 / 242640 rows processed.
2026-10-08 06:42:37,236 INFO: Progress: 203000 / 242640 rows processed.
2026-10-08 06:44:37,809 INFO: Progress: 203500 / 242640 rows processed.
2026-10-08 06:46:39,659 INFO: Progress: 204000 / 242640 rows processed.
2026-10-08 06:48:48,098 INFO: Progress: 204500 / 242640 rows processed.
2026-10-08 06:50:57,281 INFO: Progress: 205000 / 242640 rows processed.
2026-10-08 06:53:25,509 INFO: Progress: 205500 / 242640 rows processed.
2026-10-08 06:55:34,142 INFO: Progress: 206000 / 242640 rows processed.
2026-10-08 06:57:50,736 INFO: Progress: 206500 / 242640 rows processed.
2026-10-08 07:00:16,222 INFO: Progress: 207000 / 242640 rows processed.
2026-10-08 07:02:36,422 INFO: Progress: 207500 / 242640 rows processed.
2026-10-08 07:04:50,785 INFO: Progress: 208000 / 242640 rows processed.
2026-10-08 07:07:28,596 INFO: Progress: 208500 / 242640 rows processed.
2026-10-08 07:09:44,496 INFO: Progress: 209000 / 242640 rows processed.
2026-10-08 07:12:04,516 INFO: Progress: 209500 / 242640 rows processed.
2026-10-08 07:14:03,089 INFO: Progress: 210000 / 242640 rows processed.
2026-10-08 07:15:58,291 INFO: Progress: 210500 / 242640 rows processed.
2026-10-08 07:17:57,912 INFO: Progress: 211000 / 242640 rows processed.
2026-10-08 07:20:30,779 INFO: Progress: 211500 / 242640 rows processed.
2026-10-08 07:23:03,341 INFO: Progress: 212000 / 242640 rows processed.
2026-10-08 07:25:27,243 INFO: Progress: 212500 / 242640 rows processed.
2026-10-08 07:28:02,151 INFO: Progress: 213000 / 242640 rows processed.
2026-10-08 07:30:21,084 INFO: Progress: 213500 / 242640 rows processed.
2026-10-08 07:32:46,640 INFO: Progress: 214000 / 242640 rows processed.
2026-10-08 07:35:29,999 INFO: Progress: 214500 / 242640 rows processed.
2026-10-08 07:38:07,582 INFO: Progress: 215000 / 242640 rows processed.
2026-10-08 07:40:50,097 INFO: Progress: 215500 / 242640 rows processed.
2026-10-08 07:43:24,486 INFO: Progress: 216000 / 242640 rows processed.
2026-10-08 07:46:00,585 INFO: Progress: 216500 / 242640 rows processed.
2026-10-08 07:48:26,080 INFO: Progress: 217000 / 242640 rows processed.
2026-10-08 07:50:59,659 INFO: Progress: 217500 / 242640 rows processed.
2026-10-08 07:53:27,304 INFO: Progress: 218000 / 242640 rows processed.
2026-10-08 07:55:58,346 INFO: Progress: 218500 / 242640 rows processed.
2026-10-08 07:58:23,961 INFO: Progress: 219000 / 242640 rows processed.
2026-10-08 08:01:06,833 INFO: Progress: 219500 / 242640 rows processed.
2026-10-08 08:03:26,907 INFO: Progress: 220000 / 242640 rows processed.
2026-10-08 08:06:09,129 INFO: Progress: 220500 / 242640 rows processed.
2026-10-08 08:08:23,628 INFO: Progress: 221000 / 242640 rows processed.
2026-10-08 08:10:53,946 INFO: Progress: 221500 / 242640 rows processed.
2026-10-08 08:13:09,761 INFO: Progress: 222000 / 242640 rows processed.
2026-10-08 08:15:38,214 INFO: Progress: 222500 / 242640 rows processed.
2026-10-08 08:18:10,465 INFO: Progress: 223000 / 242640 rows processed.
2026-10-08 08:20:45,319 INFO: Progress: 223500 / 242640 rows processed.
2026-10-08 08:23:18,481 INFO: Progress: 224000 / 242640 rows processed.
2026-10-08 08:25:56,701 INFO: Progress: 224500 / 242640 rows processed.
2026-10-08 08:28:28,503 INFO: Progress: 225000 / 242640 rows processed.
2026-10-08 08:31:10,927 INFO: Progress: 225500 / 242640 rows processed.
2026-10-08 08:33:27,043 INFO: Progress: 226000 / 242640 rows processed.
2026-10-08 08:36:00,421 INFO: Progress: 226500 / 242640 rows processed.
2026-10-08 08:38:39,118 INFO: Progress: 227000 / 242640 rows processed.
2026-10-08 08:41:16,918 INFO: Progress: 227500 / 242640 rows processed.
2026-10-08 08:43:44,722 INFO: Progress: 228000 / 242640 rows processed.
2026-10-08 08:46:00,682 INFO: Progress: 228500 / 242640 rows processed.
2026-10-08 08:48:24,455 INFO: Progress: 229000 / 242640 rows processed.
2026-10-08 08:50:57,400 INFO: Progress: 229500 / 242640 rows processed.
2026-10-08 08:53:18,403 INFO: Progress: 230000 / 242640 rows processed.
2026-10-08 08:55:51,312 INFO: Progress: 230500 / 242640 rows processed.
2026-10-08 08:58:19,500 INFO: Progress: 231000 / 242640 rows processed.
2026-10-08 09:00:42,989 INFO: Progress: 231500 / 242640 rows processed.
2026-10-08 09:03:15,739 INFO: Progress: 232000 / 242640 rows processed.
2026-10-08 09:05:42,794 INFO: Progress: 232500 / 242640 rows processed.
2026-10-08 09:07:58,105 INFO: Progress: 233000 / 242640 rows processed.
2026-10-08 09:10:33,040 INFO: Progress: 233500 / 242640 rows processed.
2026-10-08 09:13:03,326 INFO: Progress: 234000 / 242640 rows processed.
2026-10-08 09:15:46,728 INFO: Progress: 234500 / 242640 rows processed.
2026-10-08 09:18:14,741 INFO: Progress: 235000 / 242640 rows processed.
2026-10-08 09:20:38,550 INFO: Progress: 235500 / 242640 rows processed.
2026-10-08 09:23:02,989 INFO: Progress: 236000 / 242640 rows processed.
2026-10-08 09:25:23,411 INFO: Progress: 236500 / 242640 rows processed.
2026-10-08 09:27:52,828 INFO: Progress: 237000 / 242640 rows processed.
2026-10-08 09:30:23,519 INFO: Progress: 237500 / 242640 rows processed.
2026-10-08 09:33:15,451 INFO: Progress: 238000 / 242640 rows processed.
2026-10-08 09:35:44,985 INFO: Progress: 238500 / 242640 rows processed.
2026-10-08 09:38:05,772 INFO: Progress: 239000 / 242640 rows processed.
2026-10-08 09:40:26,556 INFO: Progress: 239500 / 242640 rows processed.
2026-10-08 09:42:51,192 INFO: Progress: 240000 / 242640 rows processed.
2026-10-08 09:45:06,605 INFO: Progress: 240500 / 242640 rows processed.
2026-10-08 09:47:22,470 INFO: Progress: 241000 / 242640 rows processed.
2026-10-08 09:49:57,759 INFO: Progress: 241500 / 242640 rows processed.
2026-10-08 09:52:29,673 INFO: Progress: 242000 / 242640 rows processed.
2026-10-08 09:54:48,826 INFO: Progress: 242500 / 242640 rows processed.
2026-10-08 09:55:35,928 INFO: Saved labeled.csv (242640 rows).
2026-10-08 09:55:39,186 INFO: Audit sample: 650 rows.
2026-10-08 09:55:39,186 INFO: Job phase1_deepseek_r1_distill_llama_70b complete in 74808s.
