2026-05-21 17:11:12,982 INFO: Job phase1_llama31_8b started.  Input: /scratch/gpfs/JORDANAT/mg9965/PromptControlText/artifacts/phase1_results_llama31_8b.csv
2026-05-21 17:11:15,792 INFO: Loaded 242640 rows from /scratch/gpfs/JORDANAT/mg9965/PromptControlText/artifacts/phase1_results_llama31_8b.csv
2026-05-21 17:11:15,792 INFO: Resuming: 0 rows already complete.
2026-05-21 17:11:24,694 INFO: 242640 rows to process.
2026-05-21 17:13:41,670 INFO: Progress: 500 / 242640 rows processed.
2026-05-21 17:15:12,701 INFO: Progress: 1000 / 242640 rows processed.
2026-05-21 17:16:55,145 INFO: Progress: 1500 / 242640 rows processed.
2026-05-21 17:18:00,567 INFO: Progress: 2000 / 242640 rows processed.
2026-05-21 17:18:56,387 INFO: Progress: 2500 / 242640 rows processed.
2026-05-21 17:19:55,458 INFO: Progress: 3000 / 242640 rows processed.
2026-05-21 17:21:07,005 INFO: Progress: 3500 / 242640 rows processed.
2026-05-21 17:22:56,498 INFO: Progress: 4000 / 242640 rows processed.
2026-05-21 17:24:48,697 INFO: Progress: 4500 / 242640 rows processed.
2026-05-21 17:26:48,107 INFO: Progress: 5000 / 242640 rows processed.
2026-05-21 17:28:05,054 INFO: Progress: 5500 / 242640 rows processed.
2026-05-21 17:28:58,662 INFO: Progress: 6000 / 242640 rows processed.
2026-05-21 17:29:46,732 INFO: Progress: 6500 / 242640 rows processed.
2026-05-21 17:30:44,883 INFO: Progress: 7000 / 242640 rows processed.
2026-05-21 17:32:33,998 INFO: Progress: 7500 / 242640 rows processed.
2026-05-21 17:34:18,755 INFO: Progress: 8000 / 242640 rows processed.
2026-05-21 17:36:06,986 INFO: Progress: 8500 / 242640 rows processed.
2026-05-21 17:37:37,080 INFO: Progress: 9000 / 242640 rows processed.
2026-05-21 17:38:46,807 INFO: Progress: 9500 / 242640 rows processed.
2026-05-21 17:39:40,041 INFO: Progress: 10000 / 242640 rows processed.
2026-05-21 17:40:40,449 INFO: Progress: 10500 / 242640 rows processed.
2026-05-21 17:41:58,674 INFO: Progress: 11000 / 242640 rows processed.
2026-05-21 17:43:17,927 INFO: Progress: 11500 / 242640 rows processed.
2026-05-21 17:44:53,081 INFO: Progress: 12000 / 242640 rows processed.
2026-05-21 17:46:23,081 INFO: Progress: 12500 / 242640 rows processed.
2026-05-21 17:47:16,229 INFO: Progress: 13000 / 242640 rows processed.
2026-05-21 17:48:11,242 INFO: Progress: 13500 / 242640 rows processed.
2026-05-21 17:49:07,924 INFO: Progress: 14000 / 242640 rows processed.
2026-05-21 17:50:18,059 INFO: Progress: 14500 / 242640 rows processed.
2026-05-21 17:51:59,451 INFO: Progress: 15000 / 242640 rows processed.
2026-05-21 17:53:32,985 INFO: Progress: 15500 / 242640 rows processed.
2026-05-21 17:55:02,131 INFO: Progress: 16000 / 242640 rows processed.
2026-05-21 17:56:07,577 INFO: Progress: 16500 / 242640 rows processed.
2026-05-21 17:56:55,365 INFO: Progress: 17000 / 242640 rows processed.
2026-05-21 17:57:46,033 INFO: Progress: 17500 / 242640 rows processed.
2026-05-21 17:58:41,788 INFO: Progress: 18000 / 242640 rows processed.
2026-05-21 18:00:06,731 INFO: Progress: 18500 / 242640 rows processed.
2026-05-21 18:01:27,902 INFO: Progress: 19000 / 242640 rows processed.
2026-05-21 18:02:53,448 INFO: Progress: 19500 / 242640 rows processed.
2026-05-21 18:04:20,659 INFO: Progress: 20000 / 242640 rows processed.
2026-05-21 18:05:58,883 INFO: Progress: 20500 / 242640 rows processed.
2026-05-21 18:07:24,112 INFO: Progress: 21000 / 242640 rows processed.
2026-05-21 18:08:48,752 INFO: Progress: 21500 / 242640 rows processed.
2026-05-21 18:09:49,064 INFO: Progress: 22000 / 242640 rows processed.
2026-05-21 18:10:45,736 INFO: Progress: 22500 / 242640 rows processed.
2026-05-21 18:11:39,635 INFO: Progress: 23000 / 242640 rows processed.
2026-05-21 18:13:09,690 INFO: Progress: 23500 / 242640 rows processed.
2026-05-21 18:14:55,182 INFO: Progress: 24000 / 242640 rows processed.
2026-05-21 18:16:21,015 INFO: Progress: 24500 / 242640 rows processed.
2026-05-21 18:17:56,237 INFO: Progress: 25000 / 242640 rows processed.
2026-05-21 18:18:50,653 INFO: Progress: 25500 / 242640 rows processed.
2026-05-21 18:19:42,691 INFO: Progress: 26000 / 242640 rows processed.
2026-05-21 18:20:50,959 INFO: Progress: 26500 / 242640 rows processed.
2026-05-21 18:21:50,236 INFO: Progress: 27000 / 242640 rows processed.
2026-05-21 18:23:04,813 INFO: Progress: 27500 / 242640 rows processed.
2026-05-21 18:24:07,005 INFO: Progress: 28000 / 242640 rows processed.
2026-05-21 18:25:11,953 INFO: Progress: 28500 / 242640 rows processed.
2026-05-21 18:26:03,039 INFO: Progress: 29000 / 242640 rows processed.
2026-05-21 18:26:58,483 INFO: Progress: 29500 / 242640 rows processed.
2026-05-21 18:28:00,184 INFO: Progress: 30000 / 242640 rows processed.
2026-05-21 18:29:01,066 INFO: Progress: 30500 / 242640 rows processed.
2026-05-21 18:29:51,991 INFO: Progress: 31000 / 242640 rows processed.
2026-05-21 18:30:54,941 INFO: Progress: 31500 / 242640 rows processed.
2026-05-21 18:31:52,516 INFO: Progress: 32000 / 242640 rows processed.
2026-05-21 18:32:50,866 INFO: Progress: 32500 / 242640 rows processed.
2026-05-21 18:33:39,768 INFO: Progress: 33000 / 242640 rows processed.
2026-05-21 18:34:37,607 INFO: Progress: 33500 / 242640 rows processed.
2026-05-21 18:35:21,640 INFO: Progress: 34000 / 242640 rows processed.
2026-05-21 18:36:12,451 INFO: Progress: 34500 / 242640 rows processed.
2026-05-21 18:37:29,935 INFO: Progress: 35000 / 242640 rows processed.
2026-05-21 18:38:29,338 INFO: Progress: 35500 / 242640 rows processed.
2026-05-21 18:39:50,452 INFO: Progress: 36000 / 242640 rows processed.
2026-05-21 18:40:53,566 INFO: Progress: 36500 / 242640 rows processed.
2026-05-21 18:41:38,372 INFO: Progress: 37000 / 242640 rows processed.
2026-05-21 18:42:29,269 INFO: Progress: 37500 / 242640 rows processed.
2026-05-21 18:43:20,569 INFO: Progress: 38000 / 242640 rows processed.
2026-05-21 18:44:23,846 INFO: Progress: 38500 / 242640 rows processed.
2026-05-21 18:45:11,061 INFO: Progress: 39000 / 242640 rows processed.
2026-05-21 18:46:14,692 INFO: Progress: 39500 / 242640 rows processed.
2026-05-21 18:47:07,045 INFO: Progress: 40000 / 242640 rows processed.
2026-05-21 18:47:52,192 INFO: Progress: 40500 / 242640 rows processed.
2026-05-21 18:48:54,049 INFO: Progress: 41000 / 242640 rows processed.
2026-05-21 18:49:37,615 INFO: Progress: 41500 / 242640 rows processed.
2026-05-21 18:50:40,488 INFO: Progress: 42000 / 242640 rows processed.
2026-05-21 18:51:39,537 INFO: Progress: 42500 / 242640 rows processed.
2026-05-21 18:52:43,896 INFO: Progress: 43000 / 242640 rows processed.
2026-05-21 18:53:50,820 INFO: Progress: 43500 / 242640 rows processed.
2026-05-21 18:54:38,281 INFO: Progress: 44000 / 242640 rows processed.
2026-05-21 18:55:28,857 INFO: Progress: 44500 / 242640 rows processed.
2026-05-21 18:56:42,067 INFO: Progress: 45000 / 242640 rows processed.
2026-05-21 18:57:58,936 INFO: Progress: 45500 / 242640 rows processed.
2026-05-21 18:59:58,404 INFO: Progress: 46000 / 242640 rows processed.
2026-05-21 19:01:00,114 INFO: Progress: 46500 / 242640 rows processed.
2026-05-21 19:02:22,748 INFO: Progress: 47000 / 242640 rows processed.
2026-05-21 19:03:49,668 INFO: Progress: 47500 / 242640 rows processed.
2026-05-21 19:05:25,300 INFO: Progress: 48000 / 242640 rows processed.
2026-05-21 19:06:45,238 INFO: Progress: 48500 / 242640 rows processed.
2026-05-21 19:08:15,745 INFO: Progress: 49000 / 242640 rows processed.
2026-05-21 19:09:49,852 INFO: Progress: 49500 / 242640 rows processed.
2026-05-21 19:11:31,797 INFO: Progress: 50000 / 242640 rows processed.
2026-05-21 19:13:16,804 INFO: Progress: 50500 / 242640 rows processed.
2026-05-21 19:15:24,903 INFO: Progress: 51000 / 242640 rows processed.
2026-05-21 19:17:22,490 INFO: Progress: 51500 / 242640 rows processed.
2026-05-21 19:19:22,012 INFO: Progress: 52000 / 242640 rows processed.
2026-05-21 19:21:20,052 INFO: Progress: 52500 / 242640 rows processed.
2026-05-21 19:23:19,459 INFO: Progress: 53000 / 242640 rows processed.
2026-05-21 19:25:18,061 INFO: Progress: 53500 / 242640 rows processed.
2026-05-21 19:26:51,816 INFO: Progress: 54000 / 242640 rows processed.
2026-05-21 19:27:46,468 INFO: Progress: 54500 / 242640 rows processed.
2026-05-21 19:29:15,043 INFO: Progress: 55000 / 242640 rows processed.
2026-05-21 19:30:54,643 INFO: Progress: 55500 / 242640 rows processed.
2026-05-21 19:32:06,925 INFO: Progress: 56000 / 242640 rows processed.
2026-05-21 19:33:11,156 INFO: Progress: 56500 / 242640 rows processed.
2026-05-21 19:34:10,866 INFO: Progress: 57000 / 242640 rows processed.
2026-05-21 19:34:58,501 INFO: Progress: 57500 / 242640 rows processed.
2026-05-21 19:35:53,379 INFO: Progress: 58000 / 242640 rows processed.
2026-05-21 19:37:33,464 INFO: Progress: 58500 / 242640 rows processed.
2026-05-21 19:38:48,418 INFO: Progress: 59000 / 242640 rows processed.
2026-05-21 19:39:36,906 INFO: Progress: 59500 / 242640 rows processed.
2026-05-21 19:40:30,339 INFO: Progress: 60000 / 242640 rows processed.
2026-05-21 19:41:31,615 INFO: Progress: 60500 / 242640 rows processed.
2026-05-21 19:42:42,270 INFO: Progress: 61000 / 242640 rows processed.
2026-05-21 19:43:52,997 INFO: Progress: 61500 / 242640 rows processed.
2026-05-21 19:45:11,805 INFO: Progress: 62000 / 242640 rows processed.
2026-05-21 19:46:34,548 INFO: Progress: 62500 / 242640 rows processed.
2026-05-21 19:48:14,610 INFO: Progress: 63000 / 242640 rows processed.
2026-05-21 19:49:33,492 INFO: Progress: 63500 / 242640 rows processed.
2026-05-21 19:51:03,010 INFO: Progress: 64000 / 242640 rows processed.
2026-05-21 19:52:27,329 INFO: Progress: 64500 / 242640 rows processed.
2026-05-21 19:53:51,106 INFO: Progress: 65000 / 242640 rows processed.
2026-05-21 19:55:17,636 INFO: Progress: 65500 / 242640 rows processed.
2026-05-21 19:56:30,968 INFO: Progress: 66000 / 242640 rows processed.
2026-05-21 19:58:12,601 INFO: Progress: 66500 / 242640 rows processed.
2026-05-21 19:59:39,182 INFO: Progress: 67000 / 242640 rows processed.
2026-05-21 20:00:56,331 INFO: Progress: 67500 / 242640 rows processed.
2026-05-21 20:02:15,534 INFO: Progress: 68000 / 242640 rows processed.
2026-05-21 20:03:31,911 INFO: Progress: 68500 / 242640 rows processed.
2026-05-21 20:04:49,459 INFO: Progress: 69000 / 242640 rows processed.
2026-05-21 20:06:32,999 INFO: Progress: 69500 / 242640 rows processed.
2026-05-21 20:08:11,257 INFO: Progress: 70000 / 242640 rows processed.
2026-05-21 20:09:27,561 INFO: Progress: 70500 / 242640 rows processed.
2026-05-21 20:11:01,299 INFO: Progress: 71000 / 242640 rows processed.
2026-05-21 20:12:24,103 INFO: Progress: 71500 / 242640 rows processed.
2026-05-21 20:13:55,802 INFO: Progress: 72000 / 242640 rows processed.
2026-05-21 20:15:21,389 INFO: Progress: 72500 / 242640 rows processed.
2026-05-21 20:16:33,361 INFO: Progress: 73000 / 242640 rows processed.
2026-05-21 20:17:55,512 INFO: Progress: 73500 / 242640 rows processed.
2026-05-21 20:19:15,928 INFO: Progress: 74000 / 242640 rows processed.
2026-05-21 20:20:43,158 INFO: Progress: 74500 / 242640 rows processed.
2026-05-21 20:22:03,807 INFO: Progress: 75000 / 242640 rows processed.
2026-05-21 20:23:23,025 INFO: Progress: 75500 / 242640 rows processed.
2026-05-21 20:24:56,747 INFO: Progress: 76000 / 242640 rows processed.
2026-05-21 20:26:18,632 INFO: Progress: 76500 / 242640 rows processed.
2026-05-21 20:27:36,108 INFO: Progress: 77000 / 242640 rows processed.
2026-05-21 20:28:59,205 INFO: Progress: 77500 / 242640 rows processed.
2026-05-21 20:30:22,010 INFO: Progress: 78000 / 242640 rows processed.
2026-05-21 20:31:58,035 INFO: Progress: 78500 / 242640 rows processed.
2026-05-21 20:33:22,696 INFO: Progress: 79000 / 242640 rows processed.
2026-05-21 20:34:41,789 INFO: Progress: 79500 / 242640 rows processed.
2026-05-21 20:36:03,997 INFO: Progress: 80000 / 242640 rows processed.
2026-05-21 20:37:38,314 INFO: Progress: 80500 / 242640 rows processed.
2026-05-21 20:39:04,822 INFO: Progress: 81000 / 242640 rows processed.
2026-05-21 20:40:22,952 INFO: Progress: 81500 / 242640 rows processed.
2026-05-21 20:41:37,711 INFO: Progress: 82000 / 242640 rows processed.
2026-05-21 20:42:55,457 INFO: Progress: 82500 / 242640 rows processed.
2026-05-21 20:44:06,744 INFO: Progress: 83000 / 242640 rows processed.
2026-05-21 20:45:29,664 INFO: Progress: 83500 / 242640 rows processed.
2026-05-21 20:46:42,932 INFO: Progress: 84000 / 242640 rows processed.
2026-05-21 20:48:08,463 INFO: Progress: 84500 / 242640 rows processed.
2026-05-21 20:49:32,679 INFO: Progress: 85000 / 242640 rows processed.
2026-05-21 20:50:53,542 INFO: Progress: 85500 / 242640 rows processed.
2026-05-21 20:52:15,253 INFO: Progress: 86000 / 242640 rows processed.
2026-05-21 20:53:42,663 INFO: Progress: 86500 / 242640 rows processed.
2026-05-21 20:55:22,992 INFO: Progress: 87000 / 242640 rows processed.
2026-05-21 20:56:43,744 INFO: Progress: 87500 / 242640 rows processed.
2026-05-21 20:58:12,604 INFO: Progress: 88000 / 242640 rows processed.
2026-05-21 20:59:27,446 INFO: Progress: 88500 / 242640 rows processed.
2026-05-21 21:01:04,255 INFO: Progress: 89000 / 242640 rows processed.
2026-05-21 21:02:33,619 INFO: Progress: 89500 / 242640 rows processed.
2026-05-21 21:03:54,401 INFO: Progress: 90000 / 242640 rows processed.
2026-05-21 21:05:14,466 INFO: Progress: 90500 / 242640 rows processed.
2026-05-21 21:06:31,870 INFO: Progress: 91000 / 242640 rows processed.
2026-05-21 21:07:54,688 INFO: Progress: 91500 / 242640 rows processed.
2026-05-21 21:09:15,401 INFO: Progress: 92000 / 242640 rows processed.
2026-05-21 21:10:30,766 INFO: Progress: 92500 / 242640 rows processed.
2026-05-21 21:11:53,288 INFO: Progress: 93000 / 242640 rows processed.
2026-05-21 21:13:32,743 INFO: Progress: 93500 / 242640 rows processed.
2026-05-21 21:14:55,639 INFO: Progress: 94000 / 242640 rows processed.
2026-05-21 21:16:22,610 INFO: Progress: 94500 / 242640 rows processed.
2026-05-21 21:17:48,297 INFO: Progress: 95000 / 242640 rows processed.
2026-05-21 21:19:14,348 INFO: Progress: 95500 / 242640 rows processed.
2026-05-21 21:20:28,023 INFO: Progress: 96000 / 242640 rows processed.
2026-05-21 21:21:41,443 INFO: Progress: 96500 / 242640 rows processed.
2026-05-21 21:23:02,135 INFO: Progress: 97000 / 242640 rows processed.
2026-05-21 21:24:18,187 INFO: Progress: 97500 / 242640 rows processed.
2026-05-21 21:25:30,111 INFO: Progress: 98000 / 242640 rows processed.
2026-05-21 21:26:55,320 INFO: Progress: 98500 / 242640 rows processed.
2026-05-21 21:28:11,373 INFO: Progress: 99000 / 242640 rows processed.
2026-05-21 21:29:23,962 INFO: Progress: 99500 / 242640 rows processed.
2026-05-21 21:31:13,575 INFO: Progress: 100000 / 242640 rows processed.
2026-05-21 21:32:27,935 INFO: Progress: 100500 / 242640 rows processed.
2026-05-21 21:33:55,896 INFO: Progress: 101000 / 242640 rows processed.
2026-05-21 21:35:09,465 INFO: Progress: 101500 / 242640 rows processed.
2026-05-21 21:36:27,723 INFO: Progress: 102000 / 242640 rows processed.
2026-05-21 21:37:33,806 INFO: Progress: 102500 / 242640 rows processed.
2026-05-21 21:39:06,998 INFO: Progress: 103000 / 242640 rows processed.
2026-05-21 21:40:20,054 INFO: Progress: 103500 / 242640 rows processed.
2026-05-21 21:41:27,760 INFO: Progress: 104000 / 242640 rows processed.
2026-05-21 21:43:14,528 INFO: Progress: 104500 / 242640 rows processed.
2026-05-21 21:44:32,013 INFO: Progress: 105000 / 242640 rows processed.
2026-05-21 21:45:49,729 INFO: Progress: 105500 / 242640 rows processed.
2026-05-21 21:47:24,332 INFO: Progress: 106000 / 242640 rows processed.
2026-05-21 21:48:50,006 INFO: Progress: 106500 / 242640 rows processed.
2026-05-21 21:50:14,660 INFO: Progress: 107000 / 242640 rows processed.
2026-05-21 21:51:34,008 INFO: Progress: 107500 / 242640 rows processed.
2026-05-21 21:52:57,619 INFO: Progress: 108000 / 242640 rows processed.
2026-05-21 21:54:05,790 INFO: Progress: 108500 / 242640 rows processed.
2026-05-21 21:55:22,405 INFO: Progress: 109000 / 242640 rows processed.
2026-05-21 21:56:34,538 INFO: Progress: 109500 / 242640 rows processed.
2026-05-21 21:58:02,250 INFO: Progress: 110000 / 242640 rows processed.
2026-05-21 21:59:21,362 INFO: Progress: 110500 / 242640 rows processed.
2026-05-21 22:00:53,140 INFO: Progress: 111000 / 242640 rows processed.
2026-05-21 22:02:07,065 INFO: Progress: 111500 / 242640 rows processed.
2026-05-21 22:03:16,535 INFO: Progress: 112000 / 242640 rows processed.
2026-05-21 22:04:43,950 INFO: Progress: 112500 / 242640 rows processed.
2026-05-21 22:06:12,047 INFO: Progress: 113000 / 242640 rows processed.
2026-05-21 22:07:38,317 INFO: Progress: 113500 / 242640 rows processed.
2026-05-21 22:08:59,504 INFO: Progress: 114000 / 242640 rows processed.
2026-05-21 22:10:18,703 INFO: Progress: 114500 / 242640 rows processed.
2026-05-21 22:11:52,518 INFO: Progress: 115000 / 242640 rows processed.
2026-05-21 22:13:12,134 INFO: Progress: 115500 / 242640 rows processed.
2026-05-21 22:14:38,674 INFO: Progress: 116000 / 242640 rows processed.
2026-05-21 22:16:05,714 INFO: Progress: 116500 / 242640 rows processed.
2026-05-21 22:17:42,073 INFO: Progress: 117000 / 242640 rows processed.
2026-05-21 22:18:53,715 INFO: Progress: 117500 / 242640 rows processed.
2026-05-21 22:20:13,037 INFO: Progress: 118000 / 242640 rows processed.
2026-05-21 22:21:38,542 INFO: Progress: 118500 / 242640 rows processed.
2026-05-21 22:23:05,442 INFO: Progress: 119000 / 242640 rows processed.
2026-05-21 22:24:37,416 INFO: Progress: 119500 / 242640 rows processed.
2026-05-21 22:26:00,964 INFO: Progress: 120000 / 242640 rows processed.
2026-05-21 22:27:09,036 INFO: Progress: 120500 / 242640 rows processed.
2026-05-21 22:28:44,362 INFO: Progress: 121000 / 242640 rows processed.
2026-05-21 22:30:14,370 INFO: Progress: 121500 / 242640 rows processed.
2026-05-21 22:31:28,045 INFO: Progress: 122000 / 242640 rows processed.
2026-05-21 22:33:06,523 INFO: Progress: 122500 / 242640 rows processed.
2026-05-21 22:34:27,057 INFO: Progress: 123000 / 242640 rows processed.
2026-05-21 22:35:48,889 INFO: Progress: 123500 / 242640 rows processed.
2026-05-21 22:37:23,035 INFO: Progress: 124000 / 242640 rows processed.
2026-05-21 22:38:33,785 INFO: Progress: 124500 / 242640 rows processed.
2026-05-21 22:39:43,258 INFO: Progress: 125000 / 242640 rows processed.
2026-05-21 22:41:16,649 INFO: Progress: 125500 / 242640 rows processed.
2026-05-21 22:42:44,063 INFO: Progress: 126000 / 242640 rows processed.
2026-05-21 22:44:01,697 INFO: Progress: 126500 / 242640 rows processed.
2026-05-21 22:45:32,969 INFO: Progress: 127000 / 242640 rows processed.
2026-05-21 22:47:03,045 INFO: Progress: 127500 / 242640 rows processed.
2026-05-21 22:48:46,608 INFO: Progress: 128000 / 242640 rows processed.
2026-05-21 22:50:18,497 INFO: Progress: 128500 / 242640 rows processed.
2026-05-21 22:51:39,506 INFO: Progress: 129000 / 242640 rows processed.
2026-05-21 22:52:55,540 INFO: Progress: 129500 / 242640 rows processed.
2026-05-21 22:54:25,119 INFO: Progress: 130000 / 242640 rows processed.
2026-05-21 22:55:40,395 INFO: Progress: 130500 / 242640 rows processed.
2026-05-21 22:56:51,916 INFO: Progress: 131000 / 242640 rows processed.
2026-05-21 22:58:22,146 INFO: Progress: 131500 / 242640 rows processed.
2026-05-21 22:59:33,154 INFO: Progress: 132000 / 242640 rows processed.
2026-05-21 23:00:52,869 INFO: Progress: 132500 / 242640 rows processed.
2026-05-21 23:02:33,354 INFO: Progress: 133000 / 242640 rows processed.
2026-05-21 23:03:54,493 INFO: Progress: 133500 / 242640 rows processed.
2026-05-21 23:05:18,471 INFO: Progress: 134000 / 242640 rows processed.
2026-05-21 23:06:49,709 INFO: Progress: 134500 / 242640 rows processed.
2026-05-21 23:08:13,247 INFO: Progress: 135000 / 242640 rows processed.
2026-05-21 23:09:29,683 INFO: Progress: 135500 / 242640 rows processed.
2026-05-21 23:10:55,631 INFO: Progress: 136000 / 242640 rows processed.
2026-05-21 23:12:10,841 INFO: Progress: 136500 / 242640 rows processed.
2026-05-21 23:13:31,835 INFO: Progress: 137000 / 242640 rows processed.
2026-05-21 23:14:47,953 INFO: Progress: 137500 / 242640 rows processed.
2026-05-21 23:16:19,983 INFO: Progress: 138000 / 242640 rows processed.
2026-05-21 23:17:32,891 INFO: Progress: 138500 / 242640 rows processed.
2026-05-21 23:18:39,178 INFO: Progress: 139000 / 242640 rows processed.
2026-05-21 23:20:00,249 INFO: Progress: 139500 / 242640 rows processed.
2026-05-21 23:21:18,227 INFO: Progress: 140000 / 242640 rows processed.
2026-05-21 23:22:42,310 INFO: Progress: 140500 / 242640 rows processed.
2026-05-21 23:24:01,671 INFO: Progress: 141000 / 242640 rows processed.
2026-05-21 23:25:23,064 INFO: Progress: 141500 / 242640 rows processed.
2026-05-21 23:26:45,929 INFO: Progress: 142000 / 242640 rows processed.
2026-05-21 23:28:13,891 INFO: Progress: 142500 / 242640 rows processed.
2026-05-21 23:29:50,459 INFO: Progress: 143000 / 242640 rows processed.
2026-05-21 23:31:11,184 INFO: Progress: 143500 / 242640 rows processed.
2026-05-21 23:32:41,822 INFO: Progress: 144000 / 242640 rows processed.
2026-05-21 23:33:54,084 INFO: Progress: 144500 / 242640 rows processed.
2026-05-21 23:35:11,360 INFO: Progress: 145000 / 242640 rows processed.
2026-05-21 23:36:26,597 INFO: Progress: 145500 / 242640 rows processed.
2026-05-21 23:38:02,452 INFO: Progress: 146000 / 242640 rows processed.
2026-05-21 23:39:31,195 INFO: Progress: 146500 / 242640 rows processed.
2026-05-21 23:40:59,236 INFO: Progress: 147000 / 242640 rows processed.
2026-05-21 23:42:11,341 INFO: Progress: 147500 / 242640 rows processed.
2026-05-21 23:43:43,484 INFO: Progress: 148000 / 242640 rows processed.
2026-05-21 23:44:53,859 INFO: Progress: 148500 / 242640 rows processed.
2026-05-21 23:46:09,178 INFO: Progress: 149000 / 242640 rows processed.
2026-05-21 23:47:30,845 INFO: Progress: 149500 / 242640 rows processed.
2026-05-21 23:48:50,738 INFO: Progress: 150000 / 242640 rows processed.
2026-05-21 23:50:09,792 INFO: Progress: 150500 / 242640 rows processed.
2026-05-21 23:51:31,331 INFO: Progress: 151000 / 242640 rows processed.
2026-05-21 23:52:59,869 INFO: Progress: 151500 / 242640 rows processed.
2026-05-21 23:54:21,799 INFO: Progress: 152000 / 242640 rows processed.
2026-05-21 23:56:05,747 INFO: Progress: 152500 / 242640 rows processed.
2026-05-21 23:57:30,232 INFO: Progress: 153000 / 242640 rows processed.
2026-05-21 23:58:56,343 INFO: Progress: 153500 / 242640 rows processed.
2026-05-22 00:00:31,920 INFO: Progress: 154000 / 242640 rows processed.
2026-05-22 00:02:04,344 INFO: Progress: 154500 / 242640 rows processed.
2026-05-22 00:03:31,230 INFO: Progress: 155000 / 242640 rows processed.
2026-05-22 00:04:48,635 INFO: Progress: 155500 / 242640 rows processed.
2026-05-22 00:06:26,035 INFO: Progress: 156000 / 242640 rows processed.
2026-05-22 00:07:42,951 INFO: Progress: 156500 / 242640 rows processed.
2026-05-22 00:09:03,282 INFO: Progress: 157000 / 242640 rows processed.
2026-05-22 00:10:41,684 INFO: Progress: 157500 / 242640 rows processed.
2026-05-22 00:12:25,675 INFO: Progress: 158000 / 242640 rows processed.
2026-05-22 00:13:32,884 INFO: Progress: 158500 / 242640 rows processed.
2026-05-22 00:15:01,528 INFO: Progress: 159000 / 242640 rows processed.
2026-05-22 00:16:38,671 INFO: Progress: 159500 / 242640 rows processed.
2026-05-22 00:18:04,537 INFO: Progress: 160000 / 242640 rows processed.
2026-05-22 00:19:11,353 INFO: Progress: 160500 / 242640 rows processed.
2026-05-22 00:20:16,530 INFO: Progress: 161000 / 242640 rows processed.
2026-05-22 00:21:37,101 INFO: Progress: 161500 / 242640 rows processed.
2026-05-22 00:22:52,122 INFO: Progress: 162000 / 242640 rows processed.
2026-05-22 00:24:11,597 INFO: Progress: 162500 / 242640 rows processed.
2026-05-22 00:25:32,793 INFO: Progress: 163000 / 242640 rows processed.
2026-05-22 00:26:48,796 INFO: Progress: 163500 / 242640 rows processed.
2026-05-22 00:28:17,009 INFO: Progress: 164000 / 242640 rows processed.
2026-05-22 00:29:42,026 INFO: Progress: 164500 / 242640 rows processed.
2026-05-22 00:31:14,631 INFO: Progress: 165000 / 242640 rows processed.
2026-05-22 00:32:38,464 INFO: Progress: 165500 / 242640 rows processed.
2026-05-22 00:33:44,689 INFO: Progress: 166000 / 242640 rows processed.
2026-05-22 00:34:55,581 INFO: Progress: 166500 / 242640 rows processed.
2026-05-22 00:36:50,453 INFO: Progress: 167000 / 242640 rows processed.
2026-05-22 00:38:19,714 INFO: Progress: 167500 / 242640 rows processed.
2026-05-22 00:39:44,290 INFO: Progress: 168000 / 242640 rows processed.
2026-05-22 00:41:02,361 INFO: Progress: 168500 / 242640 rows processed.
2026-05-22 00:42:21,443 INFO: Progress: 169000 / 242640 rows processed.
2026-05-22 00:43:41,771 INFO: Progress: 169500 / 242640 rows processed.
2026-05-22 00:45:13,264 INFO: Progress: 170000 / 242640 rows processed.
2026-05-22 00:46:24,996 INFO: Progress: 170500 / 242640 rows processed.
2026-05-22 00:47:44,965 INFO: Progress: 171000 / 242640 rows processed.
2026-05-22 00:49:11,536 INFO: Progress: 171500 / 242640 rows processed.
2026-05-22 00:50:26,501 INFO: Progress: 172000 / 242640 rows processed.
2026-05-22 00:51:50,575 INFO: Progress: 172500 / 242640 rows processed.
2026-05-22 00:53:14,301 INFO: Progress: 173000 / 242640 rows processed.
2026-05-22 00:54:44,051 INFO: Progress: 173500 / 242640 rows processed.
2026-05-22 00:56:04,320 INFO: Progress: 174000 / 242640 rows processed.
2026-05-22 00:57:22,135 INFO: Progress: 174500 / 242640 rows processed.
2026-05-22 00:58:48,937 INFO: Progress: 175000 / 242640 rows processed.
2026-05-22 01:00:07,522 INFO: Progress: 175500 / 242640 rows processed.
2026-05-22 01:01:09,563 INFO: Progress: 176000 / 242640 rows processed.
2026-05-22 01:02:16,262 INFO: Progress: 176500 / 242640 rows processed.
2026-05-22 01:03:25,309 INFO: Progress: 177000 / 242640 rows processed.
2026-05-22 01:04:44,198 INFO: Progress: 177500 / 242640 rows processed.
2026-05-22 01:05:48,486 INFO: Progress: 178000 / 242640 rows processed.
2026-05-22 01:07:00,603 INFO: Progress: 178500 / 242640 rows processed.
2026-05-22 01:08:09,015 INFO: Progress: 179000 / 242640 rows processed.
2026-05-22 01:09:06,064 INFO: Progress: 179500 / 242640 rows processed.
2026-05-22 01:10:12,865 INFO: Progress: 180000 / 242640 rows processed.
2026-05-22 01:11:17,971 INFO: Progress: 180500 / 242640 rows processed.
2026-05-22 01:12:21,696 INFO: Progress: 181000 / 242640 rows processed.
2026-05-22 01:13:24,113 INFO: Progress: 181500 / 242640 rows processed.
2026-05-22 01:14:12,801 INFO: Progress: 182000 / 242640 rows processed.
2026-05-22 01:15:17,018 INFO: Progress: 182500 / 242640 rows processed.
2026-05-22 01:16:13,689 INFO: Progress: 183000 / 242640 rows processed.
2026-05-22 01:17:38,801 INFO: Progress: 183500 / 242640 rows processed.
2026-05-22 01:18:29,648 INFO: Progress: 184000 / 242640 rows processed.
2026-05-22 01:19:12,176 INFO: Progress: 184500 / 242640 rows processed.
2026-05-22 01:20:07,117 INFO: Progress: 185000 / 242640 rows processed.
2026-05-22 01:20:57,265 INFO: Progress: 185500 / 242640 rows processed.
2026-05-22 01:22:00,743 INFO: Progress: 186000 / 242640 rows processed.
2026-05-22 01:23:03,016 INFO: Progress: 186500 / 242640 rows processed.
2026-05-22 01:24:02,724 INFO: Progress: 187000 / 242640 rows processed.
2026-05-22 01:25:00,947 INFO: Progress: 187500 / 242640 rows processed.
2026-05-22 01:26:00,725 INFO: Progress: 188000 / 242640 rows processed.
2026-05-22 01:26:51,949 INFO: Progress: 188500 / 242640 rows processed.
2026-05-22 01:28:10,389 INFO: Progress: 189000 / 242640 rows processed.
2026-05-22 01:29:03,390 INFO: Progress: 189500 / 242640 rows processed.
2026-05-22 01:30:23,233 INFO: Progress: 190000 / 242640 rows processed.
2026-05-22 01:31:26,072 INFO: Progress: 190500 / 242640 rows processed.
2026-05-22 01:32:25,404 INFO: Progress: 191000 / 242640 rows processed.
2026-05-22 01:33:22,861 INFO: Progress: 191500 / 242640 rows processed.
2026-05-22 01:34:23,895 INFO: Progress: 192000 / 242640 rows processed.
2026-05-22 01:35:36,068 INFO: Progress: 192500 / 242640 rows processed.
2026-05-22 01:36:33,675 INFO: Progress: 193000 / 242640 rows processed.
2026-05-22 01:37:34,833 INFO: Progress: 193500 / 242640 rows processed.
2026-05-22 01:38:52,902 INFO: Progress: 194000 / 242640 rows processed.
2026-05-22 01:40:07,684 INFO: Progress: 194500 / 242640 rows processed.
2026-05-22 01:41:04,886 INFO: Progress: 195000 / 242640 rows processed.
2026-05-22 01:42:07,219 INFO: Progress: 195500 / 242640 rows processed.
2026-05-22 01:43:13,172 INFO: Progress: 196000 / 242640 rows processed.
2026-05-22 01:44:21,306 INFO: Progress: 196500 / 242640 rows processed.
2026-05-22 01:45:15,410 INFO: Progress: 197000 / 242640 rows processed.
2026-05-22 01:46:05,327 INFO: Progress: 197500 / 242640 rows processed.
2026-05-22 01:47:19,552 INFO: Progress: 198000 / 242640 rows processed.
2026-05-22 01:48:28,872 INFO: Progress: 198500 / 242640 rows processed.
2026-05-22 01:49:22,763 INFO: Progress: 199000 / 242640 rows processed.
2026-05-22 01:50:15,094 INFO: Progress: 199500 / 242640 rows processed.
2026-05-22 01:51:05,688 INFO: Progress: 200000 / 242640 rows processed.
2026-05-22 01:52:30,392 INFO: Progress: 200500 / 242640 rows processed.
2026-05-22 01:53:29,021 INFO: Progress: 201000 / 242640 rows processed.
2026-05-22 01:54:25,177 INFO: Progress: 201500 / 242640 rows processed.
2026-05-22 01:55:32,968 INFO: Progress: 202000 / 242640 rows processed.
2026-05-22 01:56:34,632 INFO: Progress: 202500 / 242640 rows processed.
2026-05-22 01:57:41,627 INFO: Progress: 203000 / 242640 rows processed.
2026-05-22 01:58:30,641 INFO: Progress: 203500 / 242640 rows processed.
2026-05-22 01:59:37,324 INFO: Progress: 204000 / 242640 rows processed.
2026-05-22 02:00:25,718 INFO: Progress: 204500 / 242640 rows processed.
2026-05-22 02:01:30,153 INFO: Progress: 205000 / 242640 rows processed.
2026-05-22 02:02:37,484 INFO: Progress: 205500 / 242640 rows processed.
2026-05-22 02:03:51,595 INFO: Progress: 206000 / 242640 rows processed.
2026-05-22 02:04:52,673 INFO: Progress: 206500 / 242640 rows processed.
2026-05-22 02:06:06,674 INFO: Progress: 207000 / 242640 rows processed.
2026-05-22 02:07:37,741 INFO: Progress: 207500 / 242640 rows processed.
2026-05-22 02:08:26,634 INFO: Progress: 208000 / 242640 rows processed.
2026-05-22 02:09:19,881 INFO: Progress: 208500 / 242640 rows processed.
2026-05-22 02:10:12,468 INFO: Progress: 209000 / 242640 rows processed.
2026-05-22 02:11:15,089 INFO: Progress: 209500 / 242640 rows processed.
2026-05-22 02:12:10,472 INFO: Progress: 210000 / 242640 rows processed.
2026-05-22 02:13:01,933 INFO: Progress: 210500 / 242640 rows processed.
2026-05-22 02:14:10,368 INFO: Progress: 211000 / 242640 rows processed.
2026-05-22 02:15:54,118 INFO: Progress: 211500 / 242640 rows processed.
2026-05-22 02:17:31,266 INFO: Progress: 212000 / 242640 rows processed.
2026-05-22 02:19:20,533 INFO: Progress: 212500 / 242640 rows processed.
2026-05-22 02:21:13,983 INFO: Progress: 213000 / 242640 rows processed.
2026-05-22 02:22:51,735 INFO: Progress: 213500 / 242640 rows processed.
2026-05-22 02:24:43,248 INFO: Progress: 214000 / 242640 rows processed.
2026-05-22 02:26:50,939 INFO: Progress: 214500 / 242640 rows processed.
2026-05-22 02:28:33,916 INFO: Progress: 215000 / 242640 rows processed.
2026-05-22 02:30:54,730 INFO: Progress: 215500 / 242640 rows processed.
2026-05-22 02:32:58,384 INFO: Progress: 216000 / 242640 rows processed.
2026-05-22 02:34:42,943 INFO: Progress: 216500 / 242640 rows processed.
2026-05-22 02:36:54,165 INFO: Progress: 217000 / 242640 rows processed.
2026-05-22 02:38:56,902 INFO: Progress: 217500 / 242640 rows processed.
2026-05-22 02:40:49,372 INFO: Progress: 218000 / 242640 rows processed.
2026-05-22 02:42:51,463 INFO: Progress: 218500 / 242640 rows processed.
2026-05-22 02:44:46,001 INFO: Progress: 219000 / 242640 rows processed.
2026-05-22 02:46:34,114 INFO: Progress: 219500 / 242640 rows processed.
2026-05-22 02:48:40,430 INFO: Progress: 220000 / 242640 rows processed.
2026-05-22 02:50:37,632 INFO: Progress: 220500 / 242640 rows processed.
2026-05-22 02:52:27,729 INFO: Progress: 221000 / 242640 rows processed.
2026-05-22 02:54:37,558 INFO: Progress: 221500 / 242640 rows processed.
2026-05-22 02:56:32,831 INFO: Progress: 222000 / 242640 rows processed.
2026-05-22 02:58:41,571 INFO: Progress: 222500 / 242640 rows processed.
2026-05-22 03:00:32,265 INFO: Progress: 223000 / 242640 rows processed.
2026-05-22 03:02:38,677 INFO: Progress: 223500 / 242640 rows processed.
2026-05-22 03:04:51,487 INFO: Progress: 224000 / 242640 rows processed.
2026-05-22 03:06:36,498 INFO: Progress: 224500 / 242640 rows processed.
2026-05-22 03:08:33,176 INFO: Progress: 225000 / 242640 rows processed.
2026-05-22 03:10:40,621 INFO: Progress: 225500 / 242640 rows processed.
2026-05-22 03:12:41,512 INFO: Progress: 226000 / 242640 rows processed.
2026-05-22 03:14:30,859 INFO: Progress: 226500 / 242640 rows processed.
2026-05-22 03:16:36,909 INFO: Progress: 227000 / 242640 rows processed.
2026-05-22 03:18:21,710 INFO: Progress: 227500 / 242640 rows processed.
2026-05-22 03:20:37,361 INFO: Progress: 228000 / 242640 rows processed.
2026-05-22 03:22:28,320 INFO: Progress: 228500 / 242640 rows processed.
2026-05-22 03:24:11,390 INFO: Progress: 229000 / 242640 rows processed.
2026-05-22 03:25:43,413 INFO: Progress: 229500 / 242640 rows processed.
2026-05-22 03:27:15,841 INFO: Progress: 230000 / 242640 rows processed.
2026-05-22 03:29:20,382 INFO: Progress: 230500 / 242640 rows processed.
2026-05-22 03:31:07,427 INFO: Progress: 231000 / 242640 rows processed.
2026-05-22 03:33:01,422 INFO: Progress: 231500 / 242640 rows processed.
2026-05-22 03:34:31,917 INFO: Progress: 232000 / 242640 rows processed.
2026-05-22 03:36:20,261 INFO: Progress: 232500 / 242640 rows processed.
2026-05-22 03:38:08,722 INFO: Progress: 233000 / 242640 rows processed.
2026-05-22 03:39:47,711 INFO: Progress: 233500 / 242640 rows processed.
2026-05-22 03:41:46,972 INFO: Progress: 234000 / 242640 rows processed.
2026-05-22 03:43:42,780 INFO: Progress: 234500 / 242640 rows processed.
2026-05-22 03:45:29,299 INFO: Progress: 235000 / 242640 rows processed.
2026-05-22 03:47:18,503 INFO: Progress: 235500 / 242640 rows processed.
2026-05-22 03:49:20,425 INFO: Progress: 236000 / 242640 rows processed.
2026-05-22 03:51:01,205 INFO: Progress: 236500 / 242640 rows processed.
2026-05-22 03:52:52,624 INFO: Progress: 237000 / 242640 rows processed.
2026-05-22 03:54:50,048 INFO: Progress: 237500 / 242640 rows processed.
2026-05-22 03:57:14,481 INFO: Progress: 238000 / 242640 rows processed.
2026-05-22 03:59:16,613 INFO: Progress: 238500 / 242640 rows processed.
2026-05-22 04:01:04,335 INFO: Progress: 239000 / 242640 rows processed.
2026-05-22 04:02:50,007 INFO: Progress: 239500 / 242640 rows processed.
2026-05-22 04:04:40,240 INFO: Progress: 240000 / 242640 rows processed.
2026-05-22 04:06:20,889 INFO: Progress: 240500 / 242640 rows processed.
2026-05-22 04:08:03,737 INFO: Progress: 241000 / 242640 rows processed.
2026-05-22 04:09:54,137 INFO: Progress: 241500 / 242640 rows processed.
2026-05-22 04:12:05,706 INFO: Progress: 242000 / 242640 rows processed.
2026-05-22 04:13:51,555 INFO: Progress: 242500 / 242640 rows processed.
2026-05-22 04:14:32,359 INFO: Saved labeled.csv (242640 rows).
2026-05-22 04:14:34,494 INFO: Audit sample: 658 rows.
2026-05-22 04:14:34,495 INFO: Job phase1_llama31_8b complete in 39802s.
