2026-10-06 15:23:22,175 INFO: Job phase1_qwen3_6_35b_a3b started.  Input: /scratch/gpfs/JORDANAT/mg9965/PromptControlText/artifacts/phase1_results_qwen3_6_35b_a3b.csv
2026-10-06 15:23:25,712 INFO: Loaded 242640 rows from /scratch/gpfs/JORDANAT/mg9965/PromptControlText/artifacts/phase1_results_qwen3_6_35b_a3b.csv
2026-10-06 15:23:25,712 INFO: Resuming: 0 rows already complete.
2026-10-06 15:23:34,677 INFO: 242640 rows to process.
2026-10-06 15:26:21,536 INFO: Progress: 500 / 242640 rows processed.
2026-10-06 15:28:13,713 INFO: Progress: 1000 / 242640 rows processed.
2026-10-06 15:30:16,591 INFO: Progress: 1500 / 242640 rows processed.
2026-10-06 15:32:26,002 INFO: Progress: 2000 / 242640 rows processed.
2026-10-06 15:34:31,207 INFO: Progress: 2500 / 242640 rows processed.
2026-10-06 15:36:33,911 INFO: Progress: 3000 / 242640 rows processed.
2026-10-06 15:38:32,623 INFO: Progress: 3500 / 242640 rows processed.
2026-10-06 15:40:24,812 INFO: Progress: 4000 / 242640 rows processed.
2026-10-06 15:42:30,116 INFO: Progress: 4500 / 242640 rows processed.
2026-10-06 15:44:33,485 INFO: Progress: 5000 / 242640 rows processed.
2026-10-06 15:46:45,432 INFO: Progress: 5500 / 242640 rows processed.
2026-10-06 15:48:37,256 INFO: Progress: 6000 / 242640 rows processed.
2026-10-06 15:50:41,173 INFO: Progress: 6500 / 242640 rows processed.
2026-10-06 15:52:30,447 INFO: Progress: 7000 / 242640 rows processed.
2026-10-06 15:54:24,597 INFO: Progress: 7500 / 242640 rows processed.
2026-10-06 15:56:36,717 INFO: Progress: 8000 / 242640 rows processed.
2026-10-06 15:58:43,851 INFO: Progress: 8500 / 242640 rows processed.
2026-10-06 16:00:35,153 INFO: Progress: 9000 / 242640 rows processed.
2026-10-06 16:02:32,508 INFO: Progress: 9500 / 242640 rows processed.
2026-10-06 16:04:46,084 INFO: Progress: 10000 / 242640 rows processed.
2026-10-06 16:06:55,280 INFO: Progress: 10500 / 242640 rows processed.
2026-10-06 16:08:48,948 INFO: Progress: 11000 / 242640 rows processed.
2026-10-06 16:10:46,534 INFO: Progress: 11500 / 242640 rows processed.
2026-10-06 16:13:04,088 INFO: Progress: 12000 / 242640 rows processed.
2026-10-06 16:15:16,201 INFO: Progress: 12500 / 242640 rows processed.
2026-10-06 16:17:27,455 INFO: Progress: 13000 / 242640 rows processed.
2026-10-06 16:19:28,163 INFO: Progress: 13500 / 242640 rows processed.
2026-10-06 16:21:31,031 INFO: Progress: 14000 / 242640 rows processed.
2026-10-06 16:23:19,452 INFO: Progress: 14500 / 242640 rows processed.
2026-10-06 16:25:16,542 INFO: Progress: 15000 / 242640 rows processed.
2026-10-06 16:27:12,887 INFO: Progress: 15500 / 242640 rows processed.
2026-10-06 16:28:59,187 INFO: Progress: 16000 / 242640 rows processed.
2026-10-06 16:30:59,090 INFO: Progress: 16500 / 242640 rows processed.
2026-10-06 16:33:05,333 INFO: Progress: 17000 / 242640 rows processed.
2026-10-06 16:35:05,705 INFO: Progress: 17500 / 242640 rows processed.
2026-10-06 16:37:00,632 INFO: Progress: 18000 / 242640 rows processed.
2026-10-06 16:38:38,553 INFO: Progress: 18500 / 242640 rows processed.
2026-10-06 16:40:48,600 INFO: Progress: 19000 / 242640 rows processed.
2026-10-06 16:42:34,332 INFO: Progress: 19500 / 242640 rows processed.
2026-10-06 16:44:26,587 INFO: Progress: 20000 / 242640 rows processed.
2026-10-06 16:46:20,011 INFO: Progress: 20500 / 242640 rows processed.
2026-10-06 16:48:21,547 INFO: Progress: 21000 / 242640 rows processed.
2026-10-06 16:50:19,269 INFO: Progress: 21500 / 242640 rows processed.
2026-10-06 16:52:09,429 INFO: Progress: 22000 / 242640 rows processed.
2026-10-06 16:54:13,889 INFO: Progress: 22500 / 242640 rows processed.
2026-10-06 16:55:59,767 INFO: Progress: 23000 / 242640 rows processed.
2026-10-06 16:57:58,771 INFO: Progress: 23500 / 242640 rows processed.
2026-10-06 16:59:59,100 INFO: Progress: 24000 / 242640 rows processed.
2026-10-06 17:01:41,647 INFO: Progress: 24500 / 242640 rows processed.
2026-10-06 17:03:29,749 INFO: Progress: 25000 / 242640 rows processed.
2026-10-06 17:05:25,244 INFO: Progress: 25500 / 242640 rows processed.
2026-10-06 17:07:27,214 INFO: Progress: 26000 / 242640 rows processed.
2026-10-06 17:09:22,579 INFO: Progress: 26500 / 242640 rows processed.
2026-10-06 17:11:15,182 INFO: Progress: 27000 / 242640 rows processed.
2026-10-06 17:12:53,470 INFO: Progress: 27500 / 242640 rows processed.
2026-10-06 17:14:10,550 INFO: Progress: 28000 / 242640 rows processed.
2026-10-06 17:15:27,746 INFO: Progress: 28500 / 242640 rows processed.
2026-10-06 17:16:55,275 INFO: Progress: 29000 / 242640 rows processed.
2026-10-06 17:18:29,530 INFO: Progress: 29500 / 242640 rows processed.
2026-10-06 17:20:07,115 INFO: Progress: 30000 / 242640 rows processed.
2026-10-06 17:21:26,589 INFO: Progress: 30500 / 242640 rows processed.
2026-10-06 17:23:37,254 INFO: Progress: 31000 / 242640 rows processed.
2026-10-06 17:25:14,538 INFO: Progress: 31500 / 242640 rows processed.
2026-10-06 17:27:23,526 INFO: Progress: 32000 / 242640 rows processed.
2026-10-06 17:29:19,191 INFO: Progress: 32500 / 242640 rows processed.
2026-10-06 17:31:48,632 INFO: Progress: 33000 / 242640 rows processed.
2026-10-06 17:34:21,577 INFO: Progress: 33500 / 242640 rows processed.
2026-10-06 17:36:33,670 INFO: Progress: 34000 / 242640 rows processed.
2026-10-06 17:38:49,817 INFO: Progress: 34500 / 242640 rows processed.
2026-10-06 17:41:27,763 INFO: Progress: 35000 / 242640 rows processed.
2026-10-06 17:43:39,281 INFO: Progress: 35500 / 242640 rows processed.
2026-10-06 17:46:13,911 INFO: Progress: 36000 / 242640 rows processed.
2026-10-06 17:48:42,968 INFO: Progress: 36500 / 242640 rows processed.
2026-10-06 17:50:47,971 INFO: Progress: 37000 / 242640 rows processed.
2026-10-06 17:53:16,525 INFO: Progress: 37500 / 242640 rows processed.
2026-10-06 17:55:59,361 INFO: Progress: 38000 / 242640 rows processed.
2026-10-06 17:58:09,677 INFO: Progress: 38500 / 242640 rows processed.
2026-10-06 18:00:25,989 INFO: Progress: 39000 / 242640 rows processed.
2026-10-06 18:02:42,641 INFO: Progress: 39500 / 242640 rows processed.
2026-10-06 18:04:25,497 INFO: Progress: 40000 / 242640 rows processed.
2026-10-06 18:06:23,892 INFO: Progress: 40500 / 242640 rows processed.
2026-10-06 18:08:50,608 INFO: Progress: 41000 / 242640 rows processed.
2026-10-06 18:11:18,836 INFO: Progress: 41500 / 242640 rows processed.
2026-10-06 18:13:30,834 INFO: Progress: 42000 / 242640 rows processed.
2026-10-06 18:17:10,009 INFO: Progress: 42500 / 242640 rows processed.
2026-10-06 18:19:48,012 INFO: Progress: 43000 / 242640 rows processed.
2026-10-06 18:21:31,873 INFO: Progress: 43500 / 242640 rows processed.
2026-10-06 18:23:50,700 INFO: Progress: 44000 / 242640 rows processed.
2026-10-06 18:26:26,997 INFO: Progress: 44500 / 242640 rows processed.
2026-10-06 18:30:18,419 INFO: Progress: 45000 / 242640 rows processed.
2026-10-06 18:34:03,464 INFO: Progress: 45500 / 242640 rows processed.
2026-10-06 18:37:41,309 INFO: Progress: 46000 / 242640 rows processed.
2026-10-06 18:39:52,767 INFO: Progress: 46500 / 242640 rows processed.
2026-10-06 18:42:23,061 INFO: Progress: 47000 / 242640 rows processed.
2026-10-06 18:44:24,236 INFO: Progress: 47500 / 242640 rows processed.
2026-10-06 18:46:39,078 INFO: Progress: 48000 / 242640 rows processed.
2026-10-06 18:48:49,281 INFO: Progress: 48500 / 242640 rows processed.
2026-10-06 18:51:03,956 INFO: Progress: 49000 / 242640 rows processed.
2026-10-06 18:53:00,736 INFO: Progress: 49500 / 242640 rows processed.
2026-10-06 18:55:03,253 INFO: Progress: 50000 / 242640 rows processed.
2026-10-06 18:57:09,905 INFO: Progress: 50500 / 242640 rows processed.
2026-10-06 18:59:18,854 INFO: Progress: 51000 / 242640 rows processed.
2026-10-06 19:01:20,534 INFO: Progress: 51500 / 242640 rows processed.
2026-10-06 19:03:49,458 INFO: Progress: 52000 / 242640 rows processed.
2026-10-06 19:06:09,387 INFO: Progress: 52500 / 242640 rows processed.
2026-10-06 19:08:39,151 INFO: Progress: 53000 / 242640 rows processed.
2026-10-06 19:10:59,533 INFO: Progress: 53500 / 242640 rows processed.
2026-10-06 19:13:19,863 INFO: Progress: 54000 / 242640 rows processed.
2026-10-06 19:15:45,506 INFO: Progress: 54500 / 242640 rows processed.
2026-10-06 19:18:17,252 INFO: Progress: 55000 / 242640 rows processed.
2026-10-06 19:20:50,992 INFO: Progress: 55500 / 242640 rows processed.
2026-10-06 19:23:01,813 INFO: Progress: 56000 / 242640 rows processed.
2026-10-06 19:25:15,032 INFO: Progress: 56500 / 242640 rows processed.
2026-10-06 19:27:56,764 INFO: Progress: 57000 / 242640 rows processed.
2026-10-06 19:29:48,412 INFO: Progress: 57500 / 242640 rows processed.
2026-10-06 19:31:36,966 INFO: Progress: 58000 / 242640 rows processed.
2026-10-06 19:35:02,745 INFO: Progress: 58500 / 242640 rows processed.
2026-10-06 19:37:10,275 INFO: Progress: 59000 / 242640 rows processed.
2026-10-06 19:39:16,218 INFO: Progress: 59500 / 242640 rows processed.
2026-10-06 19:41:27,967 INFO: Progress: 60000 / 242640 rows processed.
2026-10-06 19:44:56,192 INFO: Progress: 60500 / 242640 rows processed.
2026-10-06 19:47:10,655 INFO: Progress: 61000 / 242640 rows processed.
2026-10-06 19:48:50,273 INFO: Progress: 61500 / 242640 rows processed.
2026-10-06 19:50:37,394 INFO: Progress: 62000 / 242640 rows processed.
2026-10-06 19:52:11,137 INFO: Progress: 62500 / 242640 rows processed.
2026-10-06 19:53:34,458 INFO: Progress: 63000 / 242640 rows processed.
2026-10-06 19:55:16,552 INFO: Progress: 63500 / 242640 rows processed.
2026-10-06 19:57:00,697 INFO: Progress: 64000 / 242640 rows processed.
2026-10-06 19:58:41,198 INFO: Progress: 64500 / 242640 rows processed.
2026-10-06 20:00:28,182 INFO: Progress: 65000 / 242640 rows processed.
2026-10-06 20:01:51,476 INFO: Progress: 65500 / 242640 rows processed.
2026-10-06 20:03:31,646 INFO: Progress: 66000 / 242640 rows processed.
2026-10-06 20:05:15,053 INFO: Progress: 66500 / 242640 rows processed.
2026-10-06 20:06:47,194 INFO: Progress: 67000 / 242640 rows processed.
2026-10-06 20:08:27,910 INFO: Progress: 67500 / 242640 rows processed.
2026-10-06 20:09:53,944 INFO: Progress: 68000 / 242640 rows processed.
2026-10-06 20:11:06,942 INFO: Progress: 68500 / 242640 rows processed.
2026-10-06 20:12:58,478 INFO: Progress: 69000 / 242640 rows processed.
2026-10-06 20:14:40,477 INFO: Progress: 69500 / 242640 rows processed.
2026-10-06 20:16:42,325 INFO: Progress: 70000 / 242640 rows processed.
2026-10-06 20:18:28,436 INFO: Progress: 70500 / 242640 rows processed.
2026-10-06 20:20:14,430 INFO: Progress: 71000 / 242640 rows processed.
2026-10-06 20:21:41,121 INFO: Progress: 71500 / 242640 rows processed.
2026-10-06 20:23:43,899 INFO: Progress: 72000 / 242640 rows processed.
2026-10-06 20:25:04,963 INFO: Progress: 72500 / 242640 rows processed.
2026-10-06 20:26:26,050 INFO: Progress: 73000 / 242640 rows processed.
2026-10-06 20:28:01,868 INFO: Progress: 73500 / 242640 rows processed.
2026-10-06 20:29:47,623 INFO: Progress: 74000 / 242640 rows processed.
2026-10-06 20:31:14,565 INFO: Progress: 74500 / 242640 rows processed.
2026-10-06 20:32:50,008 INFO: Progress: 75000 / 242640 rows processed.
2026-10-06 20:34:21,031 INFO: Progress: 75500 / 242640 rows processed.
2026-10-06 20:36:09,605 INFO: Progress: 76000 / 242640 rows processed.
2026-10-06 20:37:37,187 INFO: Progress: 76500 / 242640 rows processed.
2026-10-06 20:38:58,073 INFO: Progress: 77000 / 242640 rows processed.
2026-10-06 20:40:35,228 INFO: Progress: 77500 / 242640 rows processed.
2026-10-06 20:42:03,142 INFO: Progress: 78000 / 242640 rows processed.
2026-10-06 20:43:36,914 INFO: Progress: 78500 / 242640 rows processed.
2026-10-06 20:45:03,552 INFO: Progress: 79000 / 242640 rows processed.
2026-10-06 20:46:31,470 INFO: Progress: 79500 / 242640 rows processed.
2026-10-06 20:48:29,798 INFO: Progress: 80000 / 242640 rows processed.
2026-10-06 20:50:22,826 INFO: Progress: 80500 / 242640 rows processed.
2026-10-06 20:52:09,178 INFO: Progress: 81000 / 242640 rows processed.
2026-10-06 20:53:37,045 INFO: Progress: 81500 / 242640 rows processed.
2026-10-06 20:55:01,739 INFO: Progress: 82000 / 242640 rows processed.
2026-10-06 20:56:41,279 INFO: Progress: 82500 / 242640 rows processed.
2026-10-06 20:58:09,257 INFO: Progress: 83000 / 242640 rows processed.
2026-10-06 20:59:59,082 INFO: Progress: 83500 / 242640 rows processed.
2026-10-06 21:01:21,002 INFO: Progress: 84000 / 242640 rows processed.
2026-10-06 21:02:44,555 INFO: Progress: 84500 / 242640 rows processed.
2026-10-06 21:04:04,046 INFO: Progress: 85000 / 242640 rows processed.
2026-10-06 21:05:29,496 INFO: Progress: 85500 / 242640 rows processed.
2026-10-06 21:07:07,780 INFO: Progress: 86000 / 242640 rows processed.
2026-10-06 21:08:56,911 INFO: Progress: 86500 / 242640 rows processed.
2026-10-06 21:10:18,711 INFO: Progress: 87000 / 242640 rows processed.
2026-10-06 21:11:52,718 INFO: Progress: 87500 / 242640 rows processed.
2026-10-06 21:13:20,258 INFO: Progress: 88000 / 242640 rows processed.
2026-10-06 21:14:57,628 INFO: Progress: 88500 / 242640 rows processed.
2026-10-06 21:16:21,839 INFO: Progress: 89000 / 242640 rows processed.
2026-10-06 21:17:41,876 INFO: Progress: 89500 / 242640 rows processed.
2026-10-06 21:19:19,581 INFO: Progress: 90000 / 242640 rows processed.
2026-10-06 21:21:11,634 INFO: Progress: 90500 / 242640 rows processed.
2026-10-06 21:22:48,837 INFO: Progress: 91000 / 242640 rows processed.
2026-10-06 21:24:11,316 INFO: Progress: 91500 / 242640 rows processed.
2026-10-06 21:25:31,452 INFO: Progress: 92000 / 242640 rows processed.
2026-10-06 21:26:50,300 INFO: Progress: 92500 / 242640 rows processed.
2026-10-06 21:28:16,480 INFO: Progress: 93000 / 242640 rows processed.
2026-10-06 21:30:01,008 INFO: Progress: 93500 / 242640 rows processed.
2026-10-06 21:31:36,082 INFO: Progress: 94000 / 242640 rows processed.
2026-10-06 21:32:57,269 INFO: Progress: 94500 / 242640 rows processed.
2026-10-06 21:34:35,074 INFO: Progress: 95000 / 242640 rows processed.
2026-10-06 21:36:10,725 INFO: Progress: 95500 / 242640 rows processed.
2026-10-06 21:37:28,656 INFO: Progress: 96000 / 242640 rows processed.
2026-10-06 21:38:55,494 INFO: Progress: 96500 / 242640 rows processed.
2026-10-06 21:40:30,177 INFO: Progress: 97000 / 242640 rows processed.
2026-10-06 21:42:03,575 INFO: Progress: 97500 / 242640 rows processed.
2026-10-06 21:43:34,144 INFO: Progress: 98000 / 242640 rows processed.
2026-10-06 21:45:12,883 INFO: Progress: 98500 / 242640 rows processed.
2026-10-06 21:46:38,761 INFO: Progress: 99000 / 242640 rows processed.
2026-10-06 21:48:11,868 INFO: Progress: 99500 / 242640 rows processed.
2026-10-06 21:50:05,635 INFO: Progress: 100000 / 242640 rows processed.
2026-10-06 21:51:23,661 INFO: Progress: 100500 / 242640 rows processed.
2026-10-06 21:52:57,428 INFO: Progress: 101000 / 242640 rows processed.
2026-10-06 21:54:56,848 INFO: Progress: 101500 / 242640 rows processed.
2026-10-06 21:56:18,979 INFO: Progress: 102000 / 242640 rows processed.
2026-10-06 21:57:38,289 INFO: Progress: 102500 / 242640 rows processed.
2026-10-06 21:58:57,039 INFO: Progress: 103000 / 242640 rows processed.
2026-10-06 22:00:38,075 INFO: Progress: 103500 / 242640 rows processed.
2026-10-06 22:02:22,610 INFO: Progress: 104000 / 242640 rows processed.
2026-10-06 22:03:45,049 INFO: Progress: 104500 / 242640 rows processed.
2026-10-06 22:05:34,259 INFO: Progress: 105000 / 242640 rows processed.
2026-10-06 22:06:58,679 INFO: Progress: 105500 / 242640 rows processed.
2026-10-06 22:08:49,470 INFO: Progress: 106000 / 242640 rows processed.
2026-10-06 22:10:27,932 INFO: Progress: 106500 / 242640 rows processed.
2026-10-06 22:12:21,957 INFO: Progress: 107000 / 242640 rows processed.
2026-10-06 22:14:11,434 INFO: Progress: 107500 / 242640 rows processed.
2026-10-06 22:15:41,418 INFO: Progress: 108000 / 242640 rows processed.
2026-10-06 22:17:05,476 INFO: Progress: 108500 / 242640 rows processed.
2026-10-06 22:18:30,777 INFO: Progress: 109000 / 242640 rows processed.
2026-10-06 22:19:51,794 INFO: Progress: 109500 / 242640 rows processed.
2026-10-06 22:21:20,297 INFO: Progress: 110000 / 242640 rows processed.
2026-10-06 22:23:01,784 INFO: Progress: 110500 / 242640 rows processed.
2026-10-06 22:24:28,088 INFO: Progress: 111000 / 242640 rows processed.
2026-10-06 22:26:01,920 INFO: Progress: 111500 / 242640 rows processed.
2026-10-06 22:27:45,151 INFO: Progress: 112000 / 242640 rows processed.
2026-10-06 22:29:15,118 INFO: Progress: 112500 / 242640 rows processed.
2026-10-06 22:30:45,672 INFO: Progress: 113000 / 242640 rows processed.
2026-10-06 22:32:15,778 INFO: Progress: 113500 / 242640 rows processed.
2026-10-06 22:33:55,733 INFO: Progress: 114000 / 242640 rows processed.
2026-10-06 22:35:31,618 INFO: Progress: 114500 / 242640 rows processed.
2026-10-06 22:37:18,700 INFO: Progress: 115000 / 242640 rows processed.
2026-10-06 22:39:01,337 INFO: Progress: 115500 / 242640 rows processed.
2026-10-06 22:40:50,461 INFO: Progress: 116000 / 242640 rows processed.
2026-10-06 22:42:19,816 INFO: Progress: 116500 / 242640 rows processed.
2026-10-06 22:44:18,097 INFO: Progress: 117000 / 242640 rows processed.
2026-10-06 22:45:59,844 INFO: Progress: 117500 / 242640 rows processed.
2026-10-06 22:47:40,956 INFO: Progress: 118000 / 242640 rows processed.
2026-10-06 22:49:18,638 INFO: Progress: 118500 / 242640 rows processed.
2026-10-06 22:51:02,790 INFO: Progress: 119000 / 242640 rows processed.
2026-10-06 22:52:45,412 INFO: Progress: 119500 / 242640 rows processed.
2026-10-06 22:54:24,552 INFO: Progress: 120000 / 242640 rows processed.
2026-10-06 22:55:38,900 INFO: Progress: 120500 / 242640 rows processed.
2026-10-06 22:57:04,141 INFO: Progress: 121000 / 242640 rows processed.
2026-10-06 22:58:40,074 INFO: Progress: 121500 / 242640 rows processed.
2026-10-06 23:00:02,654 INFO: Progress: 122000 / 242640 rows processed.
2026-10-06 23:01:59,124 INFO: Progress: 122500 / 242640 rows processed.
2026-10-06 23:03:32,098 INFO: Progress: 123000 / 242640 rows processed.
2026-10-06 23:05:18,312 INFO: Progress: 123500 / 242640 rows processed.
2026-10-06 23:07:06,451 INFO: Progress: 124000 / 242640 rows processed.
2026-10-06 23:08:28,874 INFO: Progress: 124500 / 242640 rows processed.
2026-10-06 23:10:02,527 INFO: Progress: 125000 / 242640 rows processed.
2026-10-06 23:11:39,464 INFO: Progress: 125500 / 242640 rows processed.
2026-10-06 23:13:38,208 INFO: Progress: 126000 / 242640 rows processed.
2026-10-06 23:15:25,004 INFO: Progress: 126500 / 242640 rows processed.
2026-10-06 23:17:02,084 INFO: Progress: 127000 / 242640 rows processed.
2026-10-06 23:18:36,613 INFO: Progress: 127500 / 242640 rows processed.
2026-10-06 23:20:06,261 INFO: Progress: 128000 / 242640 rows processed.
2026-10-06 23:21:51,328 INFO: Progress: 128500 / 242640 rows processed.
2026-10-06 23:23:14,754 INFO: Progress: 129000 / 242640 rows processed.
2026-10-06 23:24:45,630 INFO: Progress: 129500 / 242640 rows processed.
2026-10-06 23:26:25,654 INFO: Progress: 130000 / 242640 rows processed.
2026-10-06 23:28:05,750 INFO: Progress: 130500 / 242640 rows processed.
2026-10-06 23:29:45,462 INFO: Progress: 131000 / 242640 rows processed.
2026-10-06 23:31:26,905 INFO: Progress: 131500 / 242640 rows processed.
2026-10-06 23:33:09,956 INFO: Progress: 132000 / 242640 rows processed.
2026-10-06 23:34:38,730 INFO: Progress: 132500 / 242640 rows processed.
2026-10-06 23:36:20,898 INFO: Progress: 133000 / 242640 rows processed.
2026-10-06 23:37:39,122 INFO: Progress: 133500 / 242640 rows processed.
2026-10-06 23:39:16,484 INFO: Progress: 134000 / 242640 rows processed.
2026-10-06 23:40:57,385 INFO: Progress: 134500 / 242640 rows processed.
2026-10-06 23:42:35,386 INFO: Progress: 135000 / 242640 rows processed.
2026-10-06 23:44:25,350 INFO: Progress: 135500 / 242640 rows processed.
2026-10-06 23:45:54,190 INFO: Progress: 136000 / 242640 rows processed.
2026-10-06 23:47:15,734 INFO: Progress: 136500 / 242640 rows processed.
2026-10-06 23:48:55,256 INFO: Progress: 137000 / 242640 rows processed.
2026-10-06 23:50:11,637 INFO: Progress: 137500 / 242640 rows processed.
2026-10-06 23:51:49,578 INFO: Progress: 138000 / 242640 rows processed.
2026-10-06 23:53:25,754 INFO: Progress: 138500 / 242640 rows processed.
2026-10-06 23:54:57,158 INFO: Progress: 139000 / 242640 rows processed.
2026-10-06 23:56:36,133 INFO: Progress: 139500 / 242640 rows processed.
2026-10-06 23:58:10,708 INFO: Progress: 140000 / 242640 rows processed.
2026-10-06 23:59:54,766 INFO: Progress: 140500 / 242640 rows processed.
2026-10-07 00:01:22,933 INFO: Progress: 141000 / 242640 rows processed.
2026-10-07 00:02:51,224 INFO: Progress: 141500 / 242640 rows processed.
2026-10-07 00:04:24,446 INFO: Progress: 142000 / 242640 rows processed.
2026-10-07 00:06:09,938 INFO: Progress: 142500 / 242640 rows processed.
2026-10-07 00:07:52,704 INFO: Progress: 143000 / 242640 rows processed.
2026-10-07 00:09:27,811 INFO: Progress: 143500 / 242640 rows processed.
2026-10-07 00:10:53,353 INFO: Progress: 144000 / 242640 rows processed.
2026-10-07 00:12:35,064 INFO: Progress: 144500 / 242640 rows processed.
2026-10-07 00:14:07,392 INFO: Progress: 145000 / 242640 rows processed.
2026-10-07 00:15:38,833 INFO: Progress: 145500 / 242640 rows processed.
2026-10-07 00:17:27,711 INFO: Progress: 146000 / 242640 rows processed.
2026-10-07 00:18:53,405 INFO: Progress: 146500 / 242640 rows processed.
2026-10-07 00:20:44,018 INFO: Progress: 147000 / 242640 rows processed.
2026-10-07 00:22:15,454 INFO: Progress: 147500 / 242640 rows processed.
2026-10-07 00:23:54,535 INFO: Progress: 148000 / 242640 rows processed.
2026-10-07 00:25:10,173 INFO: Progress: 148500 / 242640 rows processed.
2026-10-07 00:26:44,914 INFO: Progress: 149000 / 242640 rows processed.
2026-10-07 00:28:20,732 INFO: Progress: 149500 / 242640 rows processed.
2026-10-07 00:30:03,557 INFO: Progress: 150000 / 242640 rows processed.
2026-10-07 00:31:24,785 INFO: Progress: 150500 / 242640 rows processed.
2026-10-07 00:33:08,612 INFO: Progress: 151000 / 242640 rows processed.
2026-10-07 00:34:40,488 INFO: Progress: 151500 / 242640 rows processed.
2026-10-07 00:36:18,539 INFO: Progress: 152000 / 242640 rows processed.
2026-10-07 00:38:03,153 INFO: Progress: 152500 / 242640 rows processed.
2026-10-07 00:39:44,250 INFO: Progress: 153000 / 242640 rows processed.
2026-10-07 00:41:34,494 INFO: Progress: 153500 / 242640 rows processed.
2026-10-07 00:43:36,253 INFO: Progress: 154000 / 242640 rows processed.
2026-10-07 00:45:19,529 INFO: Progress: 154500 / 242640 rows processed.
2026-10-07 00:46:53,599 INFO: Progress: 155000 / 242640 rows processed.
2026-10-07 00:48:04,135 INFO: Progress: 155500 / 242640 rows processed.
2026-10-07 00:49:39,631 INFO: Progress: 156000 / 242640 rows processed.
2026-10-07 00:51:10,958 INFO: Progress: 156500 / 242640 rows processed.
2026-10-07 00:52:47,962 INFO: Progress: 157000 / 242640 rows processed.
2026-10-07 00:54:16,099 INFO: Progress: 157500 / 242640 rows processed.
2026-10-07 00:56:01,783 INFO: Progress: 158000 / 242640 rows processed.
2026-10-07 00:57:11,779 INFO: Progress: 158500 / 242640 rows processed.
2026-10-07 00:58:58,981 INFO: Progress: 159000 / 242640 rows processed.
2026-10-07 01:00:50,158 INFO: Progress: 159500 / 242640 rows processed.
2026-10-07 01:02:20,699 INFO: Progress: 160000 / 242640 rows processed.
2026-10-07 01:03:55,633 INFO: Progress: 160500 / 242640 rows processed.
2026-10-07 01:05:17,860 INFO: Progress: 161000 / 242640 rows processed.
2026-10-07 01:07:05,164 INFO: Progress: 161500 / 242640 rows processed.
2026-10-07 01:08:36,895 INFO: Progress: 162000 / 242640 rows processed.
2026-10-07 01:10:09,642 INFO: Progress: 162500 / 242640 rows processed.
2026-10-07 01:11:31,347 INFO: Progress: 163000 / 242640 rows processed.
2026-10-07 01:12:58,536 INFO: Progress: 163500 / 242640 rows processed.
2026-10-07 01:14:37,634 INFO: Progress: 164000 / 242640 rows processed.
2026-10-07 01:16:21,928 INFO: Progress: 164500 / 242640 rows processed.
2026-10-07 01:17:59,758 INFO: Progress: 165000 / 242640 rows processed.
2026-10-07 01:19:22,723 INFO: Progress: 165500 / 242640 rows processed.
2026-10-07 01:20:58,063 INFO: Progress: 166000 / 242640 rows processed.
2026-10-07 01:22:42,855 INFO: Progress: 166500 / 242640 rows processed.
2026-10-07 01:24:48,182 INFO: Progress: 167000 / 242640 rows processed.
2026-10-07 01:26:23,825 INFO: Progress: 167500 / 242640 rows processed.
2026-10-07 01:27:43,889 INFO: Progress: 168000 / 242640 rows processed.
2026-10-07 01:29:09,989 INFO: Progress: 168500 / 242640 rows processed.
2026-10-07 01:30:36,655 INFO: Progress: 169000 / 242640 rows processed.
2026-10-07 01:31:59,453 INFO: Progress: 169500 / 242640 rows processed.
2026-10-07 01:33:41,957 INFO: Progress: 170000 / 242640 rows processed.
2026-10-07 01:35:01,676 INFO: Progress: 170500 / 242640 rows processed.
2026-10-07 01:36:30,734 INFO: Progress: 171000 / 242640 rows processed.
2026-10-07 01:38:12,142 INFO: Progress: 171500 / 242640 rows processed.
2026-10-07 01:39:34,316 INFO: Progress: 172000 / 242640 rows processed.
2026-10-07 01:41:25,472 INFO: Progress: 172500 / 242640 rows processed.
2026-10-07 01:42:52,876 INFO: Progress: 173000 / 242640 rows processed.
2026-10-07 01:44:25,741 INFO: Progress: 173500 / 242640 rows processed.
2026-10-07 01:45:52,223 INFO: Progress: 174000 / 242640 rows processed.
2026-10-07 01:47:24,807 INFO: Progress: 174500 / 242640 rows processed.
2026-10-07 01:49:08,196 INFO: Progress: 175000 / 242640 rows processed.
2026-10-07 01:50:33,010 INFO: Progress: 175500 / 242640 rows processed.
2026-10-07 01:51:40,076 INFO: Progress: 176000 / 242640 rows processed.
2026-10-07 01:52:51,306 INFO: Progress: 176500 / 242640 rows processed.
2026-10-07 01:53:46,464 INFO: Progress: 177000 / 242640 rows processed.
2026-10-07 01:54:53,449 INFO: Progress: 177500 / 242640 rows processed.
2026-10-07 01:56:00,614 INFO: Progress: 178000 / 242640 rows processed.
2026-10-07 01:57:14,497 INFO: Progress: 178500 / 242640 rows processed.
2026-10-07 01:58:15,154 INFO: Progress: 179000 / 242640 rows processed.
2026-10-07 01:59:13,225 INFO: Progress: 179500 / 242640 rows processed.
2026-10-07 02:00:19,918 INFO: Progress: 180000 / 242640 rows processed.
2026-10-07 02:01:28,776 INFO: Progress: 180500 / 242640 rows processed.
2026-10-07 02:02:54,829 INFO: Progress: 181000 / 242640 rows processed.
2026-10-07 02:04:05,476 INFO: Progress: 181500 / 242640 rows processed.
2026-10-07 02:04:48,952 INFO: Progress: 182000 / 242640 rows processed.
2026-10-07 02:05:50,511 INFO: Progress: 182500 / 242640 rows processed.
2026-10-07 02:07:01,073 INFO: Progress: 183000 / 242640 rows processed.
2026-10-07 02:08:33,175 INFO: Progress: 183500 / 242640 rows processed.
2026-10-07 02:09:23,762 INFO: Progress: 184000 / 242640 rows processed.
2026-10-07 02:10:18,587 INFO: Progress: 184500 / 242640 rows processed.
2026-10-07 02:11:01,516 INFO: Progress: 185000 / 242640 rows processed.
2026-10-07 02:11:57,724 INFO: Progress: 185500 / 242640 rows processed.
2026-10-07 02:12:51,430 INFO: Progress: 186000 / 242640 rows processed.
2026-10-07 02:13:42,627 INFO: Progress: 186500 / 242640 rows processed.
2026-10-07 02:14:46,506 INFO: Progress: 187000 / 242640 rows processed.
2026-10-07 02:15:34,390 INFO: Progress: 187500 / 242640 rows processed.
2026-10-07 02:16:20,748 INFO: Progress: 188000 / 242640 rows processed.
2026-10-07 02:17:08,582 INFO: Progress: 188500 / 242640 rows processed.
2026-10-07 02:18:22,997 INFO: Progress: 189000 / 242640 rows processed.
2026-10-07 02:19:14,664 INFO: Progress: 189500 / 242640 rows processed.
2026-10-07 02:20:29,412 INFO: Progress: 190000 / 242640 rows processed.
2026-10-07 02:21:23,489 INFO: Progress: 190500 / 242640 rows processed.
2026-10-07 02:22:22,418 INFO: Progress: 191000 / 242640 rows processed.
2026-10-07 02:23:13,294 INFO: Progress: 191500 / 242640 rows processed.
2026-10-07 02:24:22,372 INFO: Progress: 192000 / 242640 rows processed.
2026-10-07 02:25:32,889 INFO: Progress: 192500 / 242640 rows processed.
2026-10-07 02:26:34,834 INFO: Progress: 193000 / 242640 rows processed.
2026-10-07 02:27:35,308 INFO: Progress: 193500 / 242640 rows processed.
2026-10-07 02:28:30,910 INFO: Progress: 194000 / 242640 rows processed.
2026-10-07 02:29:38,016 INFO: Progress: 194500 / 242640 rows processed.
2026-10-07 02:30:32,546 INFO: Progress: 195000 / 242640 rows processed.
2026-10-07 02:31:31,177 INFO: Progress: 195500 / 242640 rows processed.
2026-10-07 02:32:27,233 INFO: Progress: 196000 / 242640 rows processed.
2026-10-07 02:33:49,452 INFO: Progress: 196500 / 242640 rows processed.
2026-10-07 02:34:51,665 INFO: Progress: 197000 / 242640 rows processed.
2026-10-07 02:35:56,291 INFO: Progress: 197500 / 242640 rows processed.
2026-10-07 02:36:57,144 INFO: Progress: 198000 / 242640 rows processed.
2026-10-07 02:38:03,652 INFO: Progress: 198500 / 242640 rows processed.
2026-10-07 02:38:53,163 INFO: Progress: 199000 / 242640 rows processed.
2026-10-07 02:39:50,289 INFO: Progress: 199500 / 242640 rows processed.
2026-10-07 02:40:57,950 INFO: Progress: 200000 / 242640 rows processed.
2026-10-07 02:42:13,661 INFO: Progress: 200500 / 242640 rows processed.
2026-10-07 02:43:21,358 INFO: Progress: 201000 / 242640 rows processed.
2026-10-07 02:44:26,526 INFO: Progress: 201500 / 242640 rows processed.
2026-10-07 02:45:23,839 INFO: Progress: 202000 / 242640 rows processed.
2026-10-07 02:46:33,059 INFO: Progress: 202500 / 242640 rows processed.
2026-10-07 02:47:50,378 INFO: Progress: 203000 / 242640 rows processed.
2026-10-07 02:48:38,923 INFO: Progress: 203500 / 242640 rows processed.
2026-10-07 02:49:47,914 INFO: Progress: 204000 / 242640 rows processed.
2026-10-07 02:50:53,583 INFO: Progress: 204500 / 242640 rows processed.
2026-10-07 02:51:54,573 INFO: Progress: 205000 / 242640 rows processed.
2026-10-07 02:53:11,735 INFO: Progress: 205500 / 242640 rows processed.
2026-10-07 02:54:12,296 INFO: Progress: 206000 / 242640 rows processed.
2026-10-07 02:55:07,821 INFO: Progress: 206500 / 242640 rows processed.
2026-10-07 02:56:15,576 INFO: Progress: 207000 / 242640 rows processed.
2026-10-07 02:57:37,817 INFO: Progress: 207500 / 242640 rows processed.
2026-10-07 02:58:35,762 INFO: Progress: 208000 / 242640 rows processed.
2026-10-07 02:59:52,760 INFO: Progress: 208500 / 242640 rows processed.
2026-10-07 03:00:50,137 INFO: Progress: 209000 / 242640 rows processed.
2026-10-07 03:01:45,723 INFO: Progress: 209500 / 242640 rows processed.
2026-10-07 03:02:48,401 INFO: Progress: 210000 / 242640 rows processed.
2026-10-07 03:03:31,741 INFO: Progress: 210500 / 242640 rows processed.
2026-10-07 03:04:27,450 INFO: Progress: 211000 / 242640 rows processed.
2026-10-07 03:06:24,195 INFO: Progress: 211500 / 242640 rows processed.
2026-10-07 03:08:08,262 INFO: Progress: 212000 / 242640 rows processed.
2026-10-07 03:09:49,100 INFO: Progress: 212500 / 242640 rows processed.
2026-10-07 03:11:32,251 INFO: Progress: 213000 / 242640 rows processed.
2026-10-07 03:13:14,140 INFO: Progress: 213500 / 242640 rows processed.
2026-10-07 03:14:40,192 INFO: Progress: 214000 / 242640 rows processed.
2026-10-07 03:16:36,453 INFO: Progress: 214500 / 242640 rows processed.
2026-10-07 03:18:18,185 INFO: Progress: 215000 / 242640 rows processed.
2026-10-07 03:20:30,552 INFO: Progress: 215500 / 242640 rows processed.
2026-10-07 03:22:06,922 INFO: Progress: 216000 / 242640 rows processed.
2026-10-07 03:23:55,826 INFO: Progress: 216500 / 242640 rows processed.
2026-10-07 03:25:34,078 INFO: Progress: 217000 / 242640 rows processed.
2026-10-07 03:27:31,494 INFO: Progress: 217500 / 242640 rows processed.
2026-10-07 03:29:19,417 INFO: Progress: 218000 / 242640 rows processed.
2026-10-07 03:31:06,532 INFO: Progress: 218500 / 242640 rows processed.
2026-10-07 03:32:42,511 INFO: Progress: 219000 / 242640 rows processed.
2026-10-07 03:34:32,995 INFO: Progress: 219500 / 242640 rows processed.
2026-10-07 03:36:08,031 INFO: Progress: 220000 / 242640 rows processed.
2026-10-07 03:38:11,526 INFO: Progress: 220500 / 242640 rows processed.
2026-10-07 03:40:00,129 INFO: Progress: 221000 / 242640 rows processed.
2026-10-07 03:41:54,282 INFO: Progress: 221500 / 242640 rows processed.
2026-10-07 03:43:35,494 INFO: Progress: 222000 / 242640 rows processed.
2026-10-07 03:45:17,207 INFO: Progress: 222500 / 242640 rows processed.
2026-10-07 03:46:46,924 INFO: Progress: 223000 / 242640 rows processed.
2026-10-07 03:48:08,979 INFO: Progress: 223500 / 242640 rows processed.
2026-10-07 03:49:56,313 INFO: Progress: 224000 / 242640 rows processed.
2026-10-07 03:51:50,315 INFO: Progress: 224500 / 242640 rows processed.
2026-10-07 03:53:27,948 INFO: Progress: 225000 / 242640 rows processed.
2026-10-07 03:55:18,460 INFO: Progress: 225500 / 242640 rows processed.
2026-10-07 03:56:49,953 INFO: Progress: 226000 / 242640 rows processed.
2026-10-07 03:58:13,700 INFO: Progress: 226500 / 242640 rows processed.
2026-10-07 04:00:18,889 INFO: Progress: 227000 / 242640 rows processed.
2026-10-07 04:02:14,946 INFO: Progress: 227500 / 242640 rows processed.
2026-10-07 04:03:55,631 INFO: Progress: 228000 / 242640 rows processed.
2026-10-07 04:05:36,700 INFO: Progress: 228500 / 242640 rows processed.
2026-10-07 04:07:02,017 INFO: Progress: 229000 / 242640 rows processed.
2026-10-07 04:08:58,799 INFO: Progress: 229500 / 242640 rows processed.
2026-10-07 04:10:23,904 INFO: Progress: 230000 / 242640 rows processed.
2026-10-07 04:12:25,214 INFO: Progress: 230500 / 242640 rows processed.
2026-10-07 04:14:08,567 INFO: Progress: 231000 / 242640 rows processed.
2026-10-07 04:15:58,693 INFO: Progress: 231500 / 242640 rows processed.
2026-10-07 04:17:18,018 INFO: Progress: 232000 / 242640 rows processed.
2026-10-07 04:19:15,054 INFO: Progress: 232500 / 242640 rows processed.
2026-10-07 04:21:06,580 INFO: Progress: 233000 / 242640 rows processed.
2026-10-07 04:22:53,524 INFO: Progress: 233500 / 242640 rows processed.
2026-10-07 04:24:39,245 INFO: Progress: 234000 / 242640 rows processed.
2026-10-07 04:26:24,583 INFO: Progress: 234500 / 242640 rows processed.
2026-10-07 04:27:45,337 INFO: Progress: 235000 / 242640 rows processed.
2026-10-07 04:29:29,362 INFO: Progress: 235500 / 242640 rows processed.
2026-10-07 04:31:36,408 INFO: Progress: 236000 / 242640 rows processed.
2026-10-07 04:33:31,284 INFO: Progress: 236500 / 242640 rows processed.
2026-10-07 04:35:10,357 INFO: Progress: 237000 / 242640 rows processed.
2026-10-07 04:37:13,706 INFO: Progress: 237500 / 242640 rows processed.
2026-10-07 04:39:16,462 INFO: Progress: 238000 / 242640 rows processed.
2026-10-07 04:41:10,434 INFO: Progress: 238500 / 242640 rows processed.
2026-10-07 04:42:53,320 INFO: Progress: 239000 / 242640 rows processed.
2026-10-07 04:44:37,047 INFO: Progress: 239500 / 242640 rows processed.
2026-10-07 04:45:57,437 INFO: Progress: 240000 / 242640 rows processed.
2026-10-07 04:47:42,218 INFO: Progress: 240500 / 242640 rows processed.
2026-10-07 04:49:17,652 INFO: Progress: 241000 / 242640 rows processed.
2026-10-07 04:50:49,886 INFO: Progress: 241500 / 242640 rows processed.
2026-10-07 04:52:44,380 INFO: Progress: 242000 / 242640 rows processed.
2026-10-07 04:54:17,794 INFO: Progress: 242500 / 242640 rows processed.
2026-10-07 04:54:57,912 INFO: Saved labeled.csv (242640 rows).
2026-10-07 04:55:00,160 INFO: Audit sample: 656 rows.
2026-10-07 04:55:00,160 INFO: Job phase1_qwen3_6_35b_a3b complete in 48698s.
