2026-10-06 15:28:43,591 INFO: Job phase1_nemotron_3_nano_4b started.  Input: /scratch/gpfs/JORDANAT/mg9965/PromptControlText/artifacts/phase1_results_nemotron_3_nano_4b.csv
2026-10-06 15:28:49,385 INFO: Loaded 242640 rows from /scratch/gpfs/JORDANAT/mg9965/PromptControlText/artifacts/phase1_results_nemotron_3_nano_4b.csv
2026-10-06 15:28:49,385 INFO: Resuming: 0 rows already complete.
2026-10-06 15:28:59,409 INFO: 242640 rows to process.
2026-10-06 15:31:47,942 INFO: Progress: 500 / 242640 rows processed.
2026-10-06 15:33:55,166 INFO: Progress: 1000 / 242640 rows processed.
2026-10-06 15:36:16,818 INFO: Progress: 1500 / 242640 rows processed.
2026-10-06 15:38:55,234 INFO: Progress: 2000 / 242640 rows processed.
2026-10-06 15:41:51,900 INFO: Progress: 2500 / 242640 rows processed.
2026-10-06 15:44:32,355 INFO: Progress: 3000 / 242640 rows processed.
2026-10-06 15:47:12,243 INFO: Progress: 3500 / 242640 rows processed.
2026-10-06 15:49:38,186 INFO: Progress: 4000 / 242640 rows processed.
2026-10-06 15:52:00,292 INFO: Progress: 4500 / 242640 rows processed.
2026-10-06 15:54:29,357 INFO: Progress: 5000 / 242640 rows processed.
2026-10-06 15:57:10,125 INFO: Progress: 5500 / 242640 rows processed.
2026-10-06 15:59:47,192 INFO: Progress: 6000 / 242640 rows processed.
2026-10-06 16:02:30,469 INFO: Progress: 6500 / 242640 rows processed.
2026-10-06 16:05:20,209 INFO: Progress: 7000 / 242640 rows processed.
2026-10-06 16:07:45,727 INFO: Progress: 7500 / 242640 rows processed.
2026-10-06 16:10:07,908 INFO: Progress: 8000 / 242640 rows processed.
2026-10-06 16:12:32,766 INFO: Progress: 8500 / 242640 rows processed.
2026-10-06 16:14:54,793 INFO: Progress: 9000 / 242640 rows processed.
2026-10-06 16:17:46,978 INFO: Progress: 9500 / 242640 rows processed.
2026-10-06 16:20:25,916 INFO: Progress: 10000 / 242640 rows processed.
2026-10-06 16:23:12,490 INFO: Progress: 10500 / 242640 rows processed.
2026-10-06 16:25:43,242 INFO: Progress: 11000 / 242640 rows processed.
2026-10-06 16:28:24,047 INFO: Progress: 11500 / 242640 rows processed.
2026-10-06 16:30:45,526 INFO: Progress: 12000 / 242640 rows processed.
2026-10-06 16:33:15,973 INFO: Progress: 12500 / 242640 rows processed.
2026-10-06 16:36:02,838 INFO: Progress: 13000 / 242640 rows processed.
2026-10-06 16:38:50,822 INFO: Progress: 13500 / 242640 rows processed.
2026-10-06 16:41:39,634 INFO: Progress: 14000 / 242640 rows processed.
2026-10-06 16:43:59,318 INFO: Progress: 14500 / 242640 rows processed.
2026-10-06 16:46:06,037 INFO: Progress: 15000 / 242640 rows processed.
2026-10-06 16:48:17,391 INFO: Progress: 15500 / 242640 rows processed.
2026-10-06 16:50:18,545 INFO: Progress: 16000 / 242640 rows processed.
2026-10-06 16:52:55,375 INFO: Progress: 16500 / 242640 rows processed.
2026-10-06 16:55:48,167 INFO: Progress: 17000 / 242640 rows processed.
2026-10-06 16:58:29,878 INFO: Progress: 17500 / 242640 rows processed.
2026-10-06 17:01:10,428 INFO: Progress: 18000 / 242640 rows processed.
2026-10-06 17:03:41,590 INFO: Progress: 18500 / 242640 rows processed.
2026-10-06 17:06:00,518 INFO: Progress: 19000 / 242640 rows processed.
2026-10-06 17:08:29,205 INFO: Progress: 19500 / 242640 rows processed.
2026-10-06 17:11:14,849 INFO: Progress: 20000 / 242640 rows processed.
2026-10-06 17:13:45,477 INFO: Progress: 20500 / 242640 rows processed.
2026-10-06 17:16:34,538 INFO: Progress: 21000 / 242640 rows processed.
2026-10-06 17:19:08,696 INFO: Progress: 21500 / 242640 rows processed.
2026-10-06 17:22:11,363 INFO: Progress: 22000 / 242640 rows processed.
2026-10-06 17:25:04,471 INFO: Progress: 22500 / 242640 rows processed.
2026-10-06 17:28:04,251 INFO: Progress: 23000 / 242640 rows processed.
2026-10-06 17:30:36,912 INFO: Progress: 23500 / 242640 rows processed.
2026-10-06 17:32:46,459 INFO: Progress: 24000 / 242640 rows processed.
2026-10-06 17:35:00,723 INFO: Progress: 24500 / 242640 rows processed.
2026-10-06 17:37:10,187 INFO: Progress: 25000 / 242640 rows processed.
2026-10-06 17:39:51,659 INFO: Progress: 25500 / 242640 rows processed.
2026-10-06 17:42:45,785 INFO: Progress: 26000 / 242640 rows processed.
2026-10-06 17:45:43,110 INFO: Progress: 26500 / 242640 rows processed.
2026-10-06 17:48:11,248 INFO: Progress: 27000 / 242640 rows processed.
2026-10-06 17:49:55,494 INFO: Progress: 27500 / 242640 rows processed.
2026-10-06 17:51:11,862 INFO: Progress: 28000 / 242640 rows processed.
2026-10-06 17:52:47,339 INFO: Progress: 28500 / 242640 rows processed.
2026-10-06 17:55:00,800 INFO: Progress: 29000 / 242640 rows processed.
2026-10-06 17:57:21,343 INFO: Progress: 29500 / 242640 rows processed.
2026-10-06 17:59:51,273 INFO: Progress: 30000 / 242640 rows processed.
2026-10-06 18:02:07,696 INFO: Progress: 30500 / 242640 rows processed.
2026-10-06 18:04:46,118 INFO: Progress: 31000 / 242640 rows processed.
2026-10-06 18:07:17,794 INFO: Progress: 31500 / 242640 rows processed.
2026-10-06 18:09:52,078 INFO: Progress: 32000 / 242640 rows processed.
2026-10-06 18:12:32,199 INFO: Progress: 32500 / 242640 rows processed.
2026-10-06 18:15:27,159 INFO: Progress: 33000 / 242640 rows processed.
2026-10-06 18:18:08,946 INFO: Progress: 33500 / 242640 rows processed.
2026-10-06 18:21:03,218 INFO: Progress: 34000 / 242640 rows processed.
2026-10-06 18:24:05,407 INFO: Progress: 34500 / 242640 rows processed.
2026-10-06 18:26:47,744 INFO: Progress: 35000 / 242640 rows processed.
2026-10-06 18:29:43,536 INFO: Progress: 35500 / 242640 rows processed.
2026-10-06 18:32:34,538 INFO: Progress: 36000 / 242640 rows processed.
2026-10-06 18:35:25,031 INFO: Progress: 36500 / 242640 rows processed.
2026-10-06 18:38:10,210 INFO: Progress: 37000 / 242640 rows processed.
2026-10-06 18:41:00,820 INFO: Progress: 37500 / 242640 rows processed.
2026-10-06 18:43:56,504 INFO: Progress: 38000 / 242640 rows processed.
2026-10-06 18:46:45,932 INFO: Progress: 38500 / 242640 rows processed.
2026-10-06 18:49:45,381 INFO: Progress: 39000 / 242640 rows processed.
2026-10-06 18:52:36,996 INFO: Progress: 39500 / 242640 rows processed.
2026-10-06 18:55:24,211 INFO: Progress: 40000 / 242640 rows processed.
2026-10-06 18:58:14,671 INFO: Progress: 40500 / 242640 rows processed.
2026-10-06 19:01:07,309 INFO: Progress: 41000 / 242640 rows processed.
2026-10-06 19:03:59,626 INFO: Progress: 41500 / 242640 rows processed.
2026-10-06 19:06:52,987 INFO: Progress: 42000 / 242640 rows processed.
2026-10-06 19:09:28,359 INFO: Progress: 42500 / 242640 rows processed.
2026-10-06 19:12:11,525 INFO: Progress: 43000 / 242640 rows processed.
2026-10-06 19:15:07,463 INFO: Progress: 43500 / 242640 rows processed.
2026-10-06 19:18:01,608 INFO: Progress: 44000 / 242640 rows processed.
2026-10-06 19:20:54,267 INFO: Progress: 44500 / 242640 rows processed.
2026-10-06 19:23:22,213 INFO: Progress: 45000 / 242640 rows processed.
2026-10-06 19:25:37,766 INFO: Progress: 45500 / 242640 rows processed.
2026-10-06 19:27:47,820 INFO: Progress: 46000 / 242640 rows processed.
2026-10-06 19:30:44,527 INFO: Progress: 46500 / 242640 rows processed.
2026-10-06 19:33:12,026 INFO: Progress: 47000 / 242640 rows processed.
2026-10-06 19:35:31,998 INFO: Progress: 47500 / 242640 rows processed.
2026-10-06 19:37:51,887 INFO: Progress: 48000 / 242640 rows processed.
2026-10-06 19:40:09,775 INFO: Progress: 48500 / 242640 rows processed.
2026-10-06 19:42:37,538 INFO: Progress: 49000 / 242640 rows processed.
2026-10-06 19:45:08,906 INFO: Progress: 49500 / 242640 rows processed.
2026-10-06 19:47:37,824 INFO: Progress: 50000 / 242640 rows processed.
2026-10-06 19:50:11,722 INFO: Progress: 50500 / 242640 rows processed.
2026-10-06 19:52:58,338 INFO: Progress: 51000 / 242640 rows processed.
2026-10-06 19:55:52,438 INFO: Progress: 51500 / 242640 rows processed.
2026-10-06 19:58:32,733 INFO: Progress: 52000 / 242640 rows processed.
2026-10-06 20:01:09,455 INFO: Progress: 52500 / 242640 rows processed.
2026-10-06 20:03:40,904 INFO: Progress: 53000 / 242640 rows processed.
2026-10-06 20:06:20,684 INFO: Progress: 53500 / 242640 rows processed.
2026-10-06 20:09:03,624 INFO: Progress: 54000 / 242640 rows processed.
2026-10-06 20:11:38,955 INFO: Progress: 54500 / 242640 rows processed.
2026-10-06 20:14:24,244 INFO: Progress: 55000 / 242640 rows processed.
2026-10-06 20:17:18,743 INFO: Progress: 55500 / 242640 rows processed.
2026-10-06 20:20:14,717 INFO: Progress: 56000 / 242640 rows processed.
2026-10-06 20:22:58,538 INFO: Progress: 56500 / 242640 rows processed.
2026-10-06 20:25:51,323 INFO: Progress: 57000 / 242640 rows processed.
2026-10-06 20:28:39,654 INFO: Progress: 57500 / 242640 rows processed.
2026-10-06 20:31:23,425 INFO: Progress: 58000 / 242640 rows processed.
2026-10-06 20:33:31,887 INFO: Progress: 58500 / 242640 rows processed.
2026-10-06 20:36:29,825 INFO: Progress: 59000 / 242640 rows processed.
2026-10-06 20:39:27,639 INFO: Progress: 59500 / 242640 rows processed.
2026-10-06 20:42:01,664 INFO: Progress: 60000 / 242640 rows processed.
2026-10-06 20:44:19,430 INFO: Progress: 60500 / 242640 rows processed.
2026-10-06 20:46:26,335 INFO: Progress: 61000 / 242640 rows processed.
2026-10-06 20:48:19,251 INFO: Progress: 61500 / 242640 rows processed.
2026-10-06 20:50:17,379 INFO: Progress: 62000 / 242640 rows processed.
2026-10-06 20:51:59,940 INFO: Progress: 62500 / 242640 rows processed.
2026-10-06 20:53:50,520 INFO: Progress: 63000 / 242640 rows processed.
2026-10-06 20:55:43,967 INFO: Progress: 63500 / 242640 rows processed.
2026-10-06 20:57:41,646 INFO: Progress: 64000 / 242640 rows processed.
2026-10-06 20:59:48,088 INFO: Progress: 64500 / 242640 rows processed.
2026-10-06 21:01:45,568 INFO: Progress: 65000 / 242640 rows processed.
2026-10-06 21:03:35,561 INFO: Progress: 65500 / 242640 rows processed.
2026-10-06 21:05:46,294 INFO: Progress: 66000 / 242640 rows processed.
2026-10-06 21:07:45,497 INFO: Progress: 66500 / 242640 rows processed.
2026-10-06 21:09:41,715 INFO: Progress: 67000 / 242640 rows processed.
2026-10-06 21:11:39,272 INFO: Progress: 67500 / 242640 rows processed.
2026-10-06 21:13:39,032 INFO: Progress: 68000 / 242640 rows processed.
2026-10-06 21:15:26,440 INFO: Progress: 68500 / 242640 rows processed.
2026-10-06 21:17:24,640 INFO: Progress: 69000 / 242640 rows processed.
2026-10-06 21:19:21,112 INFO: Progress: 69500 / 242640 rows processed.
2026-10-06 21:21:17,971 INFO: Progress: 70000 / 242640 rows processed.
2026-10-06 21:23:24,607 INFO: Progress: 70500 / 242640 rows processed.
2026-10-06 21:25:23,237 INFO: Progress: 71000 / 242640 rows processed.
2026-10-06 21:27:28,971 INFO: Progress: 71500 / 242640 rows processed.
2026-10-06 21:29:44,063 INFO: Progress: 72000 / 242640 rows processed.
2026-10-06 21:31:31,062 INFO: Progress: 72500 / 242640 rows processed.
2026-10-06 21:33:16,068 INFO: Progress: 73000 / 242640 rows processed.
2026-10-06 21:35:12,400 INFO: Progress: 73500 / 242640 rows processed.
2026-10-06 21:37:17,011 INFO: Progress: 74000 / 242640 rows processed.
2026-10-06 21:39:06,130 INFO: Progress: 74500 / 242640 rows processed.
2026-10-06 21:40:57,199 INFO: Progress: 75000 / 242640 rows processed.
2026-10-06 21:42:52,021 INFO: Progress: 75500 / 242640 rows processed.
2026-10-06 21:44:51,782 INFO: Progress: 76000 / 242640 rows processed.
2026-10-06 21:46:45,365 INFO: Progress: 76500 / 242640 rows processed.
2026-10-06 21:48:43,812 INFO: Progress: 77000 / 242640 rows processed.
2026-10-06 21:50:42,281 INFO: Progress: 77500 / 242640 rows processed.
2026-10-06 21:52:32,267 INFO: Progress: 78000 / 242640 rows processed.
2026-10-06 21:54:32,067 INFO: Progress: 78500 / 242640 rows processed.
2026-10-06 21:56:30,694 INFO: Progress: 79000 / 242640 rows processed.
2026-10-06 21:58:23,199 INFO: Progress: 79500 / 242640 rows processed.
2026-10-06 22:00:29,639 INFO: Progress: 80000 / 242640 rows processed.
2026-10-06 22:02:31,043 INFO: Progress: 80500 / 242640 rows processed.
2026-10-06 22:04:20,682 INFO: Progress: 81000 / 242640 rows processed.
2026-10-06 22:06:25,102 INFO: Progress: 81500 / 242640 rows processed.
2026-10-06 22:08:19,122 INFO: Progress: 82000 / 242640 rows processed.
2026-10-06 22:10:14,454 INFO: Progress: 82500 / 242640 rows processed.
2026-10-06 22:11:51,019 INFO: Progress: 83000 / 242640 rows processed.
2026-10-06 22:13:38,536 INFO: Progress: 83500 / 242640 rows processed.
2026-10-06 22:15:25,978 INFO: Progress: 84000 / 242640 rows processed.
2026-10-06 22:17:22,462 INFO: Progress: 84500 / 242640 rows processed.
2026-10-06 22:19:26,182 INFO: Progress: 85000 / 242640 rows processed.
2026-10-06 22:20:59,732 INFO: Progress: 85500 / 242640 rows processed.
2026-10-06 22:22:46,841 INFO: Progress: 86000 / 242640 rows processed.
2026-10-06 22:25:13,326 INFO: Progress: 86500 / 242640 rows processed.
2026-10-06 22:26:57,946 INFO: Progress: 87000 / 242640 rows processed.
2026-10-06 22:28:45,880 INFO: Progress: 87500 / 242640 rows processed.
2026-10-06 22:30:39,030 INFO: Progress: 88000 / 242640 rows processed.
2026-10-06 22:32:35,329 INFO: Progress: 88500 / 242640 rows processed.
2026-10-06 22:34:40,673 INFO: Progress: 89000 / 242640 rows processed.
2026-10-06 22:36:49,512 INFO: Progress: 89500 / 242640 rows processed.
2026-10-06 22:38:49,958 INFO: Progress: 90000 / 242640 rows processed.
2026-10-06 22:40:44,522 INFO: Progress: 90500 / 242640 rows processed.
2026-10-06 22:42:50,186 INFO: Progress: 91000 / 242640 rows processed.
2026-10-06 22:44:45,936 INFO: Progress: 91500 / 242640 rows processed.
2026-10-06 22:46:29,381 INFO: Progress: 92000 / 242640 rows processed.
2026-10-06 22:48:21,184 INFO: Progress: 92500 / 242640 rows processed.
2026-10-06 22:50:01,899 INFO: Progress: 93000 / 242640 rows processed.
2026-10-06 22:52:32,910 INFO: Progress: 93500 / 242640 rows processed.
2026-10-06 22:54:37,569 INFO: Progress: 94000 / 242640 rows processed.
2026-10-06 22:56:25,446 INFO: Progress: 94500 / 242640 rows processed.
2026-10-06 22:58:27,115 INFO: Progress: 95000 / 242640 rows processed.
2026-10-06 23:00:26,489 INFO: Progress: 95500 / 242640 rows processed.
2026-10-06 23:02:27,455 INFO: Progress: 96000 / 242640 rows processed.
2026-10-06 23:04:25,315 INFO: Progress: 96500 / 242640 rows processed.
2026-10-06 23:06:19,233 INFO: Progress: 97000 / 242640 rows processed.
2026-10-06 23:08:22,994 INFO: Progress: 97500 / 242640 rows processed.
2026-10-06 23:10:18,245 INFO: Progress: 98000 / 242640 rows processed.
2026-10-06 23:12:30,720 INFO: Progress: 98500 / 242640 rows processed.
2026-10-06 23:14:24,870 INFO: Progress: 99000 / 242640 rows processed.
2026-10-06 23:16:21,164 INFO: Progress: 99500 / 242640 rows processed.
2026-10-06 23:18:20,500 INFO: Progress: 100000 / 242640 rows processed.
2026-10-06 23:20:11,465 INFO: Progress: 100500 / 242640 rows processed.
2026-10-06 23:22:17,941 INFO: Progress: 101000 / 242640 rows processed.
2026-10-06 23:24:13,621 INFO: Progress: 101500 / 242640 rows processed.
2026-10-06 23:26:10,646 INFO: Progress: 102000 / 242640 rows processed.
2026-10-06 23:27:56,955 INFO: Progress: 102500 / 242640 rows processed.
2026-10-06 23:29:41,352 INFO: Progress: 103000 / 242640 rows processed.
2026-10-06 23:31:40,467 INFO: Progress: 103500 / 242640 rows processed.
2026-10-06 23:33:45,235 INFO: Progress: 104000 / 242640 rows processed.
2026-10-06 23:35:33,109 INFO: Progress: 104500 / 242640 rows processed.
2026-10-06 23:37:34,513 INFO: Progress: 105000 / 242640 rows processed.
2026-10-06 23:39:51,096 INFO: Progress: 105500 / 242640 rows processed.
2026-10-06 23:41:58,853 INFO: Progress: 106000 / 242640 rows processed.
2026-10-06 23:44:05,160 INFO: Progress: 106500 / 242640 rows processed.
2026-10-06 23:46:12,220 INFO: Progress: 107000 / 242640 rows processed.
2026-10-06 23:48:12,545 INFO: Progress: 107500 / 242640 rows processed.
2026-10-06 23:50:23,791 INFO: Progress: 108000 / 242640 rows processed.
2026-10-06 23:52:19,060 INFO: Progress: 108500 / 242640 rows processed.
2026-10-06 23:54:20,223 INFO: Progress: 109000 / 242640 rows processed.
2026-10-06 23:56:06,670 INFO: Progress: 109500 / 242640 rows processed.
2026-10-06 23:58:06,874 INFO: Progress: 110000 / 242640 rows processed.
2026-10-07 00:00:05,443 INFO: Progress: 110500 / 242640 rows processed.
2026-10-07 00:02:06,720 INFO: Progress: 111000 / 242640 rows processed.
2026-10-07 00:03:54,889 INFO: Progress: 111500 / 242640 rows processed.
2026-10-07 00:05:59,136 INFO: Progress: 112000 / 242640 rows processed.
2026-10-07 00:07:50,151 INFO: Progress: 112500 / 242640 rows processed.
2026-10-07 00:09:43,847 INFO: Progress: 113000 / 242640 rows processed.
2026-10-07 00:11:45,949 INFO: Progress: 113500 / 242640 rows processed.
2026-10-07 00:13:37,757 INFO: Progress: 114000 / 242640 rows processed.
2026-10-07 00:15:39,156 INFO: Progress: 114500 / 242640 rows processed.
2026-10-07 00:17:37,694 INFO: Progress: 115000 / 242640 rows processed.
2026-10-07 00:19:25,955 INFO: Progress: 115500 / 242640 rows processed.
2026-10-07 00:21:26,837 INFO: Progress: 116000 / 242640 rows processed.
2026-10-07 00:23:24,240 INFO: Progress: 116500 / 242640 rows processed.
2026-10-07 00:25:28,957 INFO: Progress: 117000 / 242640 rows processed.
2026-10-07 00:27:28,279 INFO: Progress: 117500 / 242640 rows processed.
2026-10-07 00:29:20,775 INFO: Progress: 118000 / 242640 rows processed.
2026-10-07 00:31:13,434 INFO: Progress: 118500 / 242640 rows processed.
2026-10-07 00:33:05,113 INFO: Progress: 119000 / 242640 rows processed.
2026-10-07 00:35:01,486 INFO: Progress: 119500 / 242640 rows processed.
2026-10-07 00:37:00,469 INFO: Progress: 120000 / 242640 rows processed.
2026-10-07 00:38:56,099 INFO: Progress: 120500 / 242640 rows processed.
2026-10-07 00:40:51,653 INFO: Progress: 121000 / 242640 rows processed.
2026-10-07 00:42:48,210 INFO: Progress: 121500 / 242640 rows processed.
2026-10-07 00:44:50,553 INFO: Progress: 122000 / 242640 rows processed.
2026-10-07 00:46:52,962 INFO: Progress: 122500 / 242640 rows processed.
2026-10-07 00:48:50,930 INFO: Progress: 123000 / 242640 rows processed.
2026-10-07 00:50:58,160 INFO: Progress: 123500 / 242640 rows processed.
2026-10-07 00:52:58,842 INFO: Progress: 124000 / 242640 rows processed.
2026-10-07 00:54:42,754 INFO: Progress: 124500 / 242640 rows processed.
2026-10-07 00:56:30,633 INFO: Progress: 125000 / 242640 rows processed.
2026-10-07 00:58:18,533 INFO: Progress: 125500 / 242640 rows processed.
2026-10-07 01:00:18,142 INFO: Progress: 126000 / 242640 rows processed.
2026-10-07 01:02:17,719 INFO: Progress: 126500 / 242640 rows processed.
2026-10-07 01:04:14,330 INFO: Progress: 127000 / 242640 rows processed.
2026-10-07 01:06:13,146 INFO: Progress: 127500 / 242640 rows processed.
2026-10-07 01:08:06,713 INFO: Progress: 128000 / 242640 rows processed.
2026-10-07 01:09:45,918 INFO: Progress: 128500 / 242640 rows processed.
2026-10-07 01:11:33,980 INFO: Progress: 129000 / 242640 rows processed.
2026-10-07 01:13:31,001 INFO: Progress: 129500 / 242640 rows processed.
2026-10-07 01:15:35,342 INFO: Progress: 130000 / 242640 rows processed.
2026-10-07 01:17:22,126 INFO: Progress: 130500 / 242640 rows processed.
2026-10-07 01:19:14,484 INFO: Progress: 131000 / 242640 rows processed.
2026-10-07 01:21:15,929 INFO: Progress: 131500 / 242640 rows processed.
2026-10-07 01:23:08,062 INFO: Progress: 132000 / 242640 rows processed.
2026-10-07 01:25:07,856 INFO: Progress: 132500 / 242640 rows processed.
2026-10-07 01:27:09,441 INFO: Progress: 133000 / 242640 rows processed.
2026-10-07 01:29:06,654 INFO: Progress: 133500 / 242640 rows processed.
2026-10-07 01:30:51,629 INFO: Progress: 134000 / 242640 rows processed.
2026-10-07 01:32:41,935 INFO: Progress: 134500 / 242640 rows processed.
2026-10-07 01:34:44,832 INFO: Progress: 135000 / 242640 rows processed.
2026-10-07 01:36:58,498 INFO: Progress: 135500 / 242640 rows processed.
2026-10-07 01:38:57,515 INFO: Progress: 136000 / 242640 rows processed.
2026-10-07 01:40:39,309 INFO: Progress: 136500 / 242640 rows processed.
2026-10-07 01:42:28,054 INFO: Progress: 137000 / 242640 rows processed.
2026-10-07 01:44:22,741 INFO: Progress: 137500 / 242640 rows processed.
2026-10-07 01:46:13,880 INFO: Progress: 138000 / 242640 rows processed.
2026-10-07 01:48:06,723 INFO: Progress: 138500 / 242640 rows processed.
2026-10-07 01:49:53,693 INFO: Progress: 139000 / 242640 rows processed.
2026-10-07 01:51:57,434 INFO: Progress: 139500 / 242640 rows processed.
2026-10-07 01:53:48,657 INFO: Progress: 140000 / 242640 rows processed.
2026-10-07 01:55:41,436 INFO: Progress: 140500 / 242640 rows processed.
2026-10-07 01:57:34,957 INFO: Progress: 141000 / 242640 rows processed.
2026-10-07 01:59:45,855 INFO: Progress: 141500 / 242640 rows processed.
2026-10-07 02:02:01,558 INFO: Progress: 142000 / 242640 rows processed.
2026-10-07 02:03:59,610 INFO: Progress: 142500 / 242640 rows processed.
2026-10-07 02:06:00,828 INFO: Progress: 143000 / 242640 rows processed.
2026-10-07 02:08:05,566 INFO: Progress: 143500 / 242640 rows processed.
2026-10-07 02:09:51,510 INFO: Progress: 144000 / 242640 rows processed.
2026-10-07 02:12:07,897 INFO: Progress: 144500 / 242640 rows processed.
2026-10-07 02:13:57,541 INFO: Progress: 145000 / 242640 rows processed.
2026-10-07 02:15:54,480 INFO: Progress: 145500 / 242640 rows processed.
2026-10-07 02:18:04,635 INFO: Progress: 146000 / 242640 rows processed.
2026-10-07 02:20:00,701 INFO: Progress: 146500 / 242640 rows processed.
2026-10-07 02:22:00,065 INFO: Progress: 147000 / 242640 rows processed.
2026-10-07 02:23:50,655 INFO: Progress: 147500 / 242640 rows processed.
2026-10-07 02:25:43,536 INFO: Progress: 148000 / 242640 rows processed.
2026-10-07 02:27:42,221 INFO: Progress: 148500 / 242640 rows processed.
2026-10-07 02:29:32,772 INFO: Progress: 149000 / 242640 rows processed.
2026-10-07 02:31:32,246 INFO: Progress: 149500 / 242640 rows processed.
2026-10-07 02:33:42,706 INFO: Progress: 150000 / 242640 rows processed.
2026-10-07 02:35:22,006 INFO: Progress: 150500 / 242640 rows processed.
2026-10-07 02:37:05,218 INFO: Progress: 151000 / 242640 rows processed.
2026-10-07 02:39:08,530 INFO: Progress: 151500 / 242640 rows processed.
2026-10-07 02:41:01,134 INFO: Progress: 152000 / 242640 rows processed.
2026-10-07 02:43:00,993 INFO: Progress: 152500 / 242640 rows processed.
2026-10-07 02:44:53,992 INFO: Progress: 153000 / 242640 rows processed.
2026-10-07 02:46:51,329 INFO: Progress: 153500 / 242640 rows processed.
2026-10-07 02:48:52,214 INFO: Progress: 154000 / 242640 rows processed.
2026-10-07 02:50:41,491 INFO: Progress: 154500 / 242640 rows processed.
2026-10-07 02:52:43,609 INFO: Progress: 155000 / 242640 rows processed.
2026-10-07 02:54:43,548 INFO: Progress: 155500 / 242640 rows processed.
2026-10-07 02:56:40,847 INFO: Progress: 156000 / 242640 rows processed.
2026-10-07 02:58:34,686 INFO: Progress: 156500 / 242640 rows processed.
2026-10-07 03:00:29,303 INFO: Progress: 157000 / 242640 rows processed.
2026-10-07 03:02:21,865 INFO: Progress: 157500 / 242640 rows processed.
2026-10-07 03:04:30,685 INFO: Progress: 158000 / 242640 rows processed.
2026-10-07 03:06:14,822 INFO: Progress: 158500 / 242640 rows processed.
2026-10-07 03:08:18,496 INFO: Progress: 159000 / 242640 rows processed.
2026-10-07 03:10:22,425 INFO: Progress: 159500 / 242640 rows processed.
2026-10-07 03:12:16,696 INFO: Progress: 160000 / 242640 rows processed.
2026-10-07 03:14:18,714 INFO: Progress: 160500 / 242640 rows processed.
2026-10-07 03:16:09,820 INFO: Progress: 161000 / 242640 rows processed.
2026-10-07 03:18:17,804 INFO: Progress: 161500 / 242640 rows processed.
2026-10-07 03:20:12,586 INFO: Progress: 162000 / 242640 rows processed.
2026-10-07 03:22:09,366 INFO: Progress: 162500 / 242640 rows processed.
2026-10-07 03:23:49,674 INFO: Progress: 163000 / 242640 rows processed.
2026-10-07 03:25:39,862 INFO: Progress: 163500 / 242640 rows processed.
2026-10-07 03:27:36,841 INFO: Progress: 164000 / 242640 rows processed.
2026-10-07 03:29:45,843 INFO: Progress: 164500 / 242640 rows processed.
2026-10-07 03:31:40,450 INFO: Progress: 165000 / 242640 rows processed.
2026-10-07 03:33:34,813 INFO: Progress: 165500 / 242640 rows processed.
2026-10-07 03:35:36,748 INFO: Progress: 166000 / 242640 rows processed.
2026-10-07 03:37:34,974 INFO: Progress: 166500 / 242640 rows processed.
2026-10-07 03:39:33,752 INFO: Progress: 167000 / 242640 rows processed.
2026-10-07 03:41:29,831 INFO: Progress: 167500 / 242640 rows processed.
2026-10-07 03:43:18,723 INFO: Progress: 168000 / 242640 rows processed.
2026-10-07 03:45:16,076 INFO: Progress: 168500 / 242640 rows processed.
2026-10-07 03:47:21,926 INFO: Progress: 169000 / 242640 rows processed.
2026-10-07 03:49:27,006 INFO: Progress: 169500 / 242640 rows processed.
2026-10-07 03:51:18,200 INFO: Progress: 170000 / 242640 rows processed.
2026-10-07 03:53:14,130 INFO: Progress: 170500 / 242640 rows processed.
2026-10-07 03:55:10,836 INFO: Progress: 171000 / 242640 rows processed.
2026-10-07 03:57:22,491 INFO: Progress: 171500 / 242640 rows processed.
2026-10-07 03:59:08,208 INFO: Progress: 172000 / 242640 rows processed.
2026-10-07 04:01:11,303 INFO: Progress: 172500 / 242640 rows processed.
2026-10-07 04:03:23,136 INFO: Progress: 173000 / 242640 rows processed.
2026-10-07 04:05:13,733 INFO: Progress: 173500 / 242640 rows processed.
2026-10-07 04:07:07,640 INFO: Progress: 174000 / 242640 rows processed.
2026-10-07 04:09:02,137 INFO: Progress: 174500 / 242640 rows processed.
2026-10-07 04:11:18,105 INFO: Progress: 175000 / 242640 rows processed.
2026-10-07 04:13:02,901 INFO: Progress: 175500 / 242640 rows processed.
2026-10-07 04:14:36,963 INFO: Progress: 176000 / 242640 rows processed.
2026-10-07 04:16:23,759 INFO: Progress: 176500 / 242640 rows processed.
2026-10-07 04:18:09,733 INFO: Progress: 177000 / 242640 rows processed.
2026-10-07 04:19:37,750 INFO: Progress: 177500 / 242640 rows processed.
2026-10-07 04:20:45,421 INFO: Progress: 178000 / 242640 rows processed.
2026-10-07 04:22:44,990 INFO: Progress: 178500 / 242640 rows processed.
2026-10-07 04:24:16,608 INFO: Progress: 179000 / 242640 rows processed.
2026-10-07 04:25:33,790 INFO: Progress: 179500 / 242640 rows processed.
2026-10-07 04:27:08,573 INFO: Progress: 180000 / 242640 rows processed.
2026-10-07 04:28:48,264 INFO: Progress: 180500 / 242640 rows processed.
2026-10-07 04:30:29,059 INFO: Progress: 181000 / 242640 rows processed.
2026-10-07 04:32:02,957 INFO: Progress: 181500 / 242640 rows processed.
2026-10-07 04:33:22,349 INFO: Progress: 182000 / 242640 rows processed.
2026-10-07 04:34:56,455 INFO: Progress: 182500 / 242640 rows processed.
2026-10-07 04:36:46,769 INFO: Progress: 183000 / 242640 rows processed.
2026-10-07 04:38:17,944 INFO: Progress: 183500 / 242640 rows processed.
2026-10-07 04:39:39,494 INFO: Progress: 184000 / 242640 rows processed.
2026-10-07 04:40:59,174 INFO: Progress: 184500 / 242640 rows processed.
2026-10-07 04:42:20,781 INFO: Progress: 185000 / 242640 rows processed.
2026-10-07 04:43:44,241 INFO: Progress: 185500 / 242640 rows processed.
2026-10-07 04:45:07,380 INFO: Progress: 186000 / 242640 rows processed.
2026-10-07 04:46:37,309 INFO: Progress: 186500 / 242640 rows processed.
2026-10-07 04:48:26,462 INFO: Progress: 187000 / 242640 rows processed.
2026-10-07 04:49:50,294 INFO: Progress: 187500 / 242640 rows processed.
2026-10-07 04:51:21,520 INFO: Progress: 188000 / 242640 rows processed.
2026-10-07 04:52:41,105 INFO: Progress: 188500 / 242640 rows processed.
2026-10-07 04:54:25,176 INFO: Progress: 189000 / 242640 rows processed.
2026-10-07 04:55:39,758 INFO: Progress: 189500 / 242640 rows processed.
2026-10-07 04:57:31,976 INFO: Progress: 190000 / 242640 rows processed.
2026-10-07 04:59:16,816 INFO: Progress: 190500 / 242640 rows processed.
2026-10-07 05:00:39,274 INFO: Progress: 191000 / 242640 rows processed.
2026-10-07 05:02:23,149 INFO: Progress: 191500 / 242640 rows processed.
2026-10-07 05:04:02,756 INFO: Progress: 192000 / 242640 rows processed.
2026-10-07 05:05:33,496 INFO: Progress: 192500 / 242640 rows processed.
2026-10-07 05:06:55,800 INFO: Progress: 193000 / 242640 rows processed.
2026-10-07 05:08:19,918 INFO: Progress: 193500 / 242640 rows processed.
2026-10-07 05:10:03,053 INFO: Progress: 194000 / 242640 rows processed.
2026-10-07 05:11:43,759 INFO: Progress: 194500 / 242640 rows processed.
2026-10-07 05:13:03,422 INFO: Progress: 195000 / 242640 rows processed.
2026-10-07 05:14:35,834 INFO: Progress: 195500 / 242640 rows processed.
2026-10-07 05:16:06,754 INFO: Progress: 196000 / 242640 rows processed.
2026-10-07 05:18:09,795 INFO: Progress: 196500 / 242640 rows processed.
2026-10-07 05:20:02,579 INFO: Progress: 197000 / 242640 rows processed.
2026-10-07 05:21:36,923 INFO: Progress: 197500 / 242640 rows processed.
2026-10-07 05:23:09,070 INFO: Progress: 198000 / 242640 rows processed.
2026-10-07 05:24:47,237 INFO: Progress: 198500 / 242640 rows processed.
2026-10-07 05:26:15,696 INFO: Progress: 199000 / 242640 rows processed.
2026-10-07 05:27:41,610 INFO: Progress: 199500 / 242640 rows processed.
2026-10-07 05:29:20,791 INFO: Progress: 200000 / 242640 rows processed.
2026-10-07 05:31:20,509 INFO: Progress: 200500 / 242640 rows processed.
2026-10-07 05:33:11,022 INFO: Progress: 201000 / 242640 rows processed.
2026-10-07 05:34:47,604 INFO: Progress: 201500 / 242640 rows processed.
2026-10-07 05:36:46,307 INFO: Progress: 202000 / 242640 rows processed.
2026-10-07 05:38:25,263 INFO: Progress: 202500 / 242640 rows processed.
2026-10-07 05:40:17,313 INFO: Progress: 203000 / 242640 rows processed.
2026-10-07 05:41:31,883 INFO: Progress: 203500 / 242640 rows processed.
2026-10-07 05:43:18,416 INFO: Progress: 204000 / 242640 rows processed.
2026-10-07 05:45:04,184 INFO: Progress: 204500 / 242640 rows processed.
2026-10-07 05:46:41,479 INFO: Progress: 205000 / 242640 rows processed.
2026-10-07 05:48:19,272 INFO: Progress: 205500 / 242640 rows processed.
2026-10-07 05:49:56,351 INFO: Progress: 206000 / 242640 rows processed.
2026-10-07 05:51:38,060 INFO: Progress: 206500 / 242640 rows processed.
2026-10-07 05:53:39,886 INFO: Progress: 207000 / 242640 rows processed.
2026-10-07 05:55:32,995 INFO: Progress: 207500 / 242640 rows processed.
2026-10-07 05:56:59,402 INFO: Progress: 208000 / 242640 rows processed.
2026-10-07 05:58:38,076 INFO: Progress: 208500 / 242640 rows processed.
2026-10-07 05:59:50,439 INFO: Progress: 209000 / 242640 rows processed.
2026-10-07 06:01:11,868 INFO: Progress: 209500 / 242640 rows processed.
2026-10-07 06:02:50,741 INFO: Progress: 210000 / 242640 rows processed.
2026-10-07 06:04:13,109 INFO: Progress: 210500 / 242640 rows processed.
2026-10-07 06:05:31,264 INFO: Progress: 211000 / 242640 rows processed.
2026-10-07 06:07:17,800 INFO: Progress: 211500 / 242640 rows processed.
2026-10-07 06:09:21,369 INFO: Progress: 212000 / 242640 rows processed.
2026-10-07 06:11:19,020 INFO: Progress: 212500 / 242640 rows processed.
2026-10-07 06:13:14,358 INFO: Progress: 213000 / 242640 rows processed.
2026-10-07 06:14:56,711 INFO: Progress: 213500 / 242640 rows processed.
2026-10-07 06:16:54,476 INFO: Progress: 214000 / 242640 rows processed.
2026-10-07 06:19:12,662 INFO: Progress: 214500 / 242640 rows processed.
2026-10-07 06:21:27,305 INFO: Progress: 215000 / 242640 rows processed.
2026-10-07 06:23:28,565 INFO: Progress: 215500 / 242640 rows processed.
2026-10-07 06:25:43,011 INFO: Progress: 216000 / 242640 rows processed.
2026-10-07 06:27:49,031 INFO: Progress: 216500 / 242640 rows processed.
2026-10-07 06:29:58,877 INFO: Progress: 217000 / 242640 rows processed.
2026-10-07 06:32:10,452 INFO: Progress: 217500 / 242640 rows processed.
2026-10-07 06:34:10,829 INFO: Progress: 218000 / 242640 rows processed.
2026-10-07 06:36:20,203 INFO: Progress: 218500 / 242640 rows processed.
2026-10-07 06:38:28,821 INFO: Progress: 219000 / 242640 rows processed.
2026-10-07 06:40:32,181 INFO: Progress: 219500 / 242640 rows processed.
2026-10-07 06:42:46,036 INFO: Progress: 220000 / 242640 rows processed.
2026-10-07 06:44:59,357 INFO: Progress: 220500 / 242640 rows processed.
2026-10-07 06:47:06,838 INFO: Progress: 221000 / 242640 rows processed.
2026-10-07 06:48:58,629 INFO: Progress: 221500 / 242640 rows processed.
2026-10-07 06:50:55,225 INFO: Progress: 222000 / 242640 rows processed.
2026-10-07 06:53:09,974 INFO: Progress: 222500 / 242640 rows processed.
2026-10-07 06:54:59,265 INFO: Progress: 223000 / 242640 rows processed.
2026-10-07 06:57:12,070 INFO: Progress: 223500 / 242640 rows processed.
2026-10-07 06:59:28,581 INFO: Progress: 224000 / 242640 rows processed.
2026-10-07 07:01:22,014 INFO: Progress: 224500 / 242640 rows processed.
2026-10-07 07:03:17,313 INFO: Progress: 225000 / 242640 rows processed.
2026-10-07 07:05:15,232 INFO: Progress: 225500 / 242640 rows processed.
2026-10-07 07:07:04,342 INFO: Progress: 226000 / 242640 rows processed.
2026-10-07 07:09:05,440 INFO: Progress: 226500 / 242640 rows processed.
2026-10-07 07:11:07,686 INFO: Progress: 227000 / 242640 rows processed.
2026-10-07 07:13:10,078 INFO: Progress: 227500 / 242640 rows processed.
2026-10-07 07:15:01,843 INFO: Progress: 228000 / 242640 rows processed.
2026-10-07 07:16:48,470 INFO: Progress: 228500 / 242640 rows processed.
2026-10-07 07:18:34,390 INFO: Progress: 229000 / 242640 rows processed.
2026-10-07 07:20:45,166 INFO: Progress: 229500 / 242640 rows processed.
2026-10-07 07:22:38,034 INFO: Progress: 230000 / 242640 rows processed.
2026-10-07 07:24:26,747 INFO: Progress: 230500 / 242640 rows processed.
2026-10-07 07:26:20,203 INFO: Progress: 231000 / 242640 rows processed.
2026-10-07 07:28:06,000 INFO: Progress: 231500 / 242640 rows processed.
2026-10-07 07:29:49,587 INFO: Progress: 232000 / 242640 rows processed.
2026-10-07 07:31:54,551 INFO: Progress: 232500 / 242640 rows processed.
2026-10-07 07:33:50,815 INFO: Progress: 233000 / 242640 rows processed.
2026-10-07 07:35:45,840 INFO: Progress: 233500 / 242640 rows processed.
2026-10-07 07:37:48,463 INFO: Progress: 234000 / 242640 rows processed.
2026-10-07 07:39:56,163 INFO: Progress: 234500 / 242640 rows processed.
2026-10-07 07:41:47,586 INFO: Progress: 235000 / 242640 rows processed.
2026-10-07 07:43:41,728 INFO: Progress: 235500 / 242640 rows processed.
2026-10-07 07:45:54,783 INFO: Progress: 236000 / 242640 rows processed.
2026-10-07 07:47:54,093 INFO: Progress: 236500 / 242640 rows processed.
2026-10-07 07:50:14,124 INFO: Progress: 237000 / 242640 rows processed.
2026-10-07 07:52:18,212 INFO: Progress: 237500 / 242640 rows processed.
2026-10-07 07:54:34,988 INFO: Progress: 238000 / 242640 rows processed.
2026-10-07 07:56:46,581 INFO: Progress: 238500 / 242640 rows processed.
2026-10-07 07:58:41,297 INFO: Progress: 239000 / 242640 rows processed.
2026-10-07 08:00:30,746 INFO: Progress: 239500 / 242640 rows processed.
2026-10-07 08:02:27,397 INFO: Progress: 240000 / 242640 rows processed.
2026-10-07 08:04:17,421 INFO: Progress: 240500 / 242640 rows processed.
2026-10-07 08:06:04,000 INFO: Progress: 241000 / 242640 rows processed.
2026-10-07 08:08:01,972 INFO: Progress: 241500 / 242640 rows processed.
2026-10-07 08:10:21,983 INFO: Progress: 242000 / 242640 rows processed.
2026-10-07 08:12:16,444 INFO: Progress: 242500 / 242640 rows processed.
2026-10-07 08:12:58,977 INFO: Saved labeled.csv (242640 rows).
2026-10-07 08:13:01,172 INFO: Audit sample: 661 rows.
2026-10-07 08:13:01,172 INFO: Job phase1_nemotron_3_nano_4b complete in 60258s.
