2026-05-21 17:23:01,185 INFO: Job phase1_llama33_70b started.  Input: /scratch/gpfs/JORDANAT/mg9965/PromptControlText/artifacts/phase1_results_llama33_70b.csv
2026-05-21 17:23:04,002 INFO: Loaded 242640 rows from /scratch/gpfs/JORDANAT/mg9965/PromptControlText/artifacts/phase1_results_llama33_70b.csv
2026-05-21 17:23:04,002 INFO: Resuming: 0 rows already complete.
2026-05-21 17:23:12,920 INFO: 242640 rows to process.
2026-05-21 17:25:31,298 INFO: Progress: 500 / 242640 rows processed.
2026-05-21 17:27:10,253 INFO: Progress: 1000 / 242640 rows processed.
2026-05-21 17:28:55,456 INFO: Progress: 1500 / 242640 rows processed.
2026-05-21 17:30:09,579 INFO: Progress: 2000 / 242640 rows processed.
2026-05-21 17:31:02,583 INFO: Progress: 2500 / 242640 rows processed.
2026-05-21 17:32:02,834 INFO: Progress: 3000 / 242640 rows processed.
2026-05-21 17:33:20,058 INFO: Progress: 3500 / 242640 rows processed.
2026-05-21 17:35:12,757 INFO: Progress: 4000 / 242640 rows processed.
2026-05-21 17:36:59,970 INFO: Progress: 4500 / 242640 rows processed.
2026-05-21 17:38:47,136 INFO: Progress: 5000 / 242640 rows processed.
2026-05-21 17:40:01,381 INFO: Progress: 5500 / 242640 rows processed.
2026-05-21 17:40:48,035 INFO: Progress: 6000 / 242640 rows processed.
2026-05-21 17:41:32,815 INFO: Progress: 6500 / 242640 rows processed.
2026-05-21 17:42:30,619 INFO: Progress: 7000 / 242640 rows processed.
2026-05-21 17:44:14,172 INFO: Progress: 7500 / 242640 rows processed.
2026-05-21 17:45:54,297 INFO: Progress: 8000 / 242640 rows processed.
2026-05-21 17:47:44,479 INFO: Progress: 8500 / 242640 rows processed.
2026-05-21 17:49:11,944 INFO: Progress: 9000 / 242640 rows processed.
2026-05-21 17:50:08,385 INFO: Progress: 9500 / 242640 rows processed.
2026-05-21 17:51:04,411 INFO: Progress: 10000 / 242640 rows processed.
2026-05-21 17:52:01,519 INFO: Progress: 10500 / 242640 rows processed.
2026-05-21 17:53:36,020 INFO: Progress: 11000 / 242640 rows processed.
2026-05-21 17:55:07,493 INFO: Progress: 11500 / 242640 rows processed.
2026-05-21 17:56:57,298 INFO: Progress: 12000 / 242640 rows processed.
2026-05-21 17:58:29,208 INFO: Progress: 12500 / 242640 rows processed.
2026-05-21 17:59:23,504 INFO: Progress: 13000 / 242640 rows processed.
2026-05-21 18:00:25,005 INFO: Progress: 13500 / 242640 rows processed.
2026-05-21 18:01:15,275 INFO: Progress: 14000 / 242640 rows processed.
2026-05-21 18:02:24,975 INFO: Progress: 14500 / 242640 rows processed.
2026-05-21 18:04:06,037 INFO: Progress: 15000 / 242640 rows processed.
2026-05-21 18:05:43,731 INFO: Progress: 15500 / 242640 rows processed.
2026-05-21 18:07:11,632 INFO: Progress: 16000 / 242640 rows processed.
2026-05-21 18:08:12,403 INFO: Progress: 16500 / 242640 rows processed.
2026-05-21 18:08:58,221 INFO: Progress: 17000 / 242640 rows processed.
2026-05-21 18:09:50,787 INFO: Progress: 17500 / 242640 rows processed.
2026-05-21 18:10:46,847 INFO: Progress: 18000 / 242640 rows processed.
2026-05-21 18:12:13,122 INFO: Progress: 18500 / 242640 rows processed.
2026-05-21 18:13:21,482 INFO: Progress: 19000 / 242640 rows processed.
2026-05-21 18:14:50,441 INFO: Progress: 19500 / 242640 rows processed.
2026-05-21 18:16:15,255 INFO: Progress: 20000 / 242640 rows processed.
2026-05-21 18:17:59,489 INFO: Progress: 20500 / 242640 rows processed.
2026-05-21 18:19:25,915 INFO: Progress: 21000 / 242640 rows processed.
2026-05-21 18:20:49,999 INFO: Progress: 21500 / 242640 rows processed.
2026-05-21 18:22:10,343 INFO: Progress: 22000 / 242640 rows processed.
2026-05-21 18:23:40,965 INFO: Progress: 22500 / 242640 rows processed.
2026-05-21 18:24:53,796 INFO: Progress: 23000 / 242640 rows processed.
2026-05-21 18:26:45,774 INFO: Progress: 23500 / 242640 rows processed.
2026-05-21 18:28:30,378 INFO: Progress: 24000 / 242640 rows processed.
2026-05-21 18:29:59,172 INFO: Progress: 24500 / 242640 rows processed.
2026-05-21 18:31:30,799 INFO: Progress: 25000 / 242640 rows processed.
2026-05-21 18:32:20,822 INFO: Progress: 25500 / 242640 rows processed.
2026-05-21 18:33:07,552 INFO: Progress: 26000 / 242640 rows processed.
2026-05-21 18:34:14,240 INFO: Progress: 26500 / 242640 rows processed.
2026-05-21 18:35:24,612 INFO: Progress: 27000 / 242640 rows processed.
2026-05-21 18:36:36,436 INFO: Progress: 27500 / 242640 rows processed.
2026-05-21 18:37:37,249 INFO: Progress: 28000 / 242640 rows processed.
2026-05-21 18:38:42,380 INFO: Progress: 28500 / 242640 rows processed.
2026-05-21 18:39:44,340 INFO: Progress: 29000 / 242640 rows processed.
2026-05-21 18:40:55,481 INFO: Progress: 29500 / 242640 rows processed.
2026-05-21 18:42:04,833 INFO: Progress: 30000 / 242640 rows processed.
2026-05-21 18:43:13,556 INFO: Progress: 30500 / 242640 rows processed.
2026-05-21 18:44:13,089 INFO: Progress: 31000 / 242640 rows processed.
2026-05-21 18:45:20,438 INFO: Progress: 31500 / 242640 rows processed.
2026-05-21 18:46:31,100 INFO: Progress: 32000 / 242640 rows processed.
2026-05-21 18:47:28,911 INFO: Progress: 32500 / 242640 rows processed.
2026-05-21 18:48:11,767 INFO: Progress: 33000 / 242640 rows processed.
2026-05-21 18:49:12,377 INFO: Progress: 33500 / 242640 rows processed.
2026-05-21 18:50:02,169 INFO: Progress: 34000 / 242640 rows processed.
2026-05-21 18:50:59,648 INFO: Progress: 34500 / 242640 rows processed.
2026-05-21 18:52:15,679 INFO: Progress: 35000 / 242640 rows processed.
2026-05-21 18:53:19,325 INFO: Progress: 35500 / 242640 rows processed.
2026-05-21 18:54:40,117 INFO: Progress: 36000 / 242640 rows processed.
2026-05-21 18:55:29,616 INFO: Progress: 36500 / 242640 rows processed.
2026-05-21 18:56:24,494 INFO: Progress: 37000 / 242640 rows processed.
2026-05-21 18:57:48,741 INFO: Progress: 37500 / 242640 rows processed.
2026-05-21 18:58:49,616 INFO: Progress: 38000 / 242640 rows processed.
2026-05-21 18:59:55,261 INFO: Progress: 38500 / 242640 rows processed.
2026-05-21 19:01:00,323 INFO: Progress: 39000 / 242640 rows processed.
2026-05-21 19:02:04,280 INFO: Progress: 39500 / 242640 rows processed.
2026-05-21 19:03:20,045 INFO: Progress: 40000 / 242640 rows processed.
2026-05-21 19:04:39,089 INFO: Progress: 40500 / 242640 rows processed.
2026-05-21 19:05:47,995 INFO: Progress: 41000 / 242640 rows processed.
2026-05-21 19:06:46,937 INFO: Progress: 41500 / 242640 rows processed.
2026-05-21 19:07:50,024 INFO: Progress: 42000 / 242640 rows processed.
2026-05-21 19:09:36,271 INFO: Progress: 42500 / 242640 rows processed.
2026-05-21 19:10:51,175 INFO: Progress: 43000 / 242640 rows processed.
2026-05-21 19:12:00,860 INFO: Progress: 43500 / 242640 rows processed.
2026-05-21 19:12:44,119 INFO: Progress: 44000 / 242640 rows processed.
2026-05-21 19:13:40,959 INFO: Progress: 44500 / 242640 rows processed.
2026-05-21 19:15:50,232 INFO: Progress: 45000 / 242640 rows processed.
2026-05-21 19:18:13,478 INFO: Progress: 45500 / 242640 rows processed.
2026-05-21 19:20:31,966 INFO: Progress: 46000 / 242640 rows processed.
2026-05-21 19:21:50,434 INFO: Progress: 46500 / 242640 rows processed.
2026-05-21 19:23:15,050 INFO: Progress: 47000 / 242640 rows processed.
2026-05-21 19:24:33,776 INFO: Progress: 47500 / 242640 rows processed.
2026-05-21 19:25:48,062 INFO: Progress: 48000 / 242640 rows processed.
2026-05-21 19:26:53,834 INFO: Progress: 48500 / 242640 rows processed.
2026-05-21 19:28:04,671 INFO: Progress: 49000 / 242640 rows processed.
2026-05-21 19:29:20,961 INFO: Progress: 49500 / 242640 rows processed.
2026-05-21 19:30:35,761 INFO: Progress: 50000 / 242640 rows processed.
2026-05-21 19:32:15,214 INFO: Progress: 50500 / 242640 rows processed.
2026-05-21 19:34:07,191 INFO: Progress: 51000 / 242640 rows processed.
2026-05-21 19:36:00,773 INFO: Progress: 51500 / 242640 rows processed.
2026-05-21 19:38:01,425 INFO: Progress: 52000 / 242640 rows processed.
2026-05-21 19:39:54,667 INFO: Progress: 52500 / 242640 rows processed.
2026-05-21 19:41:54,337 INFO: Progress: 53000 / 242640 rows processed.
2026-05-21 19:43:52,104 INFO: Progress: 53500 / 242640 rows processed.
2026-05-21 19:45:30,710 INFO: Progress: 54000 / 242640 rows processed.
2026-05-21 19:46:21,921 INFO: Progress: 54500 / 242640 rows processed.
2026-05-21 19:48:14,102 INFO: Progress: 55000 / 242640 rows processed.
2026-05-21 19:49:43,461 INFO: Progress: 55500 / 242640 rows processed.
2026-05-21 19:51:04,700 INFO: Progress: 56000 / 242640 rows processed.
2026-05-21 19:52:14,714 INFO: Progress: 56500 / 242640 rows processed.
2026-05-21 19:54:02,007 INFO: Progress: 57000 / 242640 rows processed.
2026-05-21 19:55:18,014 INFO: Progress: 57500 / 242640 rows processed.
2026-05-21 19:56:22,235 INFO: Progress: 58000 / 242640 rows processed.
2026-05-21 19:58:27,977 INFO: Progress: 58500 / 242640 rows processed.
2026-05-21 19:59:36,589 INFO: Progress: 59000 / 242640 rows processed.
2026-05-21 20:00:22,212 INFO: Progress: 59500 / 242640 rows processed.
2026-05-21 20:01:53,536 INFO: Progress: 60000 / 242640 rows processed.
2026-05-21 20:03:32,027 INFO: Progress: 60500 / 242640 rows processed.
2026-05-21 20:05:29,955 INFO: Progress: 61000 / 242640 rows processed.
2026-05-21 20:06:37,636 INFO: Progress: 61500 / 242640 rows processed.
2026-05-21 20:07:48,088 INFO: Progress: 62000 / 242640 rows processed.
2026-05-21 20:09:02,136 INFO: Progress: 62500 / 242640 rows processed.
2026-05-21 20:10:18,779 INFO: Progress: 63000 / 242640 rows processed.
2026-05-21 20:11:24,899 INFO: Progress: 63500 / 242640 rows processed.
2026-05-21 20:12:53,149 INFO: Progress: 64000 / 242640 rows processed.
2026-05-21 20:14:19,599 INFO: Progress: 64500 / 242640 rows processed.
2026-05-21 20:15:24,584 INFO: Progress: 65000 / 242640 rows processed.
2026-05-21 20:16:44,926 INFO: Progress: 65500 / 242640 rows processed.
2026-05-21 20:18:00,718 INFO: Progress: 66000 / 242640 rows processed.
2026-05-21 20:19:28,646 INFO: Progress: 66500 / 242640 rows processed.
2026-05-21 20:20:43,141 INFO: Progress: 67000 / 242640 rows processed.
2026-05-21 20:21:55,632 INFO: Progress: 67500 / 242640 rows processed.
2026-05-21 20:23:04,705 INFO: Progress: 68000 / 242640 rows processed.
2026-05-21 20:24:14,398 INFO: Progress: 68500 / 242640 rows processed.
2026-05-21 20:25:28,097 INFO: Progress: 69000 / 242640 rows processed.
2026-05-21 20:26:54,245 INFO: Progress: 69500 / 242640 rows processed.
2026-05-21 20:28:29,492 INFO: Progress: 70000 / 242640 rows processed.
2026-05-21 20:29:48,432 INFO: Progress: 70500 / 242640 rows processed.
2026-05-21 20:31:15,683 INFO: Progress: 71000 / 242640 rows processed.
2026-05-21 20:33:11,689 INFO: Progress: 71500 / 242640 rows processed.
2026-05-21 20:34:28,847 INFO: Progress: 72000 / 242640 rows processed.
2026-05-21 20:35:34,780 INFO: Progress: 72500 / 242640 rows processed.
2026-05-21 20:36:43,522 INFO: Progress: 73000 / 242640 rows processed.
2026-05-21 20:38:05,382 INFO: Progress: 73500 / 242640 rows processed.
2026-05-21 20:39:15,991 INFO: Progress: 74000 / 242640 rows processed.
2026-05-21 20:40:38,403 INFO: Progress: 74500 / 242640 rows processed.
2026-05-21 20:41:52,046 INFO: Progress: 75000 / 242640 rows processed.
2026-05-21 20:42:57,422 INFO: Progress: 75500 / 242640 rows processed.
2026-05-21 20:44:20,488 INFO: Progress: 76000 / 242640 rows processed.
2026-05-21 20:45:28,054 INFO: Progress: 76500 / 242640 rows processed.
2026-05-21 20:46:45,924 INFO: Progress: 77000 / 242640 rows processed.
2026-05-21 20:48:02,920 INFO: Progress: 77500 / 242640 rows processed.
2026-05-21 20:49:07,116 INFO: Progress: 78000 / 242640 rows processed.
2026-05-21 20:50:33,849 INFO: Progress: 78500 / 242640 rows processed.
2026-05-21 20:51:52,918 INFO: Progress: 79000 / 242640 rows processed.
2026-05-21 20:53:03,958 INFO: Progress: 79500 / 242640 rows processed.
2026-05-21 20:54:21,396 INFO: Progress: 80000 / 242640 rows processed.
2026-05-21 20:55:41,585 INFO: Progress: 80500 / 242640 rows processed.
2026-05-21 20:56:57,436 INFO: Progress: 81000 / 242640 rows processed.
2026-05-21 20:58:16,939 INFO: Progress: 81500 / 242640 rows processed.
2026-05-21 20:59:20,963 INFO: Progress: 82000 / 242640 rows processed.
2026-05-21 21:00:28,044 INFO: Progress: 82500 / 242640 rows processed.
2026-05-21 21:01:26,096 INFO: Progress: 83000 / 242640 rows processed.
2026-05-21 21:02:46,723 INFO: Progress: 83500 / 242640 rows processed.
2026-05-21 21:03:48,198 INFO: Progress: 84000 / 242640 rows processed.
2026-05-21 21:05:05,372 INFO: Progress: 84500 / 242640 rows processed.
2026-05-21 21:06:29,686 INFO: Progress: 85000 / 242640 rows processed.
2026-05-21 21:07:32,819 INFO: Progress: 85500 / 242640 rows processed.
2026-05-21 21:08:52,937 INFO: Progress: 86000 / 242640 rows processed.
2026-05-21 21:10:15,067 INFO: Progress: 86500 / 242640 rows processed.
2026-05-21 21:11:18,387 INFO: Progress: 87000 / 242640 rows processed.
2026-05-21 21:12:49,633 INFO: Progress: 87500 / 242640 rows processed.
2026-05-21 21:13:59,044 INFO: Progress: 88000 / 242640 rows processed.
2026-05-21 21:15:07,968 INFO: Progress: 88500 / 242640 rows processed.
2026-05-21 21:16:22,998 INFO: Progress: 89000 / 242640 rows processed.
2026-05-21 21:17:41,779 INFO: Progress: 89500 / 242640 rows processed.
2026-05-21 21:18:46,208 INFO: Progress: 90000 / 242640 rows processed.
2026-05-21 21:20:01,365 INFO: Progress: 90500 / 242640 rows processed.
2026-05-21 21:21:17,387 INFO: Progress: 91000 / 242640 rows processed.
2026-05-21 21:22:29,334 INFO: Progress: 91500 / 242640 rows processed.
2026-05-21 21:23:43,962 INFO: Progress: 92000 / 242640 rows processed.
2026-05-21 21:24:56,226 INFO: Progress: 92500 / 242640 rows processed.
2026-05-21 21:26:04,936 INFO: Progress: 93000 / 242640 rows processed.
2026-05-21 21:27:35,118 INFO: Progress: 93500 / 242640 rows processed.
2026-05-21 21:29:04,736 INFO: Progress: 94000 / 242640 rows processed.
2026-05-21 21:30:14,954 INFO: Progress: 94500 / 242640 rows processed.
2026-05-21 21:31:42,440 INFO: Progress: 95000 / 242640 rows processed.
2026-05-21 21:32:58,052 INFO: Progress: 95500 / 242640 rows processed.
2026-05-21 21:34:05,357 INFO: Progress: 96000 / 242640 rows processed.
2026-05-21 21:35:08,054 INFO: Progress: 96500 / 242640 rows processed.
2026-05-21 21:36:26,256 INFO: Progress: 97000 / 242640 rows processed.
2026-05-21 21:37:39,121 INFO: Progress: 97500 / 242640 rows processed.
2026-05-21 21:38:45,117 INFO: Progress: 98000 / 242640 rows processed.
2026-05-21 21:39:57,906 INFO: Progress: 98500 / 242640 rows processed.
2026-05-21 21:41:13,236 INFO: Progress: 99000 / 242640 rows processed.
2026-05-21 21:42:26,467 INFO: Progress: 99500 / 242640 rows processed.
2026-05-21 21:44:11,489 INFO: Progress: 100000 / 242640 rows processed.
2026-05-21 21:45:15,179 INFO: Progress: 100500 / 242640 rows processed.
2026-05-21 21:46:39,888 INFO: Progress: 101000 / 242640 rows processed.
2026-05-21 21:48:06,064 INFO: Progress: 101500 / 242640 rows processed.
2026-05-21 21:49:19,891 INFO: Progress: 102000 / 242640 rows processed.
2026-05-21 21:50:15,279 INFO: Progress: 102500 / 242640 rows processed.
2026-05-21 21:51:23,973 INFO: Progress: 103000 / 242640 rows processed.
2026-05-21 21:52:39,668 INFO: Progress: 103500 / 242640 rows processed.
2026-05-21 21:54:05,354 INFO: Progress: 104000 / 242640 rows processed.
2026-05-21 21:55:33,086 INFO: Progress: 104500 / 242640 rows processed.
2026-05-21 21:56:50,408 INFO: Progress: 105000 / 242640 rows processed.
2026-05-21 21:58:01,476 INFO: Progress: 105500 / 242640 rows processed.
2026-05-21 21:59:14,590 INFO: Progress: 106000 / 242640 rows processed.
2026-05-21 22:00:46,129 INFO: Progress: 106500 / 242640 rows processed.
2026-05-21 22:01:58,414 INFO: Progress: 107000 / 242640 rows processed.
2026-05-21 22:03:03,063 INFO: Progress: 107500 / 242640 rows processed.
2026-05-21 22:04:07,831 INFO: Progress: 108000 / 242640 rows processed.
2026-05-21 22:05:17,232 INFO: Progress: 108500 / 242640 rows processed.
2026-05-21 22:06:43,198 INFO: Progress: 109000 / 242640 rows processed.
2026-05-21 22:07:44,355 INFO: Progress: 109500 / 242640 rows processed.
2026-05-21 22:09:03,799 INFO: Progress: 110000 / 242640 rows processed.
2026-05-21 22:10:14,848 INFO: Progress: 110500 / 242640 rows processed.
2026-05-21 22:11:32,081 INFO: Progress: 111000 / 242640 rows processed.
2026-05-21 22:12:40,031 INFO: Progress: 111500 / 242640 rows processed.
2026-05-21 22:13:46,354 INFO: Progress: 112000 / 242640 rows processed.
2026-05-21 22:14:51,287 INFO: Progress: 112500 / 242640 rows processed.
2026-05-21 22:16:07,970 INFO: Progress: 113000 / 242640 rows processed.
2026-05-21 22:17:32,215 INFO: Progress: 113500 / 242640 rows processed.
2026-05-21 22:18:51,858 INFO: Progress: 114000 / 242640 rows processed.
2026-05-21 22:19:57,264 INFO: Progress: 114500 / 242640 rows processed.
2026-05-21 22:21:21,499 INFO: Progress: 115000 / 242640 rows processed.
2026-05-21 22:22:35,750 INFO: Progress: 115500 / 242640 rows processed.
2026-05-21 22:24:16,825 INFO: Progress: 116000 / 242640 rows processed.
2026-05-21 22:25:28,714 INFO: Progress: 116500 / 242640 rows processed.
2026-05-21 22:26:52,117 INFO: Progress: 117000 / 242640 rows processed.
2026-05-21 22:28:06,403 INFO: Progress: 117500 / 242640 rows processed.
2026-05-21 22:29:19,572 INFO: Progress: 118000 / 242640 rows processed.
2026-05-21 22:30:34,316 INFO: Progress: 118500 / 242640 rows processed.
2026-05-21 22:31:46,986 INFO: Progress: 119000 / 242640 rows processed.
2026-05-21 22:33:18,509 INFO: Progress: 119500 / 242640 rows processed.
2026-05-21 22:34:42,025 INFO: Progress: 120000 / 242640 rows processed.
2026-05-21 22:35:40,511 INFO: Progress: 120500 / 242640 rows processed.
2026-05-21 22:36:59,873 INFO: Progress: 121000 / 242640 rows processed.
2026-05-21 22:38:13,873 INFO: Progress: 121500 / 242640 rows processed.
2026-05-21 22:39:23,059 INFO: Progress: 122000 / 242640 rows processed.
2026-05-21 22:40:52,265 INFO: Progress: 122500 / 242640 rows processed.
2026-05-21 22:42:05,633 INFO: Progress: 123000 / 242640 rows processed.
2026-05-21 22:43:22,901 INFO: Progress: 123500 / 242640 rows processed.
2026-05-21 22:44:46,237 INFO: Progress: 124000 / 242640 rows processed.
2026-05-21 22:45:51,312 INFO: Progress: 124500 / 242640 rows processed.
2026-05-21 22:46:54,507 INFO: Progress: 125000 / 242640 rows processed.
2026-05-21 22:48:16,885 INFO: Progress: 125500 / 242640 rows processed.
2026-05-21 22:49:31,130 INFO: Progress: 126000 / 242640 rows processed.
2026-05-21 22:50:41,246 INFO: Progress: 126500 / 242640 rows processed.
2026-05-21 22:51:51,313 INFO: Progress: 127000 / 242640 rows processed.
2026-05-21 22:53:15,982 INFO: Progress: 127500 / 242640 rows processed.
2026-05-21 22:54:40,908 INFO: Progress: 128000 / 242640 rows processed.
2026-05-21 22:55:51,159 INFO: Progress: 128500 / 242640 rows processed.
2026-05-21 22:57:02,518 INFO: Progress: 129000 / 242640 rows processed.
2026-05-21 22:58:16,259 INFO: Progress: 129500 / 242640 rows processed.
2026-05-21 22:59:44,732 INFO: Progress: 130000 / 242640 rows processed.
2026-05-21 23:00:56,967 INFO: Progress: 130500 / 242640 rows processed.
2026-05-21 23:02:01,525 INFO: Progress: 131000 / 242640 rows processed.
2026-05-21 23:03:19,039 INFO: Progress: 131500 / 242640 rows processed.
2026-05-21 23:04:26,650 INFO: Progress: 132000 / 242640 rows processed.
2026-05-21 23:05:40,590 INFO: Progress: 132500 / 242640 rows processed.
2026-05-21 23:07:15,469 INFO: Progress: 133000 / 242640 rows processed.
2026-05-21 23:08:30,222 INFO: Progress: 133500 / 242640 rows processed.
2026-05-21 23:09:43,757 INFO: Progress: 134000 / 242640 rows processed.
2026-05-21 23:11:03,056 INFO: Progress: 134500 / 242640 rows processed.
2026-05-21 23:12:22,684 INFO: Progress: 135000 / 242640 rows processed.
2026-05-21 23:13:27,447 INFO: Progress: 135500 / 242640 rows processed.
2026-05-21 23:14:42,713 INFO: Progress: 136000 / 242640 rows processed.
2026-05-21 23:15:55,115 INFO: Progress: 136500 / 242640 rows processed.
2026-05-21 23:17:02,028 INFO: Progress: 137000 / 242640 rows processed.
2026-05-21 23:18:09,803 INFO: Progress: 137500 / 242640 rows processed.
2026-05-21 23:19:38,758 INFO: Progress: 138000 / 242640 rows processed.
2026-05-21 23:20:48,971 INFO: Progress: 138500 / 242640 rows processed.
2026-05-21 23:21:49,431 INFO: Progress: 139000 / 242640 rows processed.
2026-05-21 23:23:03,905 INFO: Progress: 139500 / 242640 rows processed.
2026-05-21 23:24:15,488 INFO: Progress: 140000 / 242640 rows processed.
2026-05-21 23:25:26,720 INFO: Progress: 140500 / 242640 rows processed.
2026-05-21 23:26:36,642 INFO: Progress: 141000 / 242640 rows processed.
2026-05-21 23:27:49,354 INFO: Progress: 141500 / 242640 rows processed.
2026-05-21 23:29:12,072 INFO: Progress: 142000 / 242640 rows processed.
2026-05-21 23:30:42,470 INFO: Progress: 142500 / 242640 rows processed.
2026-05-21 23:32:15,671 INFO: Progress: 143000 / 242640 rows processed.
2026-05-21 23:33:29,417 INFO: Progress: 143500 / 242640 rows processed.
2026-05-21 23:34:41,005 INFO: Progress: 144000 / 242640 rows processed.
2026-05-21 23:35:48,981 INFO: Progress: 144500 / 242640 rows processed.
2026-05-21 23:36:57,082 INFO: Progress: 145000 / 242640 rows processed.
2026-05-21 23:38:14,103 INFO: Progress: 145500 / 242640 rows processed.
2026-05-21 23:39:43,590 INFO: Progress: 146000 / 242640 rows processed.
2026-05-21 23:41:01,694 INFO: Progress: 146500 / 242640 rows processed.
2026-05-21 23:42:22,526 INFO: Progress: 147000 / 242640 rows processed.
2026-05-21 23:43:26,085 INFO: Progress: 147500 / 242640 rows processed.
2026-05-21 23:44:44,202 INFO: Progress: 148000 / 242640 rows processed.
2026-05-21 23:45:50,557 INFO: Progress: 148500 / 242640 rows processed.
2026-05-21 23:47:01,648 INFO: Progress: 149000 / 242640 rows processed.
2026-05-21 23:48:08,011 INFO: Progress: 149500 / 242640 rows processed.
2026-05-21 23:49:15,783 INFO: Progress: 150000 / 242640 rows processed.
2026-05-21 23:50:29,819 INFO: Progress: 150500 / 242640 rows processed.
2026-05-21 23:51:46,098 INFO: Progress: 151000 / 242640 rows processed.
2026-05-21 23:52:57,702 INFO: Progress: 151500 / 242640 rows processed.
2026-05-21 23:54:03,002 INFO: Progress: 152000 / 242640 rows processed.
2026-05-21 23:55:28,350 INFO: Progress: 152500 / 242640 rows processed.
2026-05-21 23:56:54,372 INFO: Progress: 153000 / 242640 rows processed.
2026-05-21 23:58:06,900 INFO: Progress: 153500 / 242640 rows processed.
2026-05-21 23:59:31,253 INFO: Progress: 154000 / 242640 rows processed.
2026-05-22 00:00:57,696 INFO: Progress: 154500 / 242640 rows processed.
2026-05-22 00:02:16,929 INFO: Progress: 155000 / 242640 rows processed.
2026-05-22 00:03:20,646 INFO: Progress: 155500 / 242640 rows processed.
2026-05-22 00:04:48,504 INFO: Progress: 156000 / 242640 rows processed.
2026-05-22 00:05:59,647 INFO: Progress: 156500 / 242640 rows processed.
2026-05-22 00:07:05,254 INFO: Progress: 157000 / 242640 rows processed.
2026-05-22 00:08:28,370 INFO: Progress: 157500 / 242640 rows processed.
2026-05-22 00:09:53,384 INFO: Progress: 158000 / 242640 rows processed.
2026-05-22 00:10:54,984 INFO: Progress: 158500 / 242640 rows processed.
2026-05-22 00:12:13,685 INFO: Progress: 159000 / 242640 rows processed.
2026-05-22 00:13:44,402 INFO: Progress: 159500 / 242640 rows processed.
2026-05-22 00:14:46,933 INFO: Progress: 160000 / 242640 rows processed.
2026-05-22 00:15:46,030 INFO: Progress: 160500 / 242640 rows processed.
2026-05-22 00:16:41,696 INFO: Progress: 161000 / 242640 rows processed.
2026-05-22 00:17:54,241 INFO: Progress: 161500 / 242640 rows processed.
2026-05-22 00:19:03,515 INFO: Progress: 162000 / 242640 rows processed.
2026-05-22 00:20:10,966 INFO: Progress: 162500 / 242640 rows processed.
2026-05-22 00:21:32,126 INFO: Progress: 163000 / 242640 rows processed.
2026-05-22 00:22:46,384 INFO: Progress: 163500 / 242640 rows processed.
2026-05-22 00:24:08,611 INFO: Progress: 164000 / 242640 rows processed.
2026-05-22 00:25:33,053 INFO: Progress: 164500 / 242640 rows processed.
2026-05-22 00:26:51,452 INFO: Progress: 165000 / 242640 rows processed.
2026-05-22 00:28:05,078 INFO: Progress: 165500 / 242640 rows processed.
2026-05-22 00:29:14,123 INFO: Progress: 166000 / 242640 rows processed.
2026-05-22 00:30:28,138 INFO: Progress: 166500 / 242640 rows processed.
2026-05-22 00:32:15,577 INFO: Progress: 167000 / 242640 rows processed.
2026-05-22 00:33:43,749 INFO: Progress: 167500 / 242640 rows processed.
2026-05-22 00:35:01,330 INFO: Progress: 168000 / 242640 rows processed.
2026-05-22 00:36:14,226 INFO: Progress: 168500 / 242640 rows processed.
2026-05-22 00:37:30,512 INFO: Progress: 169000 / 242640 rows processed.
2026-05-22 00:38:37,205 INFO: Progress: 169500 / 242640 rows processed.
2026-05-22 00:39:55,528 INFO: Progress: 170000 / 242640 rows processed.
2026-05-22 00:41:03,589 INFO: Progress: 170500 / 242640 rows processed.
2026-05-22 00:42:09,958 INFO: Progress: 171000 / 242640 rows processed.
2026-05-22 00:43:22,881 INFO: Progress: 171500 / 242640 rows processed.
2026-05-22 00:44:34,389 INFO: Progress: 172000 / 242640 rows processed.
2026-05-22 00:45:54,526 INFO: Progress: 172500 / 242640 rows processed.
2026-05-22 00:47:01,960 INFO: Progress: 173000 / 242640 rows processed.
2026-05-22 00:48:27,732 INFO: Progress: 173500 / 242640 rows processed.
2026-05-22 00:49:40,669 INFO: Progress: 174000 / 242640 rows processed.
2026-05-22 00:51:03,429 INFO: Progress: 174500 / 242640 rows processed.
2026-05-22 00:52:18,472 INFO: Progress: 175000 / 242640 rows processed.
2026-05-22 00:53:18,403 INFO: Progress: 175500 / 242640 rows processed.
2026-05-22 00:54:14,570 INFO: Progress: 176000 / 242640 rows processed.
2026-05-22 00:55:07,926 INFO: Progress: 176500 / 242640 rows processed.
2026-05-22 00:56:12,278 INFO: Progress: 177000 / 242640 rows processed.
2026-05-22 00:57:18,752 INFO: Progress: 177500 / 242640 rows processed.
2026-05-22 00:58:13,669 INFO: Progress: 178000 / 242640 rows processed.
2026-05-22 00:59:21,700 INFO: Progress: 178500 / 242640 rows processed.
2026-05-22 01:00:27,900 INFO: Progress: 179000 / 242640 rows processed.
2026-05-22 01:01:13,541 INFO: Progress: 179500 / 242640 rows processed.
2026-05-22 01:02:23,467 INFO: Progress: 180000 / 242640 rows processed.
2026-05-22 01:03:23,290 INFO: Progress: 180500 / 242640 rows processed.
2026-05-22 01:04:23,600 INFO: Progress: 181000 / 242640 rows processed.
2026-05-22 01:05:13,243 INFO: Progress: 181500 / 242640 rows processed.
2026-05-22 01:05:55,308 INFO: Progress: 182000 / 242640 rows processed.
2026-05-22 01:06:51,429 INFO: Progress: 182500 / 242640 rows processed.
2026-05-22 01:07:48,707 INFO: Progress: 183000 / 242640 rows processed.
2026-05-22 01:09:03,460 INFO: Progress: 183500 / 242640 rows processed.
2026-05-22 01:09:57,836 INFO: Progress: 184000 / 242640 rows processed.
2026-05-22 01:10:39,609 INFO: Progress: 184500 / 242640 rows processed.
2026-05-22 01:11:23,905 INFO: Progress: 185000 / 242640 rows processed.
2026-05-22 01:12:13,702 INFO: Progress: 185500 / 242640 rows processed.
2026-05-22 01:13:00,976 INFO: Progress: 186000 / 242640 rows processed.
2026-05-22 01:13:54,368 INFO: Progress: 186500 / 242640 rows processed.
2026-05-22 01:14:56,780 INFO: Progress: 187000 / 242640 rows processed.
2026-05-22 01:15:48,449 INFO: Progress: 187500 / 242640 rows processed.
2026-05-22 01:16:37,560 INFO: Progress: 188000 / 242640 rows processed.
2026-05-22 01:17:31,853 INFO: Progress: 188500 / 242640 rows processed.
2026-05-22 01:18:46,272 INFO: Progress: 189000 / 242640 rows processed.
2026-05-22 01:19:38,041 INFO: Progress: 189500 / 242640 rows processed.
2026-05-22 01:20:54,988 INFO: Progress: 190000 / 242640 rows processed.
2026-05-22 01:21:51,106 INFO: Progress: 190500 / 242640 rows processed.
2026-05-22 01:22:48,209 INFO: Progress: 191000 / 242640 rows processed.
2026-05-22 01:23:49,778 INFO: Progress: 191500 / 242640 rows processed.
2026-05-22 01:24:48,327 INFO: Progress: 192000 / 242640 rows processed.
2026-05-22 01:25:49,783 INFO: Progress: 192500 / 242640 rows processed.
2026-05-22 01:26:36,538 INFO: Progress: 193000 / 242640 rows processed.
2026-05-22 01:27:26,570 INFO: Progress: 193500 / 242640 rows processed.
2026-05-22 01:28:29,327 INFO: Progress: 194000 / 242640 rows processed.
2026-05-22 01:29:30,577 INFO: Progress: 194500 / 242640 rows processed.
2026-05-22 01:30:14,928 INFO: Progress: 195000 / 242640 rows processed.
2026-05-22 01:31:01,144 INFO: Progress: 195500 / 242640 rows processed.
2026-05-22 01:31:54,273 INFO: Progress: 196000 / 242640 rows processed.
2026-05-22 01:32:55,941 INFO: Progress: 196500 / 242640 rows processed.
2026-05-22 01:34:01,843 INFO: Progress: 197000 / 242640 rows processed.
2026-05-22 01:34:50,232 INFO: Progress: 197500 / 242640 rows processed.
2026-05-22 01:35:42,497 INFO: Progress: 198000 / 242640 rows processed.
2026-05-22 01:36:46,112 INFO: Progress: 198500 / 242640 rows processed.
2026-05-22 01:37:32,514 INFO: Progress: 199000 / 242640 rows processed.
2026-05-22 01:38:18,406 INFO: Progress: 199500 / 242640 rows processed.
2026-05-22 01:39:00,742 INFO: Progress: 200000 / 242640 rows processed.
2026-05-22 01:39:59,967 INFO: Progress: 200500 / 242640 rows processed.
2026-05-22 01:40:53,042 INFO: Progress: 201000 / 242640 rows processed.
2026-05-22 01:41:44,239 INFO: Progress: 201500 / 242640 rows processed.
2026-05-22 01:42:39,639 INFO: Progress: 202000 / 242640 rows processed.
2026-05-22 01:43:32,352 INFO: Progress: 202500 / 242640 rows processed.
2026-05-22 01:44:39,653 INFO: Progress: 203000 / 242640 rows processed.
2026-05-22 01:45:23,582 INFO: Progress: 203500 / 242640 rows processed.
2026-05-22 01:46:29,590 INFO: Progress: 204000 / 242640 rows processed.
2026-05-22 01:47:16,070 INFO: Progress: 204500 / 242640 rows processed.
2026-05-22 01:48:09,796 INFO: Progress: 205000 / 242640 rows processed.
2026-05-22 01:49:05,683 INFO: Progress: 205500 / 242640 rows processed.
2026-05-22 01:50:19,843 INFO: Progress: 206000 / 242640 rows processed.
2026-05-22 01:51:19,346 INFO: Progress: 206500 / 242640 rows processed.
2026-05-22 01:52:20,930 INFO: Progress: 207000 / 242640 rows processed.
2026-05-22 01:53:32,449 INFO: Progress: 207500 / 242640 rows processed.
2026-05-22 01:54:23,403 INFO: Progress: 208000 / 242640 rows processed.
2026-05-22 01:55:15,730 INFO: Progress: 208500 / 242640 rows processed.
2026-05-22 01:56:17,349 INFO: Progress: 209000 / 242640 rows processed.
2026-05-22 01:57:05,140 INFO: Progress: 209500 / 242640 rows processed.
2026-05-22 01:57:54,509 INFO: Progress: 210000 / 242640 rows processed.
2026-05-22 01:58:38,128 INFO: Progress: 210500 / 242640 rows processed.
2026-05-22 01:59:27,786 INFO: Progress: 211000 / 242640 rows processed.
2026-05-22 02:01:22,868 INFO: Progress: 211500 / 242640 rows processed.
2026-05-22 02:02:54,323 INFO: Progress: 212000 / 242640 rows processed.
2026-05-22 02:04:42,174 INFO: Progress: 212500 / 242640 rows processed.
2026-05-22 02:06:40,888 INFO: Progress: 213000 / 242640 rows processed.
2026-05-22 02:08:18,348 INFO: Progress: 213500 / 242640 rows processed.
2026-05-22 02:10:11,080 INFO: Progress: 214000 / 242640 rows processed.
2026-05-22 02:12:17,025 INFO: Progress: 214500 / 242640 rows processed.
2026-05-22 02:14:12,894 INFO: Progress: 215000 / 242640 rows processed.
2026-05-22 02:16:25,852 INFO: Progress: 215500 / 242640 rows processed.
2026-05-22 02:18:22,814 INFO: Progress: 216000 / 242640 rows processed.
2026-05-22 02:20:12,861 INFO: Progress: 216500 / 242640 rows processed.
2026-05-22 02:22:25,169 INFO: Progress: 217000 / 242640 rows processed.
2026-05-22 02:24:44,833 INFO: Progress: 217500 / 242640 rows processed.
2026-05-22 02:26:36,265 INFO: Progress: 218000 / 242640 rows processed.
2026-05-22 02:28:42,284 INFO: Progress: 218500 / 242640 rows processed.
2026-05-22 02:30:43,337 INFO: Progress: 219000 / 242640 rows processed.
2026-05-22 02:32:35,649 INFO: Progress: 219500 / 242640 rows processed.
2026-05-22 02:34:40,433 INFO: Progress: 220000 / 242640 rows processed.
2026-05-22 02:36:36,336 INFO: Progress: 220500 / 242640 rows processed.
2026-05-22 02:38:10,993 INFO: Progress: 221000 / 242640 rows processed.
2026-05-22 02:40:16,175 INFO: Progress: 221500 / 242640 rows processed.
2026-05-22 02:42:06,724 INFO: Progress: 222000 / 242640 rows processed.
2026-05-22 02:44:13,973 INFO: Progress: 222500 / 242640 rows processed.
2026-05-22 02:45:43,697 INFO: Progress: 223000 / 242640 rows processed.
2026-05-22 02:47:44,820 INFO: Progress: 223500 / 242640 rows processed.
2026-05-22 02:49:55,266 INFO: Progress: 224000 / 242640 rows processed.
2026-05-22 02:51:41,523 INFO: Progress: 224500 / 242640 rows processed.
2026-05-22 02:53:30,861 INFO: Progress: 225000 / 242640 rows processed.
2026-05-22 02:55:40,200 INFO: Progress: 225500 / 242640 rows processed.
2026-05-22 02:57:28,836 INFO: Progress: 226000 / 242640 rows processed.
2026-05-22 02:59:17,522 INFO: Progress: 226500 / 242640 rows processed.
2026-05-22 03:01:19,921 INFO: Progress: 227000 / 242640 rows processed.
2026-05-22 03:03:07,075 INFO: Progress: 227500 / 242640 rows processed.
2026-05-22 03:05:15,416 INFO: Progress: 228000 / 242640 rows processed.
2026-05-22 03:06:59,413 INFO: Progress: 228500 / 242640 rows processed.
2026-05-22 03:08:31,090 INFO: Progress: 229000 / 242640 rows processed.
2026-05-22 03:10:20,796 INFO: Progress: 229500 / 242640 rows processed.
2026-05-22 03:11:48,541 INFO: Progress: 230000 / 242640 rows processed.
2026-05-22 03:13:44,952 INFO: Progress: 230500 / 242640 rows processed.
2026-05-22 03:15:49,621 INFO: Progress: 231000 / 242640 rows processed.
2026-05-22 03:17:20,805 INFO: Progress: 231500 / 242640 rows processed.
2026-05-22 03:18:50,027 INFO: Progress: 232000 / 242640 rows processed.
2026-05-22 03:20:42,294 INFO: Progress: 232500 / 242640 rows processed.
2026-05-22 03:22:28,811 INFO: Progress: 233000 / 242640 rows processed.
2026-05-22 03:24:13,070 INFO: Progress: 233500 / 242640 rows processed.
2026-05-22 03:26:09,313 INFO: Progress: 234000 / 242640 rows processed.
2026-05-22 03:27:57,185 INFO: Progress: 234500 / 242640 rows processed.
2026-05-22 03:29:31,248 INFO: Progress: 235000 / 242640 rows processed.
2026-05-22 03:31:13,388 INFO: Progress: 235500 / 242640 rows processed.
2026-05-22 03:33:23,551 INFO: Progress: 236000 / 242640 rows processed.
2026-05-22 03:34:57,594 INFO: Progress: 236500 / 242640 rows processed.
2026-05-22 03:36:53,295 INFO: Progress: 237000 / 242640 rows processed.
2026-05-22 03:38:32,042 INFO: Progress: 237500 / 242640 rows processed.
2026-05-22 03:40:56,157 INFO: Progress: 238000 / 242640 rows processed.
2026-05-22 03:42:47,741 INFO: Progress: 238500 / 242640 rows processed.
2026-05-22 03:44:23,306 INFO: Progress: 239000 / 242640 rows processed.
2026-05-22 03:46:09,713 INFO: Progress: 239500 / 242640 rows processed.
2026-05-22 03:47:50,239 INFO: Progress: 240000 / 242640 rows processed.
2026-05-22 03:49:20,975 INFO: Progress: 240500 / 242640 rows processed.
2026-05-22 03:51:01,725 INFO: Progress: 241000 / 242640 rows processed.
2026-05-22 03:52:39,442 INFO: Progress: 241500 / 242640 rows processed.
2026-05-22 03:54:42,412 INFO: Progress: 242000 / 242640 rows processed.
2026-05-22 03:56:43,125 INFO: Progress: 242500 / 242640 rows processed.
2026-05-22 03:57:22,882 INFO: Saved labeled.csv (242640 rows).
2026-05-22 03:57:24,918 INFO: Audit sample: 651 rows.
2026-05-22 03:57:24,919 INFO: Job phase1_llama33_70b complete in 38064s.
