2026-10-06 15:10:22,519 INFO: Job phase1_gemma4_12b started.  Input: /scratch/gpfs/JORDANAT/mg9965/PromptControlText/artifacts/phase1_results_gemma4_12b.csv
2026-10-06 15:10:25,678 INFO: Loaded 242640 rows from /scratch/gpfs/JORDANAT/mg9965/PromptControlText/artifacts/phase1_results_gemma4_12b.csv
2026-10-06 15:10:25,678 INFO: Resuming: 0 rows already complete.
2026-10-06 15:10:34,672 INFO: 242640 rows to process.
2026-10-06 15:13:09,929 INFO: Progress: 500 / 242640 rows processed.
2026-10-06 15:14:55,456 INFO: Progress: 1000 / 242640 rows processed.
2026-10-06 15:16:31,470 INFO: Progress: 1500 / 242640 rows processed.
2026-10-06 15:18:04,213 INFO: Progress: 2000 / 242640 rows processed.
2026-10-06 15:19:01,712 INFO: Progress: 2500 / 242640 rows processed.
2026-10-06 15:19:51,983 INFO: Progress: 3000 / 242640 rows processed.
2026-10-06 15:21:00,149 INFO: Progress: 3500 / 242640 rows processed.
2026-10-06 15:23:02,842 INFO: Progress: 4000 / 242640 rows processed.
2026-10-06 15:25:01,209 INFO: Progress: 4500 / 242640 rows processed.
2026-10-06 15:27:00,816 INFO: Progress: 5000 / 242640 rows processed.
2026-10-06 15:28:20,810 INFO: Progress: 5500 / 242640 rows processed.
2026-10-06 15:29:08,568 INFO: Progress: 6000 / 242640 rows processed.
2026-10-06 15:29:55,466 INFO: Progress: 6500 / 242640 rows processed.
2026-10-06 15:30:51,241 INFO: Progress: 7000 / 242640 rows processed.
2026-10-06 15:32:48,704 INFO: Progress: 7500 / 242640 rows processed.
2026-10-06 15:34:49,538 INFO: Progress: 8000 / 242640 rows processed.
2026-10-06 15:36:49,880 INFO: Progress: 8500 / 242640 rows processed.
2026-10-06 15:38:34,700 INFO: Progress: 9000 / 242640 rows processed.
2026-10-06 15:39:26,738 INFO: Progress: 9500 / 242640 rows processed.
2026-10-06 15:40:21,049 INFO: Progress: 10000 / 242640 rows processed.
2026-10-06 15:41:13,563 INFO: Progress: 10500 / 242640 rows processed.
2026-10-06 15:42:51,326 INFO: Progress: 11000 / 242640 rows processed.
2026-10-06 15:44:33,158 INFO: Progress: 11500 / 242640 rows processed.
2026-10-06 15:46:29,573 INFO: Progress: 12000 / 242640 rows processed.
2026-10-06 15:48:13,776 INFO: Progress: 12500 / 242640 rows processed.
2026-10-06 15:49:03,899 INFO: Progress: 13000 / 242640 rows processed.
2026-10-06 15:50:01,826 INFO: Progress: 13500 / 242640 rows processed.
2026-10-06 15:50:57,996 INFO: Progress: 14000 / 242640 rows processed.
2026-10-06 15:52:17,767 INFO: Progress: 14500 / 242640 rows processed.
2026-10-06 15:54:16,137 INFO: Progress: 15000 / 242640 rows processed.
2026-10-06 15:56:10,813 INFO: Progress: 15500 / 242640 rows processed.
2026-10-06 15:58:04,865 INFO: Progress: 16000 / 242640 rows processed.
2026-10-06 15:59:11,794 INFO: Progress: 16500 / 242640 rows processed.
2026-10-06 16:00:02,427 INFO: Progress: 17000 / 242640 rows processed.
2026-10-06 16:01:01,076 INFO: Progress: 17500 / 242640 rows processed.
2026-10-06 16:01:58,746 INFO: Progress: 18000 / 242640 rows processed.
2026-10-06 16:03:44,547 INFO: Progress: 18500 / 242640 rows processed.
2026-10-06 16:05:32,987 INFO: Progress: 19000 / 242640 rows processed.
2026-10-06 16:07:28,138 INFO: Progress: 19500 / 242640 rows processed.
2026-10-06 16:09:09,540 INFO: Progress: 20000 / 242640 rows processed.
2026-10-06 16:10:50,186 INFO: Progress: 20500 / 242640 rows processed.
2026-10-06 16:12:16,627 INFO: Progress: 21000 / 242640 rows processed.
2026-10-06 16:13:56,534 INFO: Progress: 21500 / 242640 rows processed.
2026-10-06 16:15:48,243 INFO: Progress: 22000 / 242640 rows processed.
2026-10-06 16:17:32,461 INFO: Progress: 22500 / 242640 rows processed.
2026-10-06 16:19:00,601 INFO: Progress: 23000 / 242640 rows processed.
2026-10-06 16:20:53,237 INFO: Progress: 23500 / 242640 rows processed.
2026-10-06 16:22:43,150 INFO: Progress: 24000 / 242640 rows processed.
2026-10-06 16:24:17,514 INFO: Progress: 24500 / 242640 rows processed.
2026-10-06 16:25:53,970 INFO: Progress: 25000 / 242640 rows processed.
2026-10-06 16:27:03,436 INFO: Progress: 25500 / 242640 rows processed.
2026-10-06 16:28:05,298 INFO: Progress: 26000 / 242640 rows processed.
2026-10-06 16:29:28,456 INFO: Progress: 26500 / 242640 rows processed.
2026-10-06 16:30:32,760 INFO: Progress: 27000 / 242640 rows processed.
2026-10-06 16:32:08,380 INFO: Progress: 27500 / 242640 rows processed.
2026-10-06 16:33:27,579 INFO: Progress: 28000 / 242640 rows processed.
2026-10-06 16:34:39,613 INFO: Progress: 28500 / 242640 rows processed.
2026-10-06 16:35:50,814 INFO: Progress: 29000 / 242640 rows processed.
2026-10-06 16:36:50,564 INFO: Progress: 29500 / 242640 rows processed.
2026-10-06 16:38:05,521 INFO: Progress: 30000 / 242640 rows processed.
2026-10-06 16:39:16,602 INFO: Progress: 30500 / 242640 rows processed.
2026-10-06 16:40:24,664 INFO: Progress: 31000 / 242640 rows processed.
2026-10-06 16:41:41,778 INFO: Progress: 31500 / 242640 rows processed.
2026-10-06 16:43:16,312 INFO: Progress: 32000 / 242640 rows processed.
2026-10-06 16:44:18,298 INFO: Progress: 32500 / 242640 rows processed.
2026-10-06 16:45:06,397 INFO: Progress: 33000 / 242640 rows processed.
2026-10-06 16:45:54,365 INFO: Progress: 33500 / 242640 rows processed.
2026-10-06 16:46:44,615 INFO: Progress: 34000 / 242640 rows processed.
2026-10-06 16:47:38,317 INFO: Progress: 34500 / 242640 rows processed.
2026-10-06 16:48:48,197 INFO: Progress: 35000 / 242640 rows processed.
2026-10-06 16:49:54,864 INFO: Progress: 35500 / 242640 rows processed.
2026-10-06 16:51:29,036 INFO: Progress: 36000 / 242640 rows processed.
2026-10-06 16:52:27,935 INFO: Progress: 36500 / 242640 rows processed.
2026-10-06 16:53:15,840 INFO: Progress: 37000 / 242640 rows processed.
2026-10-06 16:54:03,544 INFO: Progress: 37500 / 242640 rows processed.
2026-10-06 16:54:53,830 INFO: Progress: 38000 / 242640 rows processed.
2026-10-06 16:56:07,791 INFO: Progress: 38500 / 242640 rows processed.
2026-10-06 16:56:56,290 INFO: Progress: 39000 / 242640 rows processed.
2026-10-06 16:57:58,635 INFO: Progress: 39500 / 242640 rows processed.
2026-10-06 16:58:45,533 INFO: Progress: 40000 / 242640 rows processed.
2026-10-06 16:59:30,154 INFO: Progress: 40500 / 242640 rows processed.
2026-10-06 17:00:15,851 INFO: Progress: 41000 / 242640 rows processed.
2026-10-06 17:01:01,676 INFO: Progress: 41500 / 242640 rows processed.
2026-10-06 17:01:56,171 INFO: Progress: 42000 / 242640 rows processed.
2026-10-06 17:03:02,837 INFO: Progress: 42500 / 242640 rows processed.
2026-10-06 17:03:46,872 INFO: Progress: 43000 / 242640 rows processed.
2026-10-06 17:04:40,189 INFO: Progress: 43500 / 242640 rows processed.
2026-10-06 17:05:26,702 INFO: Progress: 44000 / 242640 rows processed.
2026-10-06 17:06:12,263 INFO: Progress: 44500 / 242640 rows processed.
2026-10-06 17:09:01,261 INFO: Progress: 45000 / 242640 rows processed.
2026-10-06 17:11:45,474 INFO: Progress: 45500 / 242640 rows processed.
2026-10-06 17:13:47,947 INFO: Progress: 46000 / 242640 rows processed.
2026-10-06 17:14:54,314 INFO: Progress: 46500 / 242640 rows processed.
2026-10-06 17:16:08,231 INFO: Progress: 47000 / 242640 rows processed.
2026-10-06 17:17:33,729 INFO: Progress: 47500 / 242640 rows processed.
2026-10-06 17:19:03,541 INFO: Progress: 48000 / 242640 rows processed.
2026-10-06 17:20:35,728 INFO: Progress: 48500 / 242640 rows processed.
2026-10-06 17:22:07,226 INFO: Progress: 49000 / 242640 rows processed.
2026-10-06 17:23:51,832 INFO: Progress: 49500 / 242640 rows processed.
2026-10-06 17:25:22,584 INFO: Progress: 50000 / 242640 rows processed.
2026-10-06 17:27:19,406 INFO: Progress: 50500 / 242640 rows processed.
2026-10-06 17:29:22,375 INFO: Progress: 51000 / 242640 rows processed.
2026-10-06 17:31:21,643 INFO: Progress: 51500 / 242640 rows processed.
2026-10-06 17:33:27,213 INFO: Progress: 52000 / 242640 rows processed.
2026-10-06 17:35:29,295 INFO: Progress: 52500 / 242640 rows processed.
2026-10-06 17:37:39,642 INFO: Progress: 53000 / 242640 rows processed.
2026-10-06 17:39:43,150 INFO: Progress: 53500 / 242640 rows processed.
2026-10-06 17:41:30,107 INFO: Progress: 54000 / 242640 rows processed.
2026-10-06 17:42:24,890 INFO: Progress: 54500 / 242640 rows processed.
2026-10-06 17:43:12,724 INFO: Progress: 55000 / 242640 rows processed.
2026-10-06 17:44:01,444 INFO: Progress: 55500 / 242640 rows processed.
2026-10-06 17:44:51,012 INFO: Progress: 56000 / 242640 rows processed.
2026-10-06 17:45:37,472 INFO: Progress: 56500 / 242640 rows processed.
2026-10-06 17:46:21,960 INFO: Progress: 57000 / 242640 rows processed.
2026-10-06 17:47:18,932 INFO: Progress: 57500 / 242640 rows processed.
2026-10-06 17:48:14,119 INFO: Progress: 58000 / 242640 rows processed.
2026-10-06 17:49:21,549 INFO: Progress: 58500 / 242640 rows processed.
2026-10-06 17:50:27,524 INFO: Progress: 59000 / 242640 rows processed.
2026-10-06 17:51:15,334 INFO: Progress: 59500 / 242640 rows processed.
2026-10-06 17:52:02,947 INFO: Progress: 60000 / 242640 rows processed.
2026-10-06 17:52:51,139 INFO: Progress: 60500 / 242640 rows processed.
2026-10-06 17:54:40,546 INFO: Progress: 61000 / 242640 rows processed.
2026-10-06 17:56:04,860 INFO: Progress: 61500 / 242640 rows processed.
2026-10-06 17:57:41,248 INFO: Progress: 62000 / 242640 rows processed.
2026-10-06 17:59:11,366 INFO: Progress: 62500 / 242640 rows processed.
2026-10-06 18:00:52,795 INFO: Progress: 63000 / 242640 rows processed.
2026-10-06 18:02:23,978 INFO: Progress: 63500 / 242640 rows processed.
2026-10-06 18:04:21,585 INFO: Progress: 64000 / 242640 rows processed.
2026-10-06 18:06:09,610 INFO: Progress: 64500 / 242640 rows processed.
2026-10-06 18:07:43,021 INFO: Progress: 65000 / 242640 rows processed.
2026-10-06 18:09:02,601 INFO: Progress: 65500 / 242640 rows processed.
2026-10-06 18:10:33,546 INFO: Progress: 66000 / 242640 rows processed.
2026-10-06 18:12:15,565 INFO: Progress: 66500 / 242640 rows processed.
2026-10-06 18:13:44,407 INFO: Progress: 67000 / 242640 rows processed.
2026-10-06 18:15:13,056 INFO: Progress: 67500 / 242640 rows processed.
2026-10-06 18:16:35,488 INFO: Progress: 68000 / 242640 rows processed.
2026-10-06 18:17:47,393 INFO: Progress: 68500 / 242640 rows processed.
2026-10-06 18:19:15,905 INFO: Progress: 69000 / 242640 rows processed.
2026-10-06 18:20:51,673 INFO: Progress: 69500 / 242640 rows processed.
2026-10-06 18:22:46,771 INFO: Progress: 70000 / 242640 rows processed.
2026-10-06 18:24:23,517 INFO: Progress: 70500 / 242640 rows processed.
2026-10-06 18:26:02,505 INFO: Progress: 71000 / 242640 rows processed.
2026-10-06 18:27:40,588 INFO: Progress: 71500 / 242640 rows processed.
2026-10-06 18:29:28,571 INFO: Progress: 72000 / 242640 rows processed.
2026-10-06 18:30:57,755 INFO: Progress: 72500 / 242640 rows processed.
2026-10-06 18:32:26,233 INFO: Progress: 73000 / 242640 rows processed.
2026-10-06 18:33:39,134 INFO: Progress: 73500 / 242640 rows processed.
2026-10-06 18:35:15,796 INFO: Progress: 74000 / 242640 rows processed.
2026-10-06 18:36:52,715 INFO: Progress: 74500 / 242640 rows processed.
2026-10-06 18:38:18,542 INFO: Progress: 75000 / 242640 rows processed.
2026-10-06 18:39:35,495 INFO: Progress: 75500 / 242640 rows processed.
2026-10-06 18:41:25,685 INFO: Progress: 76000 / 242640 rows processed.
2026-10-06 18:43:00,181 INFO: Progress: 76500 / 242640 rows processed.
2026-10-06 18:44:30,935 INFO: Progress: 77000 / 242640 rows processed.
2026-10-06 18:46:12,016 INFO: Progress: 77500 / 242640 rows processed.
2026-10-06 18:47:27,659 INFO: Progress: 78000 / 242640 rows processed.
2026-10-06 18:49:03,668 INFO: Progress: 78500 / 242640 rows processed.
2026-10-06 18:50:28,964 INFO: Progress: 79000 / 242640 rows processed.
2026-10-06 18:51:52,552 INFO: Progress: 79500 / 242640 rows processed.
2026-10-06 18:53:41,154 INFO: Progress: 80000 / 242640 rows processed.
2026-10-06 18:55:18,969 INFO: Progress: 80500 / 242640 rows processed.
2026-10-06 18:56:46,253 INFO: Progress: 81000 / 242640 rows processed.
2026-10-06 18:58:13,250 INFO: Progress: 81500 / 242640 rows processed.
2026-10-06 18:59:39,074 INFO: Progress: 82000 / 242640 rows processed.
2026-10-06 19:00:56,657 INFO: Progress: 82500 / 242640 rows processed.
2026-10-06 19:02:15,067 INFO: Progress: 83000 / 242640 rows processed.
2026-10-06 19:03:49,494 INFO: Progress: 83500 / 242640 rows processed.
2026-10-06 19:05:15,379 INFO: Progress: 84000 / 242640 rows processed.
2026-10-06 19:06:43,675 INFO: Progress: 84500 / 242640 rows processed.
2026-10-06 19:08:06,437 INFO: Progress: 85000 / 242640 rows processed.
2026-10-06 19:09:27,110 INFO: Progress: 85500 / 242640 rows processed.
2026-10-06 19:10:56,079 INFO: Progress: 86000 / 242640 rows processed.
2026-10-06 19:12:47,070 INFO: Progress: 86500 / 242640 rows processed.
2026-10-06 19:14:09,469 INFO: Progress: 87000 / 242640 rows processed.
2026-10-06 19:15:51,185 INFO: Progress: 87500 / 242640 rows processed.
2026-10-06 19:17:10,726 INFO: Progress: 88000 / 242640 rows processed.
2026-10-06 19:18:30,459 INFO: Progress: 88500 / 242640 rows processed.
2026-10-06 19:20:00,312 INFO: Progress: 89000 / 242640 rows processed.
2026-10-06 19:21:15,942 INFO: Progress: 89500 / 242640 rows processed.
2026-10-06 19:22:53,412 INFO: Progress: 90000 / 242640 rows processed.
2026-10-06 19:24:14,767 INFO: Progress: 90500 / 242640 rows processed.
2026-10-06 19:25:35,478 INFO: Progress: 91000 / 242640 rows processed.
2026-10-06 19:27:02,974 INFO: Progress: 91500 / 242640 rows processed.
2026-10-06 19:28:24,689 INFO: Progress: 92000 / 242640 rows processed.
2026-10-06 19:29:45,774 INFO: Progress: 92500 / 242640 rows processed.
2026-10-06 19:31:20,569 INFO: Progress: 93000 / 242640 rows processed.
2026-10-06 19:32:50,296 INFO: Progress: 93500 / 242640 rows processed.
2026-10-06 19:34:19,145 INFO: Progress: 94000 / 242640 rows processed.
2026-10-06 19:35:46,641 INFO: Progress: 94500 / 242640 rows processed.
2026-10-06 19:37:06,505 INFO: Progress: 95000 / 242640 rows processed.
2026-10-06 19:38:35,973 INFO: Progress: 95500 / 242640 rows processed.
2026-10-06 19:40:05,932 INFO: Progress: 96000 / 242640 rows processed.
2026-10-06 19:41:20,508 INFO: Progress: 96500 / 242640 rows processed.
2026-10-06 19:42:34,989 INFO: Progress: 97000 / 242640 rows processed.
2026-10-06 19:44:13,823 INFO: Progress: 97500 / 242640 rows processed.
2026-10-06 19:45:38,740 INFO: Progress: 98000 / 242640 rows processed.
2026-10-06 19:46:54,287 INFO: Progress: 98500 / 242640 rows processed.
2026-10-06 19:48:12,864 INFO: Progress: 99000 / 242640 rows processed.
2026-10-06 19:49:40,186 INFO: Progress: 99500 / 242640 rows processed.
2026-10-06 19:51:30,911 INFO: Progress: 100000 / 242640 rows processed.
2026-10-06 19:53:03,921 INFO: Progress: 100500 / 242640 rows processed.
2026-10-06 19:54:45,537 INFO: Progress: 101000 / 242640 rows processed.
2026-10-06 19:56:25,749 INFO: Progress: 101500 / 242640 rows processed.
2026-10-06 19:57:49,406 INFO: Progress: 102000 / 242640 rows processed.
2026-10-06 19:58:56,822 INFO: Progress: 102500 / 242640 rows processed.
2026-10-06 20:00:13,222 INFO: Progress: 103000 / 242640 rows processed.
2026-10-06 20:01:43,513 INFO: Progress: 103500 / 242640 rows processed.
2026-10-06 20:03:26,273 INFO: Progress: 104000 / 242640 rows processed.
2026-10-06 20:04:51,010 INFO: Progress: 104500 / 242640 rows processed.
2026-10-06 20:06:13,791 INFO: Progress: 105000 / 242640 rows processed.
2026-10-06 20:07:45,880 INFO: Progress: 105500 / 242640 rows processed.
2026-10-06 20:09:23,670 INFO: Progress: 106000 / 242640 rows processed.
2026-10-06 20:11:14,380 INFO: Progress: 106500 / 242640 rows processed.
2026-10-06 20:12:44,234 INFO: Progress: 107000 / 242640 rows processed.
2026-10-06 20:14:10,432 INFO: Progress: 107500 / 242640 rows processed.
2026-10-06 20:15:32,023 INFO: Progress: 108000 / 242640 rows processed.
2026-10-06 20:16:51,550 INFO: Progress: 108500 / 242640 rows processed.
2026-10-06 20:18:18,787 INFO: Progress: 109000 / 242640 rows processed.
2026-10-06 20:19:50,422 INFO: Progress: 109500 / 242640 rows processed.
2026-10-06 20:21:20,345 INFO: Progress: 110000 / 242640 rows processed.
2026-10-06 20:22:45,555 INFO: Progress: 110500 / 242640 rows processed.
2026-10-06 20:24:17,105 INFO: Progress: 111000 / 242640 rows processed.
2026-10-06 20:25:46,338 INFO: Progress: 111500 / 242640 rows processed.
2026-10-06 20:27:11,890 INFO: Progress: 112000 / 242640 rows processed.
2026-10-06 20:28:36,204 INFO: Progress: 112500 / 242640 rows processed.
2026-10-06 20:30:06,851 INFO: Progress: 113000 / 242640 rows processed.
2026-10-06 20:31:48,310 INFO: Progress: 113500 / 242640 rows processed.
2026-10-06 20:33:21,706 INFO: Progress: 114000 / 242640 rows processed.
2026-10-06 20:34:52,437 INFO: Progress: 114500 / 242640 rows processed.
2026-10-06 20:36:35,418 INFO: Progress: 115000 / 242640 rows processed.
2026-10-06 20:37:56,860 INFO: Progress: 115500 / 242640 rows processed.
2026-10-06 20:39:37,447 INFO: Progress: 116000 / 242640 rows processed.
2026-10-06 20:41:07,984 INFO: Progress: 116500 / 242640 rows processed.
2026-10-06 20:42:57,877 INFO: Progress: 117000 / 242640 rows processed.
2026-10-06 20:44:29,840 INFO: Progress: 117500 / 242640 rows processed.
2026-10-06 20:46:10,441 INFO: Progress: 118000 / 242640 rows processed.
2026-10-06 20:47:45,750 INFO: Progress: 118500 / 242640 rows processed.
2026-10-06 20:49:13,872 INFO: Progress: 119000 / 242640 rows processed.
2026-10-06 20:50:56,531 INFO: Progress: 119500 / 242640 rows processed.
2026-10-06 20:52:23,709 INFO: Progress: 120000 / 242640 rows processed.
2026-10-06 20:53:41,674 INFO: Progress: 120500 / 242640 rows processed.
2026-10-06 20:55:08,685 INFO: Progress: 121000 / 242640 rows processed.
2026-10-06 20:56:51,373 INFO: Progress: 121500 / 242640 rows processed.
2026-10-06 20:58:22,006 INFO: Progress: 122000 / 242640 rows processed.
2026-10-06 20:59:58,922 INFO: Progress: 122500 / 242640 rows processed.
2026-10-06 21:01:23,834 INFO: Progress: 123000 / 242640 rows processed.
2026-10-06 21:02:58,331 INFO: Progress: 123500 / 242640 rows processed.
2026-10-06 21:04:39,008 INFO: Progress: 124000 / 242640 rows processed.
2026-10-06 21:05:58,820 INFO: Progress: 124500 / 242640 rows processed.
2026-10-06 21:07:17,745 INFO: Progress: 125000 / 242640 rows processed.
2026-10-06 21:08:45,856 INFO: Progress: 125500 / 242640 rows processed.
2026-10-06 21:10:08,415 INFO: Progress: 126000 / 242640 rows processed.
2026-10-06 21:11:32,026 INFO: Progress: 126500 / 242640 rows processed.
2026-10-06 21:13:01,843 INFO: Progress: 127000 / 242640 rows processed.
2026-10-06 21:14:25,839 INFO: Progress: 127500 / 242640 rows processed.
2026-10-06 21:16:18,408 INFO: Progress: 128000 / 242640 rows processed.
2026-10-06 21:17:34,247 INFO: Progress: 128500 / 242640 rows processed.
2026-10-06 21:19:01,984 INFO: Progress: 129000 / 242640 rows processed.
2026-10-06 21:20:24,543 INFO: Progress: 129500 / 242640 rows processed.
2026-10-06 21:21:55,293 INFO: Progress: 130000 / 242640 rows processed.
2026-10-06 21:23:23,010 INFO: Progress: 130500 / 242640 rows processed.
2026-10-06 21:24:43,766 INFO: Progress: 131000 / 242640 rows processed.
2026-10-06 21:26:10,780 INFO: Progress: 131500 / 242640 rows processed.
2026-10-06 21:27:40,566 INFO: Progress: 132000 / 242640 rows processed.
2026-10-06 21:29:02,273 INFO: Progress: 132500 / 242640 rows processed.
2026-10-06 21:30:39,267 INFO: Progress: 133000 / 242640 rows processed.
2026-10-06 21:32:12,288 INFO: Progress: 133500 / 242640 rows processed.
2026-10-06 21:33:45,270 INFO: Progress: 134000 / 242640 rows processed.
2026-10-06 21:35:18,432 INFO: Progress: 134500 / 242640 rows processed.
2026-10-06 21:36:48,012 INFO: Progress: 135000 / 242640 rows processed.
2026-10-06 21:38:01,248 INFO: Progress: 135500 / 242640 rows processed.
2026-10-06 21:39:31,104 INFO: Progress: 136000 / 242640 rows processed.
2026-10-06 21:40:54,286 INFO: Progress: 136500 / 242640 rows processed.
2026-10-06 21:42:18,950 INFO: Progress: 137000 / 242640 rows processed.
2026-10-06 21:43:44,463 INFO: Progress: 137500 / 242640 rows processed.
2026-10-06 21:45:15,138 INFO: Progress: 138000 / 242640 rows processed.
2026-10-06 21:46:37,464 INFO: Progress: 138500 / 242640 rows processed.
2026-10-06 21:47:47,984 INFO: Progress: 139000 / 242640 rows processed.
2026-10-06 21:49:07,943 INFO: Progress: 139500 / 242640 rows processed.
2026-10-06 21:50:20,881 INFO: Progress: 140000 / 242640 rows processed.
2026-10-06 21:51:45,225 INFO: Progress: 140500 / 242640 rows processed.
2026-10-06 21:53:07,770 INFO: Progress: 141000 / 242640 rows processed.
2026-10-06 21:54:34,341 INFO: Progress: 141500 / 242640 rows processed.
2026-10-06 21:55:52,387 INFO: Progress: 142000 / 242640 rows processed.
2026-10-06 21:57:32,609 INFO: Progress: 142500 / 242640 rows processed.
2026-10-06 21:59:09,334 INFO: Progress: 143000 / 242640 rows processed.
2026-10-06 22:00:34,049 INFO: Progress: 143500 / 242640 rows processed.
2026-10-06 22:02:03,248 INFO: Progress: 144000 / 242640 rows processed.
2026-10-06 22:03:37,715 INFO: Progress: 144500 / 242640 rows processed.
2026-10-06 22:05:01,619 INFO: Progress: 145000 / 242640 rows processed.
2026-10-06 22:06:19,050 INFO: Progress: 145500 / 242640 rows processed.
2026-10-06 22:08:01,865 INFO: Progress: 146000 / 242640 rows processed.
2026-10-06 22:09:25,410 INFO: Progress: 146500 / 242640 rows processed.
2026-10-06 22:11:03,467 INFO: Progress: 147000 / 242640 rows processed.
2026-10-06 22:12:23,449 INFO: Progress: 147500 / 242640 rows processed.
2026-10-06 22:13:53,743 INFO: Progress: 148000 / 242640 rows processed.
2026-10-06 22:15:23,149 INFO: Progress: 148500 / 242640 rows processed.
2026-10-06 22:16:44,795 INFO: Progress: 149000 / 242640 rows processed.
2026-10-06 22:18:14,690 INFO: Progress: 149500 / 242640 rows processed.
2026-10-06 22:19:40,165 INFO: Progress: 150000 / 242640 rows processed.
2026-10-06 22:21:03,176 INFO: Progress: 150500 / 242640 rows processed.
2026-10-06 22:22:32,628 INFO: Progress: 151000 / 242640 rows processed.
2026-10-06 22:24:03,432 INFO: Progress: 151500 / 242640 rows processed.
2026-10-06 22:25:30,041 INFO: Progress: 152000 / 242640 rows processed.
2026-10-06 22:27:09,416 INFO: Progress: 152500 / 242640 rows processed.
2026-10-06 22:28:37,882 INFO: Progress: 153000 / 242640 rows processed.
2026-10-06 22:30:12,609 INFO: Progress: 153500 / 242640 rows processed.
2026-10-06 22:31:51,870 INFO: Progress: 154000 / 242640 rows processed.
2026-10-06 22:33:29,909 INFO: Progress: 154500 / 242640 rows processed.
2026-10-06 22:35:04,894 INFO: Progress: 155000 / 242640 rows processed.
2026-10-06 22:36:14,350 INFO: Progress: 155500 / 242640 rows processed.
2026-10-06 22:37:41,222 INFO: Progress: 156000 / 242640 rows processed.
2026-10-06 22:39:08,236 INFO: Progress: 156500 / 242640 rows processed.
2026-10-06 22:40:42,278 INFO: Progress: 157000 / 242640 rows processed.
2026-10-06 22:42:19,472 INFO: Progress: 157500 / 242640 rows processed.
2026-10-06 22:44:03,770 INFO: Progress: 158000 / 242640 rows processed.
2026-10-06 22:45:25,137 INFO: Progress: 158500 / 242640 rows processed.
2026-10-06 22:46:47,028 INFO: Progress: 159000 / 242640 rows processed.
2026-10-06 22:48:28,618 INFO: Progress: 159500 / 242640 rows processed.
2026-10-06 22:49:47,055 INFO: Progress: 160000 / 242640 rows processed.
2026-10-06 22:51:11,779 INFO: Progress: 160500 / 242640 rows processed.
2026-10-06 22:52:33,630 INFO: Progress: 161000 / 242640 rows processed.
2026-10-06 22:53:46,531 INFO: Progress: 161500 / 242640 rows processed.
2026-10-06 22:55:09,880 INFO: Progress: 162000 / 242640 rows processed.
2026-10-06 22:56:40,981 INFO: Progress: 162500 / 242640 rows processed.
2026-10-06 22:58:10,105 INFO: Progress: 163000 / 242640 rows processed.
2026-10-06 22:59:35,267 INFO: Progress: 163500 / 242640 rows processed.
2026-10-06 23:01:25,744 INFO: Progress: 164000 / 242640 rows processed.
2026-10-06 23:03:04,961 INFO: Progress: 164500 / 242640 rows processed.
2026-10-06 23:04:42,039 INFO: Progress: 165000 / 242640 rows processed.
2026-10-06 23:06:06,979 INFO: Progress: 165500 / 242640 rows processed.
2026-10-06 23:07:21,957 INFO: Progress: 166000 / 242640 rows processed.
2026-10-06 23:08:41,044 INFO: Progress: 166500 / 242640 rows processed.
2026-10-06 23:10:25,625 INFO: Progress: 167000 / 242640 rows processed.
2026-10-06 23:12:12,649 INFO: Progress: 167500 / 242640 rows processed.
2026-10-06 23:13:33,774 INFO: Progress: 168000 / 242640 rows processed.
2026-10-06 23:14:47,291 INFO: Progress: 168500 / 242640 rows processed.
2026-10-06 23:16:24,485 INFO: Progress: 169000 / 242640 rows processed.
2026-10-06 23:17:43,462 INFO: Progress: 169500 / 242640 rows processed.
2026-10-06 23:19:26,607 INFO: Progress: 170000 / 242640 rows processed.
2026-10-06 23:20:45,905 INFO: Progress: 170500 / 242640 rows processed.
2026-10-06 23:22:04,138 INFO: Progress: 171000 / 242640 rows processed.
2026-10-06 23:23:35,687 INFO: Progress: 171500 / 242640 rows processed.
2026-10-06 23:25:00,028 INFO: Progress: 172000 / 242640 rows processed.
2026-10-06 23:26:41,417 INFO: Progress: 172500 / 242640 rows processed.
2026-10-06 23:28:02,328 INFO: Progress: 173000 / 242640 rows processed.
2026-10-06 23:30:01,996 INFO: Progress: 173500 / 242640 rows processed.
2026-10-06 23:31:26,434 INFO: Progress: 174000 / 242640 rows processed.
2026-10-06 23:32:54,494 INFO: Progress: 174500 / 242640 rows processed.
2026-10-06 23:34:28,493 INFO: Progress: 175000 / 242640 rows processed.
2026-10-06 23:35:57,342 INFO: Progress: 175500 / 242640 rows processed.
2026-10-06 23:36:55,298 INFO: Progress: 176000 / 242640 rows processed.
2026-10-06 23:37:52,655 INFO: Progress: 176500 / 242640 rows processed.
2026-10-06 23:38:46,628 INFO: Progress: 177000 / 242640 rows processed.
2026-10-06 23:39:40,034 INFO: Progress: 177500 / 242640 rows processed.
2026-10-06 23:40:26,592 INFO: Progress: 178000 / 242640 rows processed.
2026-10-06 23:41:27,820 INFO: Progress: 178500 / 242640 rows processed.
2026-10-06 23:42:18,883 INFO: Progress: 179000 / 242640 rows processed.
2026-10-06 23:43:09,317 INFO: Progress: 179500 / 242640 rows processed.
2026-10-06 23:44:00,275 INFO: Progress: 180000 / 242640 rows processed.
2026-10-06 23:45:01,440 INFO: Progress: 180500 / 242640 rows processed.
2026-10-06 23:46:06,896 INFO: Progress: 181000 / 242640 rows processed.
2026-10-06 23:46:59,892 INFO: Progress: 181500 / 242640 rows processed.
2026-10-06 23:47:43,501 INFO: Progress: 182000 / 242640 rows processed.
2026-10-06 23:48:33,388 INFO: Progress: 182500 / 242640 rows processed.
2026-10-06 23:49:30,499 INFO: Progress: 183000 / 242640 rows processed.
2026-10-06 23:50:20,869 INFO: Progress: 183500 / 242640 rows processed.
2026-10-06 23:51:06,603 INFO: Progress: 184000 / 242640 rows processed.
2026-10-06 23:51:58,831 INFO: Progress: 184500 / 242640 rows processed.
2026-10-06 23:52:40,427 INFO: Progress: 185000 / 242640 rows processed.
2026-10-06 23:53:25,248 INFO: Progress: 185500 / 242640 rows processed.
2026-10-06 23:54:12,382 INFO: Progress: 186000 / 242640 rows processed.
2026-10-06 23:54:58,813 INFO: Progress: 186500 / 242640 rows processed.
2026-10-06 23:55:58,811 INFO: Progress: 187000 / 242640 rows processed.
2026-10-06 23:56:45,207 INFO: Progress: 187500 / 242640 rows processed.
2026-10-06 23:57:28,466 INFO: Progress: 188000 / 242640 rows processed.
2026-10-06 23:58:19,081 INFO: Progress: 188500 / 242640 rows processed.
2026-10-06 23:59:14,756 INFO: Progress: 189000 / 242640 rows processed.
2026-10-06 23:59:57,621 INFO: Progress: 189500 / 242640 rows processed.
2026-10-07 00:00:58,017 INFO: Progress: 190000 / 242640 rows processed.
2026-10-07 00:01:45,529 INFO: Progress: 190500 / 242640 rows processed.
2026-10-07 00:02:30,892 INFO: Progress: 191000 / 242640 rows processed.
2026-10-07 00:03:21,927 INFO: Progress: 191500 / 242640 rows processed.
2026-10-07 00:04:10,039 INFO: Progress: 192000 / 242640 rows processed.
2026-10-07 00:05:12,692 INFO: Progress: 192500 / 242640 rows processed.
2026-10-07 00:06:07,419 INFO: Progress: 193000 / 242640 rows processed.
2026-10-07 00:06:58,995 INFO: Progress: 193500 / 242640 rows processed.
2026-10-07 00:07:58,648 INFO: Progress: 194000 / 242640 rows processed.
2026-10-07 00:08:50,289 INFO: Progress: 194500 / 242640 rows processed.
2026-10-07 00:09:32,934 INFO: Progress: 195000 / 242640 rows processed.
2026-10-07 00:10:19,941 INFO: Progress: 195500 / 242640 rows processed.
2026-10-07 00:11:12,858 INFO: Progress: 196000 / 242640 rows processed.
2026-10-07 00:12:06,301 INFO: Progress: 196500 / 242640 rows processed.
2026-10-07 00:13:04,889 INFO: Progress: 197000 / 242640 rows processed.
2026-10-07 00:13:50,940 INFO: Progress: 197500 / 242640 rows processed.
2026-10-07 00:14:47,351 INFO: Progress: 198000 / 242640 rows processed.
2026-10-07 00:15:46,969 INFO: Progress: 198500 / 242640 rows processed.
2026-10-07 00:16:36,717 INFO: Progress: 199000 / 242640 rows processed.
2026-10-07 00:17:36,456 INFO: Progress: 199500 / 242640 rows processed.
2026-10-07 00:18:23,286 INFO: Progress: 200000 / 242640 rows processed.
2026-10-07 00:19:27,157 INFO: Progress: 200500 / 242640 rows processed.
2026-10-07 00:20:22,129 INFO: Progress: 201000 / 242640 rows processed.
2026-10-07 00:21:16,888 INFO: Progress: 201500 / 242640 rows processed.
2026-10-07 00:22:07,221 INFO: Progress: 202000 / 242640 rows processed.
2026-10-07 00:22:58,798 INFO: Progress: 202500 / 242640 rows processed.
2026-10-07 00:24:00,949 INFO: Progress: 203000 / 242640 rows processed.
2026-10-07 00:24:49,459 INFO: Progress: 203500 / 242640 rows processed.
2026-10-07 00:25:40,996 INFO: Progress: 204000 / 242640 rows processed.
2026-10-07 00:26:30,440 INFO: Progress: 204500 / 242640 rows processed.
2026-10-07 00:27:29,150 INFO: Progress: 205000 / 242640 rows processed.
2026-10-07 00:28:23,390 INFO: Progress: 205500 / 242640 rows processed.
2026-10-07 00:29:17,775 INFO: Progress: 206000 / 242640 rows processed.
2026-10-07 00:30:04,348 INFO: Progress: 206500 / 242640 rows processed.
2026-10-07 00:31:05,453 INFO: Progress: 207000 / 242640 rows processed.
2026-10-07 00:32:01,636 INFO: Progress: 207500 / 242640 rows processed.
2026-10-07 00:32:52,846 INFO: Progress: 208000 / 242640 rows processed.
2026-10-07 00:33:40,099 INFO: Progress: 208500 / 242640 rows processed.
2026-10-07 00:34:26,645 INFO: Progress: 209000 / 242640 rows processed.
2026-10-07 00:35:30,737 INFO: Progress: 209500 / 242640 rows processed.
2026-10-07 00:36:24,073 INFO: Progress: 210000 / 242640 rows processed.
2026-10-07 00:37:06,920 INFO: Progress: 210500 / 242640 rows processed.
2026-10-07 00:37:47,187 INFO: Progress: 211000 / 242640 rows processed.
2026-10-07 00:39:15,380 INFO: Progress: 211500 / 242640 rows processed.
2026-10-07 00:40:36,652 INFO: Progress: 212000 / 242640 rows processed.
2026-10-07 00:42:06,118 INFO: Progress: 212500 / 242640 rows processed.
2026-10-07 00:43:41,587 INFO: Progress: 213000 / 242640 rows processed.
2026-10-07 00:44:53,747 INFO: Progress: 213500 / 242640 rows processed.
2026-10-07 00:46:12,896 INFO: Progress: 214000 / 242640 rows processed.
2026-10-07 00:47:49,965 INFO: Progress: 214500 / 242640 rows processed.
2026-10-07 00:49:13,130 INFO: Progress: 215000 / 242640 rows processed.
2026-10-07 00:50:52,647 INFO: Progress: 215500 / 242640 rows processed.
2026-10-07 00:52:18,184 INFO: Progress: 216000 / 242640 rows processed.
2026-10-07 00:53:51,865 INFO: Progress: 216500 / 242640 rows processed.
2026-10-07 00:55:23,742 INFO: Progress: 217000 / 242640 rows processed.
2026-10-07 00:56:58,010 INFO: Progress: 217500 / 242640 rows processed.
2026-10-07 00:58:13,912 INFO: Progress: 218000 / 242640 rows processed.
2026-10-07 00:59:31,532 INFO: Progress: 218500 / 242640 rows processed.
2026-10-07 01:01:05,173 INFO: Progress: 219000 / 242640 rows processed.
2026-10-07 01:02:25,583 INFO: Progress: 219500 / 242640 rows processed.
2026-10-07 01:03:44,396 INFO: Progress: 220000 / 242640 rows processed.
2026-10-07 01:05:13,434 INFO: Progress: 220500 / 242640 rows processed.
2026-10-07 01:06:28,757 INFO: Progress: 221000 / 242640 rows processed.
2026-10-07 01:08:03,867 INFO: Progress: 221500 / 242640 rows processed.
2026-10-07 01:09:30,541 INFO: Progress: 222000 / 242640 rows processed.
2026-10-07 01:10:57,863 INFO: Progress: 222500 / 242640 rows processed.
2026-10-07 01:12:09,405 INFO: Progress: 223000 / 242640 rows processed.
2026-10-07 01:13:23,994 INFO: Progress: 223500 / 242640 rows processed.
2026-10-07 01:14:57,768 INFO: Progress: 224000 / 242640 rows processed.
2026-10-07 01:16:39,552 INFO: Progress: 224500 / 242640 rows processed.
2026-10-07 01:18:05,778 INFO: Progress: 225000 / 242640 rows processed.
2026-10-07 01:19:38,153 INFO: Progress: 225500 / 242640 rows processed.
2026-10-07 01:20:50,036 INFO: Progress: 226000 / 242640 rows processed.
2026-10-07 01:22:03,236 INFO: Progress: 226500 / 242640 rows processed.
2026-10-07 01:23:20,945 INFO: Progress: 227000 / 242640 rows processed.
2026-10-07 01:24:54,194 INFO: Progress: 227500 / 242640 rows processed.
2026-10-07 01:26:29,949 INFO: Progress: 228000 / 242640 rows processed.
2026-10-07 01:27:56,814 INFO: Progress: 228500 / 242640 rows processed.
2026-10-07 01:29:06,352 INFO: Progress: 229000 / 242640 rows processed.
2026-10-07 01:30:00,764 INFO: Progress: 229500 / 242640 rows processed.
2026-10-07 01:31:36,107 INFO: Progress: 230000 / 242640 rows processed.
2026-10-07 01:32:58,709 INFO: Progress: 230500 / 242640 rows processed.
2026-10-07 01:34:52,589 INFO: Progress: 231000 / 242640 rows processed.
2026-10-07 01:36:16,342 INFO: Progress: 231500 / 242640 rows processed.
2026-10-07 01:37:39,753 INFO: Progress: 232000 / 242640 rows processed.
2026-10-07 01:39:10,972 INFO: Progress: 232500 / 242640 rows processed.
2026-10-07 01:40:49,332 INFO: Progress: 233000 / 242640 rows processed.
2026-10-07 01:42:06,479 INFO: Progress: 233500 / 242640 rows processed.
2026-10-07 01:43:31,968 INFO: Progress: 234000 / 242640 rows processed.
2026-10-07 01:44:56,302 INFO: Progress: 234500 / 242640 rows processed.
2026-10-07 01:46:16,420 INFO: Progress: 235000 / 242640 rows processed.
2026-10-07 01:47:23,717 INFO: Progress: 235500 / 242640 rows processed.
2026-10-07 01:48:52,828 INFO: Progress: 236000 / 242640 rows processed.
2026-10-07 01:50:11,454 INFO: Progress: 236500 / 242640 rows processed.
2026-10-07 01:51:48,350 INFO: Progress: 237000 / 242640 rows processed.
2026-10-07 01:53:17,265 INFO: Progress: 237500 / 242640 rows processed.
2026-10-07 01:55:11,074 INFO: Progress: 238000 / 242640 rows processed.
2026-10-07 01:56:19,171 INFO: Progress: 238500 / 242640 rows processed.
2026-10-07 01:57:40,480 INFO: Progress: 239000 / 242640 rows processed.
2026-10-07 01:59:09,045 INFO: Progress: 239500 / 242640 rows processed.
2026-10-07 02:00:23,845 INFO: Progress: 240000 / 242640 rows processed.
2026-10-07 02:01:51,480 INFO: Progress: 240500 / 242640 rows processed.
2026-10-07 02:03:06,940 INFO: Progress: 241000 / 242640 rows processed.
2026-10-07 02:04:36,685 INFO: Progress: 241500 / 242640 rows processed.
2026-10-07 02:06:09,646 INFO: Progress: 242000 / 242640 rows processed.
2026-10-07 02:07:35,260 INFO: Progress: 242500 / 242640 rows processed.
2026-10-07 02:08:20,821 INFO: Saved labeled.csv (242640 rows).
2026-10-07 02:08:22,958 INFO: Audit sample: 679 rows.
2026-10-07 02:08:22,959 INFO: Job phase1_gemma4_12b complete in 39480s.
