2026-10-07 13:08:56,655 INFO: Job phase1_deepseek_r1_distill_qwen_32b started.  Input: /scratch/gpfs/JORDANAT/mg9965/PromptControlText/artifacts/phase1_results_deepseek_r1_distill_qwen_32b.csv
2026-10-07 13:09:03,120 INFO: Loaded 242640 rows from /scratch/gpfs/JORDANAT/mg9965/PromptControlText/artifacts/phase1_results_deepseek_r1_distill_qwen_32b.csv
2026-10-07 13:09:03,121 INFO: Resuming: 0 rows already complete.
2026-10-07 13:09:12,671 INFO: 242640 rows to process.
2026-10-07 13:12:53,773 INFO: Progress: 500 / 242640 rows processed.
2026-10-07 13:15:42,658 INFO: Progress: 1000 / 242640 rows processed.
2026-10-07 13:18:32,133 INFO: Progress: 1500 / 242640 rows processed.
2026-10-07 13:21:36,548 INFO: Progress: 2000 / 242640 rows processed.
2026-10-07 13:24:34,730 INFO: Progress: 2500 / 242640 rows processed.
2026-10-07 13:27:39,851 INFO: Progress: 3000 / 242640 rows processed.
2026-10-07 13:30:22,717 INFO: Progress: 3500 / 242640 rows processed.
2026-10-07 13:33:14,797 INFO: Progress: 4000 / 242640 rows processed.
2026-10-07 13:36:02,605 INFO: Progress: 4500 / 242640 rows processed.
2026-10-07 13:39:14,396 INFO: Progress: 5000 / 242640 rows processed.
2026-10-07 13:42:25,480 INFO: Progress: 5500 / 242640 rows processed.
2026-10-07 13:45:34,787 INFO: Progress: 6000 / 242640 rows processed.
2026-10-07 13:48:46,246 INFO: Progress: 6500 / 242640 rows processed.
2026-10-07 13:51:54,192 INFO: Progress: 7000 / 242640 rows processed.
2026-10-07 13:54:36,844 INFO: Progress: 7500 / 242640 rows processed.
2026-10-07 13:57:27,396 INFO: Progress: 8000 / 242640 rows processed.
2026-10-07 14:00:26,684 INFO: Progress: 8500 / 242640 rows processed.
2026-10-07 14:03:33,904 INFO: Progress: 9000 / 242640 rows processed.
2026-10-07 14:06:14,849 INFO: Progress: 9500 / 242640 rows processed.
2026-10-07 14:09:26,608 INFO: Progress: 10000 / 242640 rows processed.
2026-10-07 14:12:34,380 INFO: Progress: 10500 / 242640 rows processed.
2026-10-07 14:15:30,127 INFO: Progress: 11000 / 242640 rows processed.
2026-10-07 14:17:57,002 INFO: Progress: 11500 / 242640 rows processed.
2026-10-07 14:20:46,396 INFO: Progress: 12000 / 242640 rows processed.
2026-10-07 14:23:21,731 INFO: Progress: 12500 / 242640 rows processed.
2026-10-07 14:26:29,672 INFO: Progress: 13000 / 242640 rows processed.
2026-10-07 14:29:29,559 INFO: Progress: 13500 / 242640 rows processed.
2026-10-07 14:32:43,844 INFO: Progress: 14000 / 242640 rows processed.
2026-10-07 14:35:27,182 INFO: Progress: 14500 / 242640 rows processed.
2026-10-07 14:37:46,211 INFO: Progress: 15000 / 242640 rows processed.
2026-10-07 14:40:25,532 INFO: Progress: 15500 / 242640 rows processed.
2026-10-07 14:42:45,335 INFO: Progress: 16000 / 242640 rows processed.
2026-10-07 14:45:55,483 INFO: Progress: 16500 / 242640 rows processed.
2026-10-07 14:49:04,374 INFO: Progress: 17000 / 242640 rows processed.
2026-10-07 14:52:23,805 INFO: Progress: 17500 / 242640 rows processed.
2026-10-07 14:55:20,528 INFO: Progress: 18000 / 242640 rows processed.
2026-10-07 14:57:56,805 INFO: Progress: 18500 / 242640 rows processed.
2026-10-07 15:00:56,824 INFO: Progress: 19000 / 242640 rows processed.
2026-10-07 15:03:22,790 INFO: Progress: 19500 / 242640 rows processed.
2026-10-07 15:06:13,085 INFO: Progress: 20000 / 242640 rows processed.
2026-10-07 15:08:51,581 INFO: Progress: 20500 / 242640 rows processed.
2026-10-07 15:11:23,083 INFO: Progress: 21000 / 242640 rows processed.
2026-10-07 15:14:14,511 INFO: Progress: 21500 / 242640 rows processed.
2026-10-07 15:16:58,875 INFO: Progress: 22000 / 242640 rows processed.
2026-10-07 15:19:45,454 INFO: Progress: 22500 / 242640 rows processed.
2026-10-07 15:22:29,294 INFO: Progress: 23000 / 242640 rows processed.
2026-10-07 15:25:06,147 INFO: Progress: 23500 / 242640 rows processed.
2026-10-07 15:27:12,012 INFO: Progress: 24000 / 242640 rows processed.
2026-10-07 15:29:21,074 INFO: Progress: 24500 / 242640 rows processed.
2026-10-07 15:31:34,514 INFO: Progress: 25000 / 242640 rows processed.
2026-10-07 15:34:18,869 INFO: Progress: 25500 / 242640 rows processed.
2026-10-07 15:37:11,826 INFO: Progress: 26000 / 242640 rows processed.
2026-10-07 15:40:05,253 INFO: Progress: 26500 / 242640 rows processed.
2026-10-07 15:42:50,948 INFO: Progress: 27000 / 242640 rows processed.
2026-10-07 15:45:16,835 INFO: Progress: 27500 / 242640 rows processed.
2026-10-07 15:47:32,380 INFO: Progress: 28000 / 242640 rows processed.
2026-10-07 15:49:40,429 INFO: Progress: 28500 / 242640 rows processed.
2026-10-07 15:52:22,339 INFO: Progress: 29000 / 242640 rows processed.
2026-10-07 15:54:53,880 INFO: Progress: 29500 / 242640 rows processed.
2026-10-07 15:57:30,351 INFO: Progress: 30000 / 242640 rows processed.
2026-10-07 15:59:50,662 INFO: Progress: 30500 / 242640 rows processed.
2026-10-07 16:02:59,228 INFO: Progress: 31000 / 242640 rows processed.
2026-10-07 16:05:46,674 INFO: Progress: 31500 / 242640 rows processed.
2026-10-07 16:08:39,689 INFO: Progress: 32000 / 242640 rows processed.
2026-10-07 16:11:39,096 INFO: Progress: 32500 / 242640 rows processed.
2026-10-07 16:14:50,861 INFO: Progress: 33000 / 242640 rows processed.
2026-10-07 16:17:38,899 INFO: Progress: 33500 / 242640 rows processed.
2026-10-07 16:21:03,830 INFO: Progress: 34000 / 242640 rows processed.
2026-10-07 16:24:01,128 INFO: Progress: 34500 / 242640 rows processed.
2026-10-07 16:26:27,582 INFO: Progress: 35000 / 242640 rows processed.
2026-10-07 16:29:07,126 INFO: Progress: 35500 / 242640 rows processed.
2026-10-07 16:31:41,795 INFO: Progress: 36000 / 242640 rows processed.
2026-10-07 16:34:33,911 INFO: Progress: 36500 / 242640 rows processed.
2026-10-07 16:37:07,784 INFO: Progress: 37000 / 242640 rows processed.
2026-10-07 16:39:59,089 INFO: Progress: 37500 / 242640 rows processed.
2026-10-07 16:43:04,652 INFO: Progress: 38000 / 242640 rows processed.
2026-10-07 16:45:59,670 INFO: Progress: 38500 / 242640 rows processed.
2026-10-07 16:49:02,317 INFO: Progress: 39000 / 242640 rows processed.
2026-10-07 16:51:44,448 INFO: Progress: 39500 / 242640 rows processed.
2026-10-07 16:54:29,615 INFO: Progress: 40000 / 242640 rows processed.
2026-10-07 16:57:01,287 INFO: Progress: 40500 / 242640 rows processed.
2026-10-07 17:00:02,284 INFO: Progress: 41000 / 242640 rows processed.
2026-10-07 17:03:08,746 INFO: Progress: 41500 / 242640 rows processed.
2026-10-07 17:06:13,302 INFO: Progress: 42000 / 242640 rows processed.
2026-10-07 17:09:17,356 INFO: Progress: 42500 / 242640 rows processed.
2026-10-07 17:12:03,718 INFO: Progress: 43000 / 242640 rows processed.
2026-10-07 17:14:53,047 INFO: Progress: 43500 / 242640 rows processed.
2026-10-07 17:17:59,257 INFO: Progress: 44000 / 242640 rows processed.
2026-10-07 17:20:56,909 INFO: Progress: 44500 / 242640 rows processed.
2026-10-07 17:23:43,946 INFO: Progress: 45000 / 242640 rows processed.
2026-10-07 17:26:54,993 INFO: Progress: 45500 / 242640 rows processed.
2026-10-07 17:30:03,928 INFO: Progress: 46000 / 242640 rows processed.
2026-10-07 17:32:55,092 INFO: Progress: 46500 / 242640 rows processed.
2026-10-07 17:35:39,527 INFO: Progress: 47000 / 242640 rows processed.
2026-10-07 17:38:28,819 INFO: Progress: 47500 / 242640 rows processed.
2026-10-07 17:41:24,176 INFO: Progress: 48000 / 242640 rows processed.
2026-10-07 17:44:11,258 INFO: Progress: 48500 / 242640 rows processed.
2026-10-07 17:47:05,896 INFO: Progress: 49000 / 242640 rows processed.
2026-10-07 17:49:59,965 INFO: Progress: 49500 / 242640 rows processed.
2026-10-07 17:52:53,324 INFO: Progress: 50000 / 242640 rows processed.
2026-10-07 17:55:36,721 INFO: Progress: 50500 / 242640 rows processed.
2026-10-07 17:58:18,687 INFO: Progress: 51000 / 242640 rows processed.
2026-10-07 18:00:57,255 INFO: Progress: 51500 / 242640 rows processed.
2026-10-07 18:03:36,995 INFO: Progress: 52000 / 242640 rows processed.
2026-10-07 18:06:13,628 INFO: Progress: 52500 / 242640 rows processed.
2026-10-07 18:08:53,972 INFO: Progress: 53000 / 242640 rows processed.
2026-10-07 18:11:33,494 INFO: Progress: 53500 / 242640 rows processed.
2026-10-07 18:14:10,972 INFO: Progress: 54000 / 242640 rows processed.
2026-10-07 18:17:04,764 INFO: Progress: 54500 / 242640 rows processed.
2026-10-07 18:19:51,476 INFO: Progress: 55000 / 242640 rows processed.
2026-10-07 18:22:30,131 INFO: Progress: 55500 / 242640 rows processed.
2026-10-07 18:25:02,324 INFO: Progress: 56000 / 242640 rows processed.
2026-10-07 18:27:28,768 INFO: Progress: 56500 / 242640 rows processed.
2026-10-07 18:30:30,473 INFO: Progress: 57000 / 242640 rows processed.
2026-10-07 18:33:28,408 INFO: Progress: 57500 / 242640 rows processed.
2026-10-07 18:36:25,369 INFO: Progress: 58000 / 242640 rows processed.
2026-10-07 18:39:09,507 INFO: Progress: 58500 / 242640 rows processed.
2026-10-07 18:42:04,512 INFO: Progress: 59000 / 242640 rows processed.
2026-10-07 18:44:51,906 INFO: Progress: 59500 / 242640 rows processed.
2026-10-07 18:47:07,646 INFO: Progress: 60000 / 242640 rows processed.
2026-10-07 18:50:19,153 INFO: Progress: 60500 / 242640 rows processed.
2026-10-07 18:53:07,718 INFO: Progress: 61000 / 242640 rows processed.
2026-10-07 18:55:36,834 INFO: Progress: 61500 / 242640 rows processed.
2026-10-07 18:58:01,718 INFO: Progress: 62000 / 242640 rows processed.
2026-10-07 19:00:38,033 INFO: Progress: 62500 / 242640 rows processed.
2026-10-07 19:03:23,731 INFO: Progress: 63000 / 242640 rows processed.
2026-10-07 19:05:50,796 INFO: Progress: 63500 / 242640 rows processed.
2026-10-07 19:08:29,758 INFO: Progress: 64000 / 242640 rows processed.
2026-10-07 19:11:04,985 INFO: Progress: 64500 / 242640 rows processed.
2026-10-07 19:13:34,399 INFO: Progress: 65000 / 242640 rows processed.
2026-10-07 19:16:19,771 INFO: Progress: 65500 / 242640 rows processed.
2026-10-07 19:18:54,746 INFO: Progress: 66000 / 242640 rows processed.
2026-10-07 19:21:41,230 INFO: Progress: 66500 / 242640 rows processed.
2026-10-07 19:24:28,681 INFO: Progress: 67000 / 242640 rows processed.
2026-10-07 19:27:12,655 INFO: Progress: 67500 / 242640 rows processed.
2026-10-07 19:29:31,055 INFO: Progress: 68000 / 242640 rows processed.
2026-10-07 19:32:18,978 INFO: Progress: 68500 / 242640 rows processed.
2026-10-07 19:35:10,809 INFO: Progress: 69000 / 242640 rows processed.
2026-10-07 19:37:47,042 INFO: Progress: 69500 / 242640 rows processed.
2026-10-07 19:40:33,601 INFO: Progress: 70000 / 242640 rows processed.
2026-10-07 19:43:03,010 INFO: Progress: 70500 / 242640 rows processed.
2026-10-07 19:45:41,037 INFO: Progress: 71000 / 242640 rows processed.
2026-10-07 19:48:30,162 INFO: Progress: 71500 / 242640 rows processed.
2026-10-07 19:51:20,632 INFO: Progress: 72000 / 242640 rows processed.
2026-10-07 19:53:48,032 INFO: Progress: 72500 / 242640 rows processed.
2026-10-07 19:56:08,866 INFO: Progress: 73000 / 242640 rows processed.
2026-10-07 19:58:44,085 INFO: Progress: 73500 / 242640 rows processed.
2026-10-07 20:01:29,465 INFO: Progress: 74000 / 242640 rows processed.
2026-10-07 20:03:47,270 INFO: Progress: 74500 / 242640 rows processed.
2026-10-07 20:06:21,457 INFO: Progress: 75000 / 242640 rows processed.
2026-10-07 20:08:57,328 INFO: Progress: 75500 / 242640 rows processed.
2026-10-07 20:11:33,691 INFO: Progress: 76000 / 242640 rows processed.
2026-10-07 20:13:56,414 INFO: Progress: 76500 / 242640 rows processed.
2026-10-07 20:16:37,336 INFO: Progress: 77000 / 242640 rows processed.
2026-10-07 20:19:13,732 INFO: Progress: 77500 / 242640 rows processed.
2026-10-07 20:21:45,965 INFO: Progress: 78000 / 242640 rows processed.
2026-10-07 20:24:19,853 INFO: Progress: 78500 / 242640 rows processed.
2026-10-07 20:26:46,063 INFO: Progress: 79000 / 242640 rows processed.
2026-10-07 20:29:16,561 INFO: Progress: 79500 / 242640 rows processed.
2026-10-07 20:31:58,573 INFO: Progress: 80000 / 242640 rows processed.
2026-10-07 20:34:43,135 INFO: Progress: 80500 / 242640 rows processed.
2026-10-07 20:37:22,018 INFO: Progress: 81000 / 242640 rows processed.
2026-10-07 20:39:48,810 INFO: Progress: 81500 / 242640 rows processed.
2026-10-07 20:42:28,836 INFO: Progress: 82000 / 242640 rows processed.
2026-10-07 20:45:01,787 INFO: Progress: 82500 / 242640 rows processed.
2026-10-07 20:47:37,647 INFO: Progress: 83000 / 242640 rows processed.
2026-10-07 20:50:09,736 INFO: Progress: 83500 / 242640 rows processed.
2026-10-07 20:52:47,347 INFO: Progress: 84000 / 242640 rows processed.
2026-10-07 20:55:39,536 INFO: Progress: 84500 / 242640 rows processed.
2026-10-07 20:58:07,813 INFO: Progress: 85000 / 242640 rows processed.
2026-10-07 21:00:53,625 INFO: Progress: 85500 / 242640 rows processed.
2026-10-07 21:03:28,807 INFO: Progress: 86000 / 242640 rows processed.
2026-10-07 21:06:11,311 INFO: Progress: 86500 / 242640 rows processed.
2026-10-07 21:08:45,977 INFO: Progress: 87000 / 242640 rows processed.
2026-10-07 21:11:26,233 INFO: Progress: 87500 / 242640 rows processed.
2026-10-07 21:14:06,642 INFO: Progress: 88000 / 242640 rows processed.
2026-10-07 21:16:45,675 INFO: Progress: 88500 / 242640 rows processed.
2026-10-07 21:19:20,655 INFO: Progress: 89000 / 242640 rows processed.
2026-10-07 21:21:58,391 INFO: Progress: 89500 / 242640 rows processed.
2026-10-07 21:24:42,992 INFO: Progress: 90000 / 242640 rows processed.
2026-10-07 21:27:29,038 INFO: Progress: 90500 / 242640 rows processed.
2026-10-07 21:30:06,060 INFO: Progress: 91000 / 242640 rows processed.
2026-10-07 21:32:48,464 INFO: Progress: 91500 / 242640 rows processed.
2026-10-07 21:35:30,551 INFO: Progress: 92000 / 242640 rows processed.
2026-10-07 21:37:58,113 INFO: Progress: 92500 / 242640 rows processed.
2026-10-07 21:40:28,469 INFO: Progress: 93000 / 242640 rows processed.
2026-10-07 21:43:01,687 INFO: Progress: 93500 / 242640 rows processed.
2026-10-07 21:45:47,993 INFO: Progress: 94000 / 242640 rows processed.
2026-10-07 21:48:20,236 INFO: Progress: 94500 / 242640 rows processed.
2026-10-07 21:50:58,358 INFO: Progress: 95000 / 242640 rows processed.
2026-10-07 21:53:37,239 INFO: Progress: 95500 / 242640 rows processed.
2026-10-07 21:56:17,213 INFO: Progress: 96000 / 242640 rows processed.
2026-10-07 21:58:43,761 INFO: Progress: 96500 / 242640 rows processed.
2026-10-07 22:01:20,600 INFO: Progress: 97000 / 242640 rows processed.
2026-10-07 22:04:05,553 INFO: Progress: 97500 / 242640 rows processed.
2026-10-07 22:06:40,015 INFO: Progress: 98000 / 242640 rows processed.
2026-10-07 22:09:18,438 INFO: Progress: 98500 / 242640 rows processed.
2026-10-07 22:11:58,708 INFO: Progress: 99000 / 242640 rows processed.
2026-10-07 22:14:46,421 INFO: Progress: 99500 / 242640 rows processed.
2026-10-07 22:17:32,404 INFO: Progress: 100000 / 242640 rows processed.
2026-10-07 22:20:06,488 INFO: Progress: 100500 / 242640 rows processed.
2026-10-07 22:22:40,189 INFO: Progress: 101000 / 242640 rows processed.
2026-10-07 22:25:16,933 INFO: Progress: 101500 / 242640 rows processed.
2026-10-07 22:27:41,603 INFO: Progress: 102000 / 242640 rows processed.
2026-10-07 22:30:21,759 INFO: Progress: 102500 / 242640 rows processed.
2026-10-07 22:33:02,855 INFO: Progress: 103000 / 242640 rows processed.
2026-10-07 22:35:35,810 INFO: Progress: 103500 / 242640 rows processed.
2026-10-07 22:38:16,584 INFO: Progress: 104000 / 242640 rows processed.
2026-10-07 22:40:50,553 INFO: Progress: 104500 / 242640 rows processed.
2026-10-07 22:43:30,705 INFO: Progress: 105000 / 242640 rows processed.
2026-10-07 22:46:08,024 INFO: Progress: 105500 / 242640 rows processed.
2026-10-07 22:48:45,584 INFO: Progress: 106000 / 242640 rows processed.
2026-10-07 22:51:21,001 INFO: Progress: 106500 / 242640 rows processed.
2026-10-07 22:54:05,014 INFO: Progress: 107000 / 242640 rows processed.
2026-10-07 22:56:50,234 INFO: Progress: 107500 / 242640 rows processed.
2026-10-07 22:59:40,240 INFO: Progress: 108000 / 242640 rows processed.
2026-10-07 23:02:28,594 INFO: Progress: 108500 / 242640 rows processed.
2026-10-07 23:05:03,938 INFO: Progress: 109000 / 242640 rows processed.
2026-10-07 23:07:40,380 INFO: Progress: 109500 / 242640 rows processed.
2026-10-07 23:10:26,110 INFO: Progress: 110000 / 242640 rows processed.
2026-10-07 23:13:04,736 INFO: Progress: 110500 / 242640 rows processed.
2026-10-07 23:15:45,452 INFO: Progress: 111000 / 242640 rows processed.
2026-10-07 23:18:22,761 INFO: Progress: 111500 / 242640 rows processed.
2026-10-07 23:20:55,877 INFO: Progress: 112000 / 242640 rows processed.
2026-10-07 23:23:44,016 INFO: Progress: 112500 / 242640 rows processed.
2026-10-07 23:26:18,286 INFO: Progress: 113000 / 242640 rows processed.
2026-10-07 23:28:45,054 INFO: Progress: 113500 / 242640 rows processed.
2026-10-07 23:31:08,054 INFO: Progress: 114000 / 242640 rows processed.
2026-10-07 23:33:46,956 INFO: Progress: 114500 / 242640 rows processed.
2026-10-07 23:36:34,620 INFO: Progress: 115000 / 242640 rows processed.
2026-10-07 23:39:13,170 INFO: Progress: 115500 / 242640 rows processed.
2026-10-07 23:41:48,550 INFO: Progress: 116000 / 242640 rows processed.
2026-10-07 23:44:18,955 INFO: Progress: 116500 / 242640 rows processed.
2026-10-07 23:47:00,658 INFO: Progress: 117000 / 242640 rows processed.
2026-10-07 23:49:35,796 INFO: Progress: 117500 / 242640 rows processed.
2026-10-07 23:52:08,114 INFO: Progress: 118000 / 242640 rows processed.
2026-10-07 23:54:47,630 INFO: Progress: 118500 / 242640 rows processed.
2026-10-07 23:57:30,925 INFO: Progress: 119000 / 242640 rows processed.
2026-10-08 00:00:05,746 INFO: Progress: 119500 / 242640 rows processed.
2026-10-08 00:02:48,404 INFO: Progress: 120000 / 242640 rows processed.
2026-10-08 00:05:23,199 INFO: Progress: 120500 / 242640 rows processed.
2026-10-08 00:07:51,089 INFO: Progress: 121000 / 242640 rows processed.
2026-10-08 00:10:30,825 INFO: Progress: 121500 / 242640 rows processed.
2026-10-08 00:13:04,402 INFO: Progress: 122000 / 242640 rows processed.
2026-10-08 00:15:32,976 INFO: Progress: 122500 / 242640 rows processed.
2026-10-08 00:18:25,049 INFO: Progress: 123000 / 242640 rows processed.
2026-10-08 00:20:53,015 INFO: Progress: 123500 / 242640 rows processed.
2026-10-08 00:23:39,183 INFO: Progress: 124000 / 242640 rows processed.
2026-10-08 00:26:01,782 INFO: Progress: 124500 / 242640 rows processed.
2026-10-08 00:28:34,067 INFO: Progress: 125000 / 242640 rows processed.
2026-10-08 00:31:15,711 INFO: Progress: 125500 / 242640 rows processed.
2026-10-08 00:34:09,014 INFO: Progress: 126000 / 242640 rows processed.
2026-10-08 00:36:41,667 INFO: Progress: 126500 / 242640 rows processed.
2026-10-08 00:39:25,211 INFO: Progress: 127000 / 242640 rows processed.
2026-10-08 00:41:58,502 INFO: Progress: 127500 / 242640 rows processed.
2026-10-08 00:44:35,945 INFO: Progress: 128000 / 242640 rows processed.
2026-10-08 00:47:03,538 INFO: Progress: 128500 / 242640 rows processed.
2026-10-08 00:49:27,703 INFO: Progress: 129000 / 242640 rows processed.
2026-10-08 00:51:56,762 INFO: Progress: 129500 / 242640 rows processed.
2026-10-08 00:54:32,611 INFO: Progress: 130000 / 242640 rows processed.
2026-10-08 00:56:59,936 INFO: Progress: 130500 / 242640 rows processed.
2026-10-08 00:59:35,458 INFO: Progress: 131000 / 242640 rows processed.
2026-10-08 01:01:52,063 INFO: Progress: 131500 / 242640 rows processed.
2026-10-08 01:04:33,321 INFO: Progress: 132000 / 242640 rows processed.
2026-10-08 01:07:15,947 INFO: Progress: 132500 / 242640 rows processed.
2026-10-08 01:09:45,895 INFO: Progress: 133000 / 242640 rows processed.
2026-10-08 01:12:15,227 INFO: Progress: 133500 / 242640 rows processed.
2026-10-08 01:14:46,776 INFO: Progress: 134000 / 242640 rows processed.
2026-10-08 01:17:08,169 INFO: Progress: 134500 / 242640 rows processed.
2026-10-08 01:19:54,420 INFO: Progress: 135000 / 242640 rows processed.
2026-10-08 01:22:37,706 INFO: Progress: 135500 / 242640 rows processed.
2026-10-08 01:25:06,296 INFO: Progress: 136000 / 242640 rows processed.
2026-10-08 01:27:23,276 INFO: Progress: 136500 / 242640 rows processed.
2026-10-08 01:29:58,617 INFO: Progress: 137000 / 242640 rows processed.
2026-10-08 01:32:27,901 INFO: Progress: 137500 / 242640 rows processed.
2026-10-08 01:35:02,822 INFO: Progress: 138000 / 242640 rows processed.
2026-10-08 01:37:39,866 INFO: Progress: 138500 / 242640 rows processed.
2026-10-08 01:40:08,392 INFO: Progress: 139000 / 242640 rows processed.
2026-10-08 01:42:52,742 INFO: Progress: 139500 / 242640 rows processed.
2026-10-08 01:45:17,093 INFO: Progress: 140000 / 242640 rows processed.
2026-10-08 01:47:53,092 INFO: Progress: 140500 / 242640 rows processed.
2026-10-08 01:50:25,900 INFO: Progress: 141000 / 242640 rows processed.
2026-10-08 01:53:10,473 INFO: Progress: 141500 / 242640 rows processed.
2026-10-08 01:55:57,869 INFO: Progress: 142000 / 242640 rows processed.
2026-10-08 01:58:30,147 INFO: Progress: 142500 / 242640 rows processed.
2026-10-08 02:01:10,948 INFO: Progress: 143000 / 242640 rows processed.
2026-10-08 02:03:39,623 INFO: Progress: 143500 / 242640 rows processed.
2026-10-08 02:06:11,694 INFO: Progress: 144000 / 242640 rows processed.
2026-10-08 02:08:50,953 INFO: Progress: 144500 / 242640 rows processed.
2026-10-08 02:11:25,797 INFO: Progress: 145000 / 242640 rows processed.
2026-10-08 02:14:07,420 INFO: Progress: 145500 / 242640 rows processed.
2026-10-08 02:16:51,441 INFO: Progress: 146000 / 242640 rows processed.
2026-10-08 02:19:21,489 INFO: Progress: 146500 / 242640 rows processed.
2026-10-08 02:22:04,412 INFO: Progress: 147000 / 242640 rows processed.
2026-10-08 02:24:33,261 INFO: Progress: 147500 / 242640 rows processed.
2026-10-08 02:27:24,167 INFO: Progress: 148000 / 242640 rows processed.
2026-10-08 02:29:58,852 INFO: Progress: 148500 / 242640 rows processed.
2026-10-08 02:32:24,982 INFO: Progress: 149000 / 242640 rows processed.
2026-10-08 02:35:04,647 INFO: Progress: 149500 / 242640 rows processed.
2026-10-08 02:37:45,729 INFO: Progress: 150000 / 242640 rows processed.
2026-10-08 02:40:22,415 INFO: Progress: 150500 / 242640 rows processed.
2026-10-08 02:42:53,357 INFO: Progress: 151000 / 242640 rows processed.
2026-10-08 02:45:17,048 INFO: Progress: 151500 / 242640 rows processed.
2026-10-08 02:47:58,542 INFO: Progress: 152000 / 242640 rows processed.
2026-10-08 02:50:30,072 INFO: Progress: 152500 / 242640 rows processed.
2026-10-08 02:52:59,023 INFO: Progress: 153000 / 242640 rows processed.
2026-10-08 02:55:40,441 INFO: Progress: 153500 / 242640 rows processed.
2026-10-08 02:58:19,801 INFO: Progress: 154000 / 242640 rows processed.
2026-10-08 03:01:04,959 INFO: Progress: 154500 / 242640 rows processed.
2026-10-08 03:03:32,214 INFO: Progress: 155000 / 242640 rows processed.
2026-10-08 03:06:12,637 INFO: Progress: 155500 / 242640 rows processed.
2026-10-08 03:08:52,624 INFO: Progress: 156000 / 242640 rows processed.
2026-10-08 03:11:30,684 INFO: Progress: 156500 / 242640 rows processed.
2026-10-08 03:14:04,843 INFO: Progress: 157000 / 242640 rows processed.
2026-10-08 03:16:44,787 INFO: Progress: 157500 / 242640 rows processed.
2026-10-08 03:19:25,430 INFO: Progress: 158000 / 242640 rows processed.
2026-10-08 03:22:02,588 INFO: Progress: 158500 / 242640 rows processed.
2026-10-08 03:24:36,862 INFO: Progress: 159000 / 242640 rows processed.
2026-10-08 03:27:16,501 INFO: Progress: 159500 / 242640 rows processed.
2026-10-08 03:29:53,029 INFO: Progress: 160000 / 242640 rows processed.
2026-10-08 03:32:34,844 INFO: Progress: 160500 / 242640 rows processed.
2026-10-08 03:35:17,284 INFO: Progress: 161000 / 242640 rows processed.
2026-10-08 03:37:50,009 INFO: Progress: 161500 / 242640 rows processed.
2026-10-08 03:40:32,303 INFO: Progress: 162000 / 242640 rows processed.
2026-10-08 03:43:02,958 INFO: Progress: 162500 / 242640 rows processed.
2026-10-08 03:45:34,564 INFO: Progress: 163000 / 242640 rows processed.
2026-10-08 03:48:16,303 INFO: Progress: 163500 / 242640 rows processed.
2026-10-08 03:51:05,070 INFO: Progress: 164000 / 242640 rows processed.
2026-10-08 03:53:52,985 INFO: Progress: 164500 / 242640 rows processed.
2026-10-08 03:56:25,063 INFO: Progress: 165000 / 242640 rows processed.
2026-10-08 03:58:53,617 INFO: Progress: 165500 / 242640 rows processed.
2026-10-08 04:01:38,219 INFO: Progress: 166000 / 242640 rows processed.
2026-10-08 04:04:19,125 INFO: Progress: 166500 / 242640 rows processed.
2026-10-08 04:07:09,492 INFO: Progress: 167000 / 242640 rows processed.
2026-10-08 04:09:49,034 INFO: Progress: 167500 / 242640 rows processed.
2026-10-08 04:12:15,822 INFO: Progress: 168000 / 242640 rows processed.
2026-10-08 04:14:51,604 INFO: Progress: 168500 / 242640 rows processed.
2026-10-08 04:17:24,231 INFO: Progress: 169000 / 242640 rows processed.
2026-10-08 04:20:01,817 INFO: Progress: 169500 / 242640 rows processed.
2026-10-08 04:22:46,220 INFO: Progress: 170000 / 242640 rows processed.
2026-10-08 04:25:33,419 INFO: Progress: 170500 / 242640 rows processed.
2026-10-08 04:28:06,850 INFO: Progress: 171000 / 242640 rows processed.
2026-10-08 04:30:40,243 INFO: Progress: 171500 / 242640 rows processed.
2026-10-08 04:33:19,591 INFO: Progress: 172000 / 242640 rows processed.
2026-10-08 04:36:00,489 INFO: Progress: 172500 / 242640 rows processed.
2026-10-08 04:38:35,434 INFO: Progress: 173000 / 242640 rows processed.
2026-10-08 04:41:19,061 INFO: Progress: 173500 / 242640 rows processed.
2026-10-08 04:43:54,273 INFO: Progress: 174000 / 242640 rows processed.
2026-10-08 04:46:26,463 INFO: Progress: 174500 / 242640 rows processed.
2026-10-08 04:48:52,889 INFO: Progress: 175000 / 242640 rows processed.
2026-10-08 04:51:19,200 INFO: Progress: 175500 / 242640 rows processed.
2026-10-08 04:53:43,033 INFO: Progress: 176000 / 242640 rows processed.
2026-10-08 04:55:48,274 INFO: Progress: 176500 / 242640 rows processed.
2026-10-08 04:57:57,082 INFO: Progress: 177000 / 242640 rows processed.
2026-10-08 05:00:03,231 INFO: Progress: 177500 / 242640 rows processed.
2026-10-08 05:02:16,438 INFO: Progress: 178000 / 242640 rows processed.
2026-10-08 05:04:17,006 INFO: Progress: 178500 / 242640 rows processed.
2026-10-08 05:06:40,580 INFO: Progress: 179000 / 242640 rows processed.
2026-10-08 05:08:45,232 INFO: Progress: 179500 / 242640 rows processed.
2026-10-08 05:11:00,448 INFO: Progress: 180000 / 242640 rows processed.
2026-10-08 05:13:13,644 INFO: Progress: 180500 / 242640 rows processed.
2026-10-08 05:15:24,525 INFO: Progress: 181000 / 242640 rows processed.
2026-10-08 05:17:41,379 INFO: Progress: 181500 / 242640 rows processed.
2026-10-08 05:19:31,157 INFO: Progress: 182000 / 242640 rows processed.
2026-10-08 05:21:46,858 INFO: Progress: 182500 / 242640 rows processed.
2026-10-08 05:23:56,501 INFO: Progress: 183000 / 242640 rows processed.
2026-10-08 05:26:08,308 INFO: Progress: 183500 / 242640 rows processed.
2026-10-08 05:28:08,285 INFO: Progress: 184000 / 242640 rows processed.
2026-10-08 05:30:05,574 INFO: Progress: 184500 / 242640 rows processed.
2026-10-08 05:32:03,024 INFO: Progress: 185000 / 242640 rows processed.
2026-10-08 05:34:14,982 INFO: Progress: 185500 / 242640 rows processed.
2026-10-08 05:36:13,220 INFO: Progress: 186000 / 242640 rows processed.
2026-10-08 05:38:28,464 INFO: Progress: 186500 / 242640 rows processed.
2026-10-08 05:40:43,607 INFO: Progress: 187000 / 242640 rows processed.
2026-10-08 05:42:44,394 INFO: Progress: 187500 / 242640 rows processed.
2026-10-08 05:44:54,729 INFO: Progress: 188000 / 242640 rows processed.
2026-10-08 05:46:52,985 INFO: Progress: 188500 / 242640 rows processed.
2026-10-08 05:49:00,109 INFO: Progress: 189000 / 242640 rows processed.
2026-10-08 05:50:59,708 INFO: Progress: 189500 / 242640 rows processed.
2026-10-08 05:53:15,931 INFO: Progress: 190000 / 242640 rows processed.
2026-10-08 05:55:16,848 INFO: Progress: 190500 / 242640 rows processed.
2026-10-08 05:57:20,844 INFO: Progress: 191000 / 242640 rows processed.
2026-10-08 05:59:34,681 INFO: Progress: 191500 / 242640 rows processed.
2026-10-08 06:01:34,873 INFO: Progress: 192000 / 242640 rows processed.
2026-10-08 06:03:44,830 INFO: Progress: 192500 / 242640 rows processed.
2026-10-08 06:05:49,229 INFO: Progress: 193000 / 242640 rows processed.
2026-10-08 06:07:55,282 INFO: Progress: 193500 / 242640 rows processed.
2026-10-08 06:10:04,697 INFO: Progress: 194000 / 242640 rows processed.
2026-10-08 06:12:25,252 INFO: Progress: 194500 / 242640 rows processed.
2026-10-08 06:14:32,059 INFO: Progress: 195000 / 242640 rows processed.
2026-10-08 06:16:31,498 INFO: Progress: 195500 / 242640 rows processed.
2026-10-08 06:18:50,380 INFO: Progress: 196000 / 242640 rows processed.
2026-10-08 06:21:09,843 INFO: Progress: 196500 / 242640 rows processed.
2026-10-08 06:23:15,059 INFO: Progress: 197000 / 242640 rows processed.
2026-10-08 06:25:23,930 INFO: Progress: 197500 / 242640 rows processed.
2026-10-08 06:27:35,160 INFO: Progress: 198000 / 242640 rows processed.
2026-10-08 06:29:50,240 INFO: Progress: 198500 / 242640 rows processed.
2026-10-08 06:32:00,496 INFO: Progress: 199000 / 242640 rows processed.
2026-10-08 06:34:01,914 INFO: Progress: 199500 / 242640 rows processed.
2026-10-08 06:36:02,823 INFO: Progress: 200000 / 242640 rows processed.
2026-10-08 06:38:21,232 INFO: Progress: 200500 / 242640 rows processed.
2026-10-08 06:40:35,436 INFO: Progress: 201000 / 242640 rows processed.
2026-10-08 06:42:41,088 INFO: Progress: 201500 / 242640 rows processed.
2026-10-08 06:44:50,542 INFO: Progress: 202000 / 242640 rows processed.
2026-10-08 06:46:58,658 INFO: Progress: 202500 / 242640 rows processed.
2026-10-08 06:49:24,043 INFO: Progress: 203000 / 242640 rows processed.
2026-10-08 06:51:26,676 INFO: Progress: 203500 / 242640 rows processed.
2026-10-08 06:53:36,217 INFO: Progress: 204000 / 242640 rows processed.
2026-10-08 06:55:39,189 INFO: Progress: 204500 / 242640 rows processed.
2026-10-08 06:57:58,216 INFO: Progress: 205000 / 242640 rows processed.
2026-10-08 07:00:29,781 INFO: Progress: 205500 / 242640 rows processed.
2026-10-08 07:02:44,234 INFO: Progress: 206000 / 242640 rows processed.
2026-10-08 07:04:52,692 INFO: Progress: 206500 / 242640 rows processed.
2026-10-08 07:07:15,881 INFO: Progress: 207000 / 242640 rows processed.
2026-10-08 07:09:35,741 INFO: Progress: 207500 / 242640 rows processed.
2026-10-08 07:11:47,622 INFO: Progress: 208000 / 242640 rows processed.
2026-10-08 07:14:08,864 INFO: Progress: 208500 / 242640 rows processed.
2026-10-08 07:16:16,296 INFO: Progress: 209000 / 242640 rows processed.
2026-10-08 07:18:29,128 INFO: Progress: 209500 / 242640 rows processed.
2026-10-08 07:20:40,718 INFO: Progress: 210000 / 242640 rows processed.
2026-10-08 07:22:44,066 INFO: Progress: 210500 / 242640 rows processed.
2026-10-08 07:24:37,948 INFO: Progress: 211000 / 242640 rows processed.
2026-10-08 07:26:55,833 INFO: Progress: 211500 / 242640 rows processed.
2026-10-08 07:29:26,653 INFO: Progress: 212000 / 242640 rows processed.
2026-10-08 07:31:45,974 INFO: Progress: 212500 / 242640 rows processed.
2026-10-08 07:34:08,573 INFO: Progress: 213000 / 242640 rows processed.
2026-10-08 07:36:26,036 INFO: Progress: 213500 / 242640 rows processed.
2026-10-08 07:38:53,482 INFO: Progress: 214000 / 242640 rows processed.
2026-10-08 07:41:28,867 INFO: Progress: 214500 / 242640 rows processed.
2026-10-08 07:43:54,715 INFO: Progress: 215000 / 242640 rows processed.
2026-10-08 07:46:24,785 INFO: Progress: 215500 / 242640 rows processed.
2026-10-08 07:48:52,630 INFO: Progress: 216000 / 242640 rows processed.
2026-10-08 07:51:23,589 INFO: Progress: 216500 / 242640 rows processed.
2026-10-08 07:53:53,528 INFO: Progress: 217000 / 242640 rows processed.
2026-10-08 07:56:18,456 INFO: Progress: 217500 / 242640 rows processed.
2026-10-08 07:58:40,349 INFO: Progress: 218000 / 242640 rows processed.
2026-10-08 08:01:12,386 INFO: Progress: 218500 / 242640 rows processed.
2026-10-08 08:03:39,063 INFO: Progress: 219000 / 242640 rows processed.
2026-10-08 08:06:09,833 INFO: Progress: 219500 / 242640 rows processed.
2026-10-08 08:08:28,554 INFO: Progress: 220000 / 242640 rows processed.
2026-10-08 08:10:53,593 INFO: Progress: 220500 / 242640 rows processed.
2026-10-08 08:13:16,107 INFO: Progress: 221000 / 242640 rows processed.
2026-10-08 08:15:46,652 INFO: Progress: 221500 / 242640 rows processed.
2026-10-08 08:18:02,990 INFO: Progress: 222000 / 242640 rows processed.
2026-10-08 08:20:16,273 INFO: Progress: 222500 / 242640 rows processed.
2026-10-08 08:23:03,262 INFO: Progress: 223000 / 242640 rows processed.
2026-10-08 08:25:26,882 INFO: Progress: 223500 / 242640 rows processed.
2026-10-08 08:28:06,040 INFO: Progress: 224000 / 242640 rows processed.
2026-10-08 08:30:41,030 INFO: Progress: 224500 / 242640 rows processed.
2026-10-08 08:33:09,152 INFO: Progress: 225000 / 242640 rows processed.
2026-10-08 08:35:33,014 INFO: Progress: 225500 / 242640 rows processed.
2026-10-08 08:37:53,070 INFO: Progress: 226000 / 242640 rows processed.
2026-10-08 08:40:06,986 INFO: Progress: 226500 / 242640 rows processed.
2026-10-08 08:42:38,042 INFO: Progress: 227000 / 242640 rows processed.
2026-10-08 08:45:01,205 INFO: Progress: 227500 / 242640 rows processed.
2026-10-08 08:47:24,684 INFO: Progress: 228000 / 242640 rows processed.
2026-10-08 08:49:40,336 INFO: Progress: 228500 / 242640 rows processed.
2026-10-08 08:51:56,775 INFO: Progress: 229000 / 242640 rows processed.
2026-10-08 08:54:29,583 INFO: Progress: 229500 / 242640 rows processed.
2026-10-08 08:57:00,334 INFO: Progress: 230000 / 242640 rows processed.
2026-10-08 08:59:25,093 INFO: Progress: 230500 / 242640 rows processed.
2026-10-08 09:01:54,382 INFO: Progress: 231000 / 242640 rows processed.
2026-10-08 09:04:17,555 INFO: Progress: 231500 / 242640 rows processed.
2026-10-08 09:06:40,353 INFO: Progress: 232000 / 242640 rows processed.
2026-10-08 09:08:58,025 INFO: Progress: 232500 / 242640 rows processed.
2026-10-08 09:11:17,321 INFO: Progress: 233000 / 242640 rows processed.
2026-10-08 09:13:35,178 INFO: Progress: 233500 / 242640 rows processed.
2026-10-08 09:16:02,823 INFO: Progress: 234000 / 242640 rows processed.
2026-10-08 09:18:35,107 INFO: Progress: 234500 / 242640 rows processed.
2026-10-08 09:20:56,614 INFO: Progress: 235000 / 242640 rows processed.
2026-10-08 09:23:20,674 INFO: Progress: 235500 / 242640 rows processed.
2026-10-08 09:25:40,724 INFO: Progress: 236000 / 242640 rows processed.
2026-10-08 09:27:53,365 INFO: Progress: 236500 / 242640 rows processed.
2026-10-08 09:30:19,921 INFO: Progress: 237000 / 242640 rows processed.
2026-10-08 09:32:39,597 INFO: Progress: 237500 / 242640 rows processed.
2026-10-08 09:35:09,973 INFO: Progress: 238000 / 242640 rows processed.
2026-10-08 09:37:30,971 INFO: Progress: 238500 / 242640 rows processed.
2026-10-08 09:39:45,066 INFO: Progress: 239000 / 242640 rows processed.
2026-10-08 09:42:15,308 INFO: Progress: 239500 / 242640 rows processed.
2026-10-08 09:44:43,917 INFO: Progress: 240000 / 242640 rows processed.
2026-10-08 09:47:13,674 INFO: Progress: 240500 / 242640 rows processed.
2026-10-08 09:49:27,611 INFO: Progress: 241000 / 242640 rows processed.
2026-10-08 09:52:02,841 INFO: Progress: 241500 / 242640 rows processed.
2026-10-08 09:54:26,569 INFO: Progress: 242000 / 242640 rows processed.
2026-10-08 09:56:39,088 INFO: Progress: 242500 / 242640 rows processed.
2026-10-08 09:57:28,147 INFO: Saved labeled.csv (242640 rows).
2026-10-08 09:57:30,820 INFO: Audit sample: 656 rows.
2026-10-08 09:57:30,820 INFO: Job phase1_deepseek_r1_distill_qwen_32b complete in 74914s.
